
:::---::: PyORBIT v10.11.2 :::---:::

Python version in use:
3.10.18 (main, Jun  5 2025, 13:14:17) [GCC 11.2.0]

reloaded_optimize:  False
reloaded_pyde:  False
reloaded_emcee:  False

number of multiprocessing threads: 64
multiprocessing method (should be fork):  fork

parameters/safe_reload flag (must be True for tinygp):  False

Opening:  RVdata
Opening:  BISdata
Opening:  FWHMdata
Adding common model of planet:  b
Adding common model of planet:  c
Adding common model of planet:  d
Using orbital model:  keplerian
Using orbital parametrization:  Eastman2013

Using orbital model:  keplerian
Using orbital parametrization:  Eastman2013

Using orbital model:  keplerian
Using orbital parametrization:  Eastman2013

gp_multidimensional  S+LEAF model, number of harmonics: 4

GP model: gp_multidimensional  hyperparameters_condition:    True
GP model: gp_multidimensional  rotation_decay_condition:     True

====================================================================================================
     Ids, spaces (s), boundaries (b) and priors (p) of the sampler parameters     
====================================================================================================

----- dataset:  RVdata
jitter_0      id:  18  s:Linear      b:[      0.0010,      86.8606]   p:Uniform   []
jitter_1      id:  19  s:Linear      b:[      0.0010,      86.8606]   p:Uniform   []
offset_0      id:  20  s:Linear      b:[ -20483.8688,    -460.9658]   p:Uniform   []
offset_1      id:  21  s:Linear      b:[ -20483.8688,    -460.9658]   p:Uniform   []
offset_2      id:  22  s:Linear      b:[ -20483.8688,    -460.9658]   p:Uniform   []

----- dataset: RVdata                    ----- model: gp_multidimensional           
rot_amp       id:  23  s:Linear      b:[      0.0000,      20.0000]   p:Uniform   []
con_amp       id:  24  s:Linear      b:[    -20.0000,      20.0000]   p:Uniform   []

----- dataset:  BISdata
jitter_0      id:  25  s:Linear      b:[      0.0019,     173.7212]   p:Uniform   []
jitter_1      id:  26  s:Linear      b:[      0.0019,     173.7212]   p:Uniform   []
offset_0      id:  27  s:Linear      b:[ -10061.1875,    9988.7962]   p:Uniform   []
offset_1      id:  28  s:Linear      b:[ -10061.1875,    9988.7962]   p:Uniform   []
offset_2      id:  29  s:Linear      b:[ -10061.1875,    9988.7962]   p:Uniform   []

----- dataset: BISdata                   ----- model: gp_multidimensional           
rot_amp       id:  30  s:Linear      b:[    -20.0000,      20.0000]   p:Uniform   []
con_amp       id:  31  s:Linear      b:[    -20.0000,      20.0000]   p:Uniform   []

----- dataset:  FWHMdata
jitter_0      id:  32  s:Linear      b:[      0.0019,     173.7212]   p:Uniform   []
jitter_1      id:  33  s:Linear      b:[      0.0019,     173.7212]   p:Uniform   []
offset_0      id:  34  s:Linear      b:[  -3377.7949,   16769.8504]   p:Uniform   []
offset_1      id:  35  s:Linear      b:[  -3377.7949,   16769.8504]   p:Uniform   []
offset_2      id:  36  s:Linear      b:[  -3377.7949,   16769.8504]   p:Uniform   []

----- dataset: FWHMdata                  ----- model: gp_multidimensional           
con_amp       id:  37  s:Linear      b:[    -50.0000,      50.0000]   p:Uniform   []
rot_amp       derived (no id, space, bound)                           p:None   []

----- common model:  b
P             id:   0  s:Log_Base2   b:[      3.3219,       4.9069]   p:Uniform   []
K             id:   1  s:Log_Base2   b:[     -3.3219,       2.3219]   p:Uniform   []
sre_coso      id:   2  s:Linear      b:[     -1.0000,       1.0000]   p:Uniform   []
sre_sino      id:   3  s:Linear      b:[     -1.0000,       1.0000]   p:Uniform   []
mean_long     id:   4  s:Linear      b:[      0.0000,     360.0000]   p:Uniform   []
e             derived (no id, space, bound)                           p:Uniform   [0.  0.4]
omega         derived (no id, space, bound)                           p:Uniform   [0.0, 360.0]

----- common model:  c
P             id:   5  s:Log_Base2   b:[      4.9069,       5.4919]   p:Uniform   []
K             id:   6  s:Log_Base2   b:[     -3.3219,       2.3219]   p:Uniform   []
sre_coso      id:   7  s:Linear      b:[     -1.0000,       1.0000]   p:Uniform   []
sre_sino      id:   8  s:Linear      b:[     -1.0000,       1.0000]   p:Uniform   []
mean_long     id:   9  s:Linear      b:[      0.0000,     360.0000]   p:Uniform   []
e             derived (no id, space, bound)                           p:Uniform   [0.1 0.5]
omega         derived (no id, space, bound)                           p:Uniform   [0.0, 360.0]

----- common model:  d
P             id:  10  s:Log_Base2   b:[      1.0000,      12.2877]   p:Uniform   []
K             id:  11  s:Log_Base2   b:[     -3.3219,       2.3219]   p:Uniform   []
sre_coso      id:  12  s:Linear      b:[     -1.0000,       1.0000]   p:Uniform   []
sre_sino      id:  13  s:Linear      b:[     -1.0000,       1.0000]   p:Uniform   []
mean_long     id:  14  s:Linear      b:[      0.0000,     360.0000]   p:Uniform   []
e             derived (no id, space, bound)                           p:Uniform   [0.  0.7]
omega         derived (no id, space, bound)                           p:Uniform   [0.0, 360.0]

----- common model:  activity
Prot          id:  15  s:Linear      b:[     15.0000,      50.0000]   p:Gaussian   [20.  1.]
Pdec          id:  16  s:Linear      b:[     30.0000,    1000.0000]   p:Uniform   []
Oamp          id:  17  s:Log_Base2   b:[     -6.6439,       0.0000]   p:Gaussian   [0.35  0.035]

----- common model:  star_parameters
mass          derived (no id, space, bound)                           p:Gaussian   [0.83 0.01]

----- common model:  polynomial_trend

Include priors:  True

Reference Time Tref:  2452937.54737118

Dimensions =  38
Nwalkers =  152

Using threading pool for PyDE: True
PyDE running
Boundaries redefined after PyDE output
PyDE completed, it took        190.8 seconds

====================================================================================================
     Starting point of the sample/optimization routines    
====================================================================================================

----- dataset:  RVdata
jitter_0        18      0.825193 [    0.0010,    86.8606]
jitter_1        19      1.292355 [    0.0010,    86.8606]
offset_0        20  -10468.009576 [-20483.8688,  -460.9658]
offset_1        21  -10476.171279 [-20483.8688,  -460.9658]
offset_2        22  -10462.700326 [-20483.8688,  -460.9658]

----- dataset: RVdata                    ----- model: gp_multidimensional           
rot_amp         23      0.000223 [    0.0000,    20.0000]
con_amp         24      2.114237 [  -20.0000,    20.0000]

----- dataset:  BISdata
jitter_0        25      0.008818 [    0.0019,   173.7212]
jitter_1        26      1.229530 [    0.0019,   173.7212]
offset_0        27    -59.322072 [-10061.1875,  9988.7962]
offset_1        28    -24.654916 [-10061.1875,  9988.7962]
offset_2        29    -12.457647 [-10061.1875,  9988.7962]

----- dataset: BISdata                   ----- model: gp_multidimensional           
rot_amp         30     -3.512674 [  -20.0000,    20.0000]
con_amp         31      0.753801 [  -20.0000,    20.0000]

----- dataset:  FWHMdata
jitter_0        32      2.011449 [    0.0019,   173.7212]
jitter_1        33      1.899977 [    0.0019,   173.7212]
offset_0        34   6629.270537 [-3377.7949, 16769.8504]
offset_1        35   6749.112537 [-3377.7949, 16769.8504]
offset_2        36   6767.521060 [-3377.7949, 16769.8504]

----- dataset: FWHMdata                  ----- model: gp_multidimensional           
con_amp         37      4.416952 [  -50.0000,    50.0000]

----- common model:  b
P                0      3.837606 [    3.3219,     4.9069]
K                1      0.954783 [   -3.3219,     2.3219]
sre_coso         2     -0.425421 [   -1.0000,     1.0000]
sre_sino         3     -0.363599 [   -1.0000,     1.0000]
mean_long        4    232.657922 [   52.6579,   412.6579]

----- common model:  c
P                5      5.073782 [    4.9069,     5.4919]
K                6      1.067303 [   -3.3219,     2.3219]
sre_coso         7     -0.473826 [   -1.0000,     1.0000]
sre_sino         8     -0.222186 [   -1.0000,     1.0000]
mean_long        9    161.492746 [  -18.5073,   341.4927]

----- common model:  d
P               10      8.614557 [    1.0000,    12.2877]
K               11      0.719434 [   -3.3219,     2.3219]
sre_coso        12      0.786467 [   -1.0000,     1.0000]
sre_sino        13      0.285296 [   -1.0000,     1.0000]
mean_long       14    194.980747 [   14.9807,   374.9807]

----- common model:  activity
Prot            15     20.949215 [   15.0000,    50.0000]
Pdec            16     41.899581 [   30.0000,  1000.0000]
Oamp            17     -1.133506 [   -6.6439,     0.0000]

----- common model:  star_parameters

----- common model:  polynomial_trend

====================================================================================================
     Starting point projected onto the model parameter space     
====================================================================================================

----- dataset:  RVdata
jitter_0              0.825193 
jitter_1              1.292355 
offset_0         -10468.009576 
offset_1         -10476.171279 
offset_2         -10462.700326 


----- dataset: RVdata                    ----- model: gp_multidimensional           
rot_amp               0.000223 
con_amp               2.114237 

----- dataset:  BISdata
jitter_0              0.008818 
jitter_1              1.229530 
offset_0            -59.322072 
offset_1            -24.654916 
offset_2            -12.457647 


----- dataset: BISdata                   ----- model: gp_multidimensional           
rot_amp              -3.512674 
con_amp               0.753801 

----- dataset:  FWHMdata
jitter_0              2.011449 
jitter_1              1.899977 
offset_0           6629.270537 
offset_1           6749.112537 
offset_2           6767.521060 


----- dataset: FWHMdata                  ----- model: gp_multidimensional           
rot_amp                   0.00 
con_amp               4.416952 

----- common model:  b
P                    14.296656 
K                     1.938288 
mean_long           232.657922 
e                     0.313187 
omega              -139.480143 

----- common model:  c
P                    33.679113 
K                     2.095513 
mean_long           161.492746 
e                     0.273878 
omega              -154.877216 

----- common model:  d
P                   391.958549 
K                     1.646536 
mean_long           194.980747 
e                     0.699924 
omega                19.938570 

----- common model:  activity
Prot                 20.949215 
Pdec                 41.899581 
Oamp                  0.455807 

----- common model:  star_parameters

----- common model:  polynomial_trend

====================================================================================================
     Derived parameters obtained from starting point     
====================================================================================================

----- common model:  b
Inclination fixed to 90 deg!
M_Mj                  0.019503 
M_Me                  6.199779 
Tc              2452947.441207 
a_AU_(M)              0.108596 

----- common model:  c
Inclination fixed to 90 deg!
M_Mj                  0.028505 
M_Me                  9.061638 
Tc              2452967.416528 
a_AU_(M)              0.192581 

----- common model:  d
Inclination fixed to 90 deg!
M_Mj                  0.037511 
M_Me                 11.924545 
Tc              2453150.993832 
a_AU_(M)              0.986620 


====================================================================================================
     Statistics on the log-likelihood     
====================================================================================================

 LN probability: -1812.081090 

====================================================================================================
     ------------------------------------------------------------------------------------------     
====================================================================================================



*************************************************************

Running emcee

emcee version:  3.1.6
Using threading pool for emcee: True


Computing the autocorrelation time of the chains

***** WARNING ******
The integrated autocorrelation time cannot be reliably estimated
likely the chains are too short, and ACF analysis is not fully reliable
emcee.autocorr.integrated_time tolerance lowered to 20
If you still get a warning, you should drop these results entirely
Chains too short to apply convergence criteria
They should be at least 6700*nthin = 134000

====================================================================================================
     Statistics on the posterior of the sampler parameters     
====================================================================================================

----- dataset:  RVdata
jitter_0        18         0.849       -0.096         0.12   (15-84 p)   [    0.0010,    86.8606]
jitter_1        19          1.42        -0.11         0.11   (15-84 p)   [    0.0010,    86.8606]
offset_0        20     -10467.90         -1.0         0.98   (15-84 p)   [-20483.8688,  -460.9658]
offset_1        21     -10476.10        -0.46         0.46   (15-84 p)   [-20483.8688,  -460.9658]
offset_2        22      -10462.7         -1.2          1.2   (15-84 p)   [-20483.8688,  -460.9658]

----- dataset: RVdata                    ----- model: gp_multidimensional           
rot_amp         23          0.25        -0.18         0.36   (15-84 p)   [    0.0000,    20.0000]
con_amp         24          2.15        -0.21         0.24   (15-84 p)   [  -20.0000,    20.0000]

----- dataset:  BISdata
jitter_0        25         0.077       -0.052        0.065   (15-84 p)   [    0.0019,   173.7212]
jitter_1        26          1.26        -0.11         0.12   (15-84 p)   [    0.0019,   173.7212]
offset_0        27        -59.34        -0.38         0.38   (15-84 p)   [-10061.1875,  9988.7962]
offset_1        28        -24.64        -0.21         0.22   (15-84 p)   [-10061.1875,  9988.7962]
offset_2        29        -12.48        -0.81         0.84   (15-84 p)   [-10061.1875,  9988.7962]

----- dataset: BISdata                   ----- model: gp_multidimensional           
rot_amp         30         -3.80        -0.51         0.46   (15-84 p)   [  -20.0000,    20.0000]
con_amp         31          0.82        -0.11         0.12   (15-84 p)   [  -20.0000,    20.0000]

----- dataset:  FWHMdata
jitter_0        32          2.08        -0.22         0.27   (15-84 p)   [    0.0019,   173.7212]
jitter_1        33          1.82        -0.20         0.23   (15-84 p)   [    0.0019,   173.7212]
offset_0        34        6629.0         -2.2          2.2   (15-84 p)   [-3377.7949, 16769.8504]
offset_1        35       6749.26        -0.98         1.00   (15-84 p)   [-3377.7949, 16769.8504]
offset_2        36        6767.4         -2.5          2.5   (15-84 p)   [-3377.7949, 16769.8504]

----- dataset: FWHMdata                  ----- model: gp_multidimensional           
con_amp         37          4.81        -0.43         0.46   (15-84 p)   [  -50.0000,    50.0000]

----- common model:  b
P                0       3.83738     -0.00018      0.00015   (15-84 p)   [    3.3219,     4.9069]
K                1          0.88        -0.11         0.11   (15-84 p)   [   -3.3219,     2.3219]
sre_coso         2         -0.28        -0.12         0.15   (15-84 p)   [   -1.0000,     1.0000]
sre_sino         3        -0.365       -0.096         0.14   (15-84 p)   [   -1.0000,     1.0000]
mean_long        4           220          -13           11   (15-84 p)   [   52.6579,   412.6579]

----- common model:  c
P                5       5.07360     -0.00028      0.00028   (15-84 p)   [    4.9069,     5.4919]
K                6          1.03        -0.11         0.11   (15-84 p)   [   -3.3219,     2.3219]
sre_coso         7        -0.436       -0.078        0.095   (15-84 p)   [   -1.0000,     1.0000]
sre_sino         8         -0.17        -0.13         0.14   (15-84 p)   [   -1.0000,     1.0000]
mean_long        9         154.3         -9.9          9.9   (15-84 p)   [  -18.5073,   341.4927]

----- common model:  d
P               10        8.6202      -0.0092        0.014   (15-84 p)   [    1.0000,    12.2877]
K               11          0.21        -0.33         0.35   (15-84 p)   [   -3.3219,     2.3219]
sre_coso        12          0.35        -0.40         0.29   (15-84 p)   [   -1.0000,     1.0000]
sre_sino        13          0.32        -0.34         0.27   (15-84 p)   [   -1.0000,     1.0000]
mean_long       14           210          -31           36   (15-84 p)   [   14.9807,   374.9807]

----- common model:  activity
Prot            15         21.03        -0.46         0.49   (15-84 p)   [   15.0000,    50.0000]
Pdec            16          43.1         -1.2          1.7   (15-84 p)   [   30.0000,  1000.0000]
Oamp            17        -1.121       -0.091        0.087   (15-84 p)   [   -6.6439,     0.0000]

----- common model:  star_parameters

----- common model:  polynomial_trend

====================================================================================================
     Statistics on the model parameters obtained from the posteriors samples     
====================================================================================================

----- dataset:  RVdata
jitter_0                 0.849       -0.096         0.12    (15-84 p)
jitter_1                  1.42        -0.11         0.11    (15-84 p)
offset_0             -10467.90         -1.0         0.98    (15-84 p)
offset_1             -10476.10        -0.46         0.46    (15-84 p)
offset_2              -10462.7         -1.2          1.2    (15-84 p)


----- dataset: RVdata                    ----- model: gp_multidimensional           
rot_amp                   0.25        -0.18         0.36    (15-84 p)
con_amp                   2.15        -0.21         0.24    (15-84 p)

----- dataset:  BISdata
jitter_0                 0.077       -0.052        0.065    (15-84 p)
jitter_1                  1.26        -0.11         0.12    (15-84 p)
offset_0                -59.34        -0.38         0.38    (15-84 p)
offset_1                -24.64        -0.21         0.22    (15-84 p)
offset_2                -12.48        -0.81         0.84    (15-84 p)


----- dataset: BISdata                   ----- model: gp_multidimensional           
rot_amp                  -3.80        -0.51         0.46    (15-84 p)
con_amp                   0.82        -0.11         0.12    (15-84 p)

----- dataset:  FWHMdata
jitter_0                  2.08        -0.22         0.27    (15-84 p)
jitter_1                  1.82        -0.20         0.23    (15-84 p)
offset_0                6629.0         -2.2          2.2    (15-84 p)
offset_1               6749.26        -0.98         1.00    (15-84 p)
offset_2                6767.4         -2.5          2.5    (15-84 p)


----- dataset: FWHMdata                  ----- model: gp_multidimensional           
rot_amp                   0.00                              [fixed]
con_amp                   4.81        -0.43         0.46    (15-84 p)

----- common model:  b
P                      14.2944      -0.0018       0.0015    (15-84 p)
K                         1.84        -0.14         0.14    (15-84 p)
mean_long                  220          -13           11    (15-84 p)
e                        0.234        -0.10        0.082    (15-84 p)
omega                     -127          -18           20    (15-84 p)

----- common model:  c
P                      33.6748      -0.0065       0.0064    (15-84 p)
K                         2.04        -0.15         0.16    (15-84 p)
mean_long                154.3         -9.9          9.9    (15-84 p)
e                        0.235       -0.066        0.064    (15-84 p)
omega                     -154          -15           25    (15-84 p)

----- common model:  d
P                        393.5         -2.5          4.0    (15-84 p)
K                         1.15        -0.24         0.31    (15-84 p)
mean_long                  210          -31           36    (15-84 p)
e                         0.38        -0.24         0.20    (15-84 p)
omega                       37          -39           50    (15-84 p)

----- common model:  activity
Prot                     21.03        -0.46         0.49    (15-84 p)
Pdec                      43.1         -1.2          1.7    (15-84 p)
Oamp                     0.460       -0.028        0.029    (15-84 p)

----- common model:  star_parameters

----- common model:  polynomial_trend

====================================================================================================
     Statistics on the derived parameters obtained from the posteriors samples     
====================================================================================================

----- common model:  b
Inclination fixed to 90 deg!
Computing planetary mass under the approximation M_planet << M_star (threshold at 30.0 Me)
M_Mj                    0.0189      -0.0014       0.0014    (15-84 p)
M_Me                      6.00        -0.44         0.44    (15-84 p)
Tc                  2452947.42        -0.52         0.50    (15-84 p)
a_AU_(M)               0.10833     -0.00044      0.00043    (15-84 p)

----- common model:  c
Inclination fixed to 90 deg!
Computing planetary mass under the approximation M_planet << M_star (threshold at 30.0 Me)
M_Mj                    0.0277      -0.0021       0.0021    (15-84 p)
M_Me                      8.81        -0.66         0.68    (15-84 p)
Tc                   2452967.6         -1.1          1.2    (15-84 p)
a_AU_(M)               0.19179     -0.00078      0.00077    (15-84 p)

----- common model:  d
Inclination fixed to 90 deg!
Computing planetary mass under the approximation M_planet << M_star (threshold at 30.0 Me)
M_Mj                    0.0336      -0.0059       0.0065    (15-84 p)
M_Me                      10.7         -1.9          2.1    (15-84 p)
Tc                     2453172          -34           46    (15-84 p)
a_AU_(M)                0.9881      -0.0062       0.0075    (15-84 p)


====================================================================================================
     ------------------------------------------------------------------------------------------     
====================================================================================================



emcee completed

