
:::---::: PyORBIT v10.11.2 :::---:::

Python version in use:
3.10.18 (main, Jun  5 2025, 13:14:17) [GCC 11.2.0]

reloaded_optimize:  False
reloaded_pyde:  False
reloaded_emcee:  False

number of multiprocessing threads: 16
multiprocessing method (should be fork):  fork

parameters/safe_reload flag (must be True for tinygp):  False

Opening:  RVdata
Adding common model of planet:  b
Adding common model of planet:  c
Adding common model of planet:  d
Using orbital model:  keplerian
Using orbital parametrization:  Eastman2013

Using orbital model:  keplerian
Using orbital parametrization:  Eastman2013

Using orbital model:  keplerian
Using orbital parametrization:  Eastman2013


====================================================================================================
     Ids, spaces (s), boundaries (b) and priors (p) of the sampler parameters     
====================================================================================================

----- dataset:  RVdata
jitter_0      id:  15  s:Linear      b:[      0.0009,      13.3000]   p:Uniform   []
offset_0      id:  16  s:Linear      b:[  -9995.9140,   10015.5990]   p:Uniform   []
offset_1      id:  17  s:Linear      b:[  -9995.9140,   10015.5990]   p:Uniform   []
offset_2      id:  18  s:Linear      b:[  -9995.9140,   10015.5990]   p:Uniform   []
offset_3      id:  19  s:Linear      b:[  -9995.9140,   10015.5990]   p:Uniform   []

----- common model:  b
P             id:   0  s:Log_Base2   b:[      0.3785,       6.6439]   p:Uniform   []
K             id:   1  s:Log_Base2   b:[     -9.9658,       3.3219]   p:Uniform   []
sre_coso      id:   2  s:Linear      b:[     -1.0000,       1.0000]   p:Uniform   []
sre_sino      id:   3  s:Linear      b:[     -1.0000,       1.0000]   p:Uniform   []
mean_long     id:   4  s:Linear      b:[      0.0000,     360.0000]   p:Uniform   []
e             derived (no id, space, bound)                           p:Gaussian   [0.    0.098]
omega         derived (no id, space, bound)                           p:Uniform   [0.0, 360.0]

----- common model:  c
P             id:   5  s:Log_Base2   b:[      0.3785,       6.6439]   p:Uniform   []
K             id:   6  s:Log_Base2   b:[     -9.9658,       3.3219]   p:Uniform   []
sre_coso      id:   7  s:Linear      b:[     -1.0000,       1.0000]   p:Uniform   []
sre_sino      id:   8  s:Linear      b:[     -1.0000,       1.0000]   p:Uniform   []
mean_long     id:   9  s:Linear      b:[      0.0000,     360.0000]   p:Uniform   []
e             derived (no id, space, bound)                           p:Gaussian   [0.    0.098]
omega         derived (no id, space, bound)                           p:Uniform   [0.0, 360.0]

----- common model:  d
P             id:  10  s:Log_Base2   b:[      0.3785,       6.6439]   p:Uniform   []
K             id:  11  s:Log_Base2   b:[     -9.9658,       3.3219]   p:Uniform   []
sre_coso      id:  12  s:Linear      b:[     -1.0000,       1.0000]   p:Uniform   []
sre_sino      id:  13  s:Linear      b:[     -1.0000,       1.0000]   p:Uniform   []
mean_long     id:  14  s:Linear      b:[      0.0000,     360.0000]   p:Uniform   []
e             derived (no id, space, bound)                           p:Gaussian   [0.    0.098]
omega         derived (no id, space, bound)                           p:Uniform   [0.0, 360.0]

----- common model:  star_parameters
mass          derived (no id, space, bound)                           p:Gaussian   [1.e+00 1.e-06]
radius        derived (no id, space, bound)                           p:Gaussian   [1.e+00 1.e-06]
density       derived (no id, space, bound)                           p:Gaussian   [1.e+00 1.e-06]

Include priors:  True

Reference Time Tref:  59334.700184

Dimensions =  20
Nwalkers =  80

Using threading pool for PyDE: True
PyDE running
Boundaries redefined after PyDE output
PyDE completed, it took          8.0 seconds

====================================================================================================
     Starting point of the sample/optimization routines    
====================================================================================================

----- dataset:  RVdata
jitter_0        15      1.370551 [    0.0009,    13.3000]
offset_0        16      8.195207 [-9995.9140, 10015.5990]
offset_1        17     10.398600 [-9995.9140, 10015.5990]
offset_2        18      9.759459 [-9995.9140, 10015.5990]
offset_3        19      9.255558 [-9995.9140, 10015.5990]

----- common model:  b
P                0      1.543457 [    0.3785,     6.6439]
K                1      1.256656 [   -9.9658,     3.3219]
sre_coso         2     -0.291709 [   -1.0000,     1.0000]
sre_sino         3     -0.031619 [   -1.0000,     1.0000]
mean_long        4    199.148953 [   19.1490,   379.1490]

----- common model:  c
P                5      3.765352 [    0.3785,     6.6439]
K                6     -0.188584 [   -9.9658,     3.3219]
sre_coso         7     -0.109094 [   -1.0000,     1.0000]
sre_sino         8     -0.154060 [   -1.0000,     1.0000]
mean_long        9    220.743129 [   40.7431,   400.7431]

----- common model:  d
P               10      6.387452 [    0.3785,     6.6439]
K               11      0.007725 [   -9.9658,     3.3219]
sre_coso        12     -0.011119 [   -1.0000,     1.0000]
sre_sino        13      0.452364 [   -1.0000,     1.0000]
mean_long       14    306.668820 [  126.6688,   486.6688]

----- common model:  star_parameters

====================================================================================================
     Starting point projected onto the model parameter space     
====================================================================================================

----- dataset:  RVdata
jitter_0              1.370551 
offset_0              8.195207 
offset_1             10.398600 
offset_2              9.759459 
offset_3              9.255558 


----- common model:  b
P                     2.914922 
K                     2.389413 
mean_long           199.148953 
e                     0.086094 
omega              -173.813737 

----- common model:  c
P                    13.598276 
K                     0.877466 
mean_long           220.743129 
e                     0.035636 
omega              -125.303327 

----- common model:  d
P                    83.717180 
K                     1.005369 
mean_long           306.668820 
e                     0.204757 
omega                91.408082 

----- common model:  star_parameters

====================================================================================================
     Derived parameters obtained from starting point     
====================================================================================================

----- common model:  b
Inclination fixed to 90 deg!
a_Rs                  8.583565 
M_Mj                  0.016728 
M_Me                  5.317874 
Tc                59336.811201 
a_AU_(M)              0.039935 
a_AU_(rho,R)          0.039935 

----- common model:  c
Inclination fixed to 90 deg!
a_Rs                 23.964707 
M_Mj                  0.010296 
M_Me                  3.273161 
Tc                59343.451019 
a_AU_(M)              0.111496 
a_AU_(rho,R)          0.111495 

----- common model:  d
Inclination fixed to 90 deg!
a_Rs                 80.499214 
M_Mj                  0.021177 
M_Me                  6.732115 
Tc                59368.147399 
a_AU_(M)              0.374525 
a_AU_(rho,R)          0.374521 


====================================================================================================
     Statistics on the log-likelihood     
====================================================================================================

 LN probability:  -595.226880 

====================================================================================================
     ------------------------------------------------------------------------------------------     
====================================================================================================



*************************************************************

Running emcee

emcee version:  3.1.6
Using threading pool for emcee: True


Computing the autocorrelation time of the chains

The chains are more than 50 times longer than the ACF, the estimate can be trusted

Reference thinning used in the analysis: 100
Maximum value of the integrated ACF: 4
Step length used in the analysis: 4*nthin = 400

Convergence criteria: less than 1% variation in ACF after 50 times the integrated ACF
At least 50*ACF after convergence, 100*ACF would be ideal
Negative values: not converged yet

   sampler parameter              |    ACF   | ACF*nthin | converged at | nsteps/ACF | to 100*ACF
                                  |          |           |              |            | 
   RVdata_jitter_0                |    3.93  |      393  |    21600     |      72    |   10869 
   RVdata_offset_0                |    4.23  |      423  |    23600     |      62    |   15859 
   RVdata_offset_1                |    4.15  |      415  |    22800     |      66    |   14268 
   RVdata_offset_2                |    4.19  |      419  |    22800     |      65    |   14688 
   RVdata_offset_3                |    4.25  |      425  |    23200     |      63    |   15743 
   b_P                            |    4.02  |      402  |    23600     |      66    |   13814 
   b_K                            |    4.06  |      406  |    22000     |      69    |   12617 
   b_sre_coso                     |    4.49  |      449  |    24800     |      56    |   19733 
   b_sre_sino                     |    4.43  |      443  |    25200     |      56    |   19531 
   b_mean_long                    |    4.13  |      413  |    22800     |      66    |   14051 
   c_P                            |    4.39  |      439  |    24400     |      58    |   18285 
   c_K                            |    4.11  |      411  |    22800     |      66    |   13946 
   c_sre_coso                     |    3.87  |      387  |    21600     |      73    |   10340 
   c_sre_sino                     |    3.99  |      399  |    23200     |      67    |   13143 
   c_mean_long                    |    4.39  |      439  |    24000     |      59    |   17907 
   d_P                            |    4.10  |      410  |    22400     |      67    |   13352 
   d_K                            |    4.35  |      435  |    23600     |      61    |   17092 
   d_sre_coso                     |    4.95  |      495  |    26400     |      48    |   25892 
   d_sre_sino                     |    4.98  |      498  |    27200     |      46    |   27001 
   d_mean_long                    |    4.16  |      416  |    22400     |      66    |   13970 

All the chains have converged, but PyORBIT should keep running for about:
1623 more steps to reach 50*ACF,
16105 more steps to reach 100*ACF
Suggested value for burnin: 23520

Check the documentation for the correct interpretation of these results:
https://pyorbit.readthedocs.io/running_pyorbit/terminal_output/#autocorrelation-analysis

====================================================================================================
     Statistics on the posterior of the sampler parameters     
====================================================================================================

----- dataset:  RVdata
jitter_0        15         1.423       -0.060        0.064   (15-84 p)   [    0.0009,    13.3000]
offset_0        16          8.24        -0.16         0.16   (15-84 p)   [-9995.9140, 10015.5990]
offset_1        17         10.42        -0.35         0.34   (15-84 p)   [-9995.9140, 10015.5990]
offset_2        18          9.80        -0.18         0.17   (15-84 p)   [-9995.9140, 10015.5990]
offset_3        19          9.28        -0.17         0.17   (15-84 p)   [-9995.9140, 10015.5990]

----- common model:  b
P                0        1.5435      -0.0013       0.0013   (15-84 p)   [    0.3785,     6.6439]
K                1         1.229       -0.087        0.081   (15-84 p)   [   -9.9658,     3.3219]
sre_coso         2         -0.21        -0.10         0.17   (15-84 p)   [   -1.0000,     1.0000]
sre_sino         3         -0.04        -0.14         0.15   (15-84 p)   [   -1.0000,     1.0000]
mean_long        4         199.2         -6.1          6.2   (15-84 p)   [   19.1490,   379.1490]

----- common model:  c
P                5         3.762       -0.026        0.026   (15-84 p)   [    0.3785,     6.6439]
K                6         -0.26        -0.26         0.23   (15-84 p)   [   -9.9658,     3.3219]
sre_coso         7         -0.01        -0.20         0.20   (15-84 p)   [   -1.0000,     1.0000]
sre_sino         8         -0.03        -0.20         0.20   (15-84 p)   [   -1.0000,     1.0000]
mean_long        9           220          -27           27   (15-84 p)   [   40.7431,   400.7431]

----- common model:  d
P               10          6.41        -0.13         0.13   (15-84 p)   [    0.3785,     6.6439]
K               11         -0.09        -0.26         0.23   (15-84 p)   [   -9.9658,     3.3219]
sre_coso        12         -0.02        -0.20         0.20   (15-84 p)   [   -1.0000,     1.0000]
sre_sino        13          0.33        -0.23         0.13   (15-84 p)   [   -1.0000,     1.0000]
mean_long       14           309          -20           20   (15-84 p)   [  126.6688,   486.6688]

----- common model:  star_parameters

====================================================================================================
     Statistics on the model parameters obtained from the posteriors samples     
====================================================================================================

----- dataset:  RVdata
jitter_0                 1.423       -0.060        0.064    (15-84 p)
offset_0                  8.24        -0.16         0.16    (15-84 p)
offset_1                 10.42        -0.35         0.34    (15-84 p)
offset_2                  9.80        -0.18         0.17    (15-84 p)
offset_3                  9.28        -0.17         0.17    (15-84 p)


----- common model:  b
P                       2.9150      -0.0026       0.0027    (15-84 p)
K                         2.34        -0.14         0.13    (15-84 p)
mean_long                199.2         -6.1          6.2    (15-84 p)
e                        0.069       -0.045        0.050    (15-84 p)
omega                     -114          -50          275    (15-84 p)

----- common model:  c
P                        13.57        -0.25         0.25    (15-84 p)
K                         0.83        -0.14         0.14    (15-84 p)
mean_long                  220          -27           27    (15-84 p)
e                        0.058       -0.040        0.064    (15-84 p)
omega                      -21         -108          142    (15-84 p)

----- common model:  d
P                         84.8         -7.6          8.3    (15-84 p)
K                         0.94        -0.16         0.16    (15-84 p)
mean_long                  309          -20           20    (15-84 p)
e                        0.146       -0.093        0.100    (15-84 p)
omega                       90          -52           34    (15-84 p)

----- common model:  star_parameters

====================================================================================================
     Statistics on the derived parameters obtained from the posteriors samples     
====================================================================================================

----- common model:  b
Inclination fixed to 90 deg!
Computing planetary mass under the approximation M_planet << M_star (threshold at 30.0 Me)
a_Rs                    8.5837      -0.0051       0.0053    (15-84 p)
M_Mj                   0.01641     -0.00096      0.00094    (15-84 p)
M_Me                      5.22        -0.30         0.30    (15-84 p)
Tc                   59336.783       -0.064        0.067    (15-84 p)
a_AU_(M)              0.039936    -0.000024     0.000024    (15-84 p)
a_AU_(rho,R)          0.039936    -0.000024     0.000024    (15-84 p)

----- common model:  c
Inclination fixed to 90 deg!
Computing planetary mass under the approximation M_planet << M_star (threshold at 30.0 Me)
a_Rs                     23.93        -0.29         0.29    (15-84 p)
M_Mj                    0.0097      -0.0016       0.0017    (15-84 p)
M_Me                      3.09        -0.52         0.53    (15-84 p)
Tc                    59343.39        -0.89         0.90    (15-84 p)
a_AU_(M)                0.1113      -0.0014       0.0014    (15-84 p)
a_AU_(rho,R)            0.1113      -0.0014       0.0014    (15-84 p)

----- common model:  d
Inclination fixed to 90 deg!
Computing planetary mass under the approximation M_planet << M_star (threshold at 30.0 Me)
a_Rs                      81.2         -4.9          5.2    (15-84 p)
M_Mj                    0.0200      -0.0034       0.0033    (15-84 p)
M_Me                       6.4         -1.1          1.1    (15-84 p)
Tc                     59367.9         -2.3          2.2    (15-84 p)
a_AU_(M)                 0.378       -0.023        0.024    (15-84 p)
a_AU_(rho,R)             0.378       -0.023        0.024    (15-84 p)


====================================================================================================
     ------------------------------------------------------------------------------------------     
====================================================================================================



emcee completed


:::---::: PyORBIT v10.11.2 :::---:::

Python version in use:
3.10.18 (main, Jun  5 2025, 13:14:17) [GCC 11.2.0]
LaTeX disabled by default

Using orbital model:  keplerian
Using orbital parametrization:  Eastman2013

Using orbital model:  keplerian
Using orbital parametrization:  Eastman2013

Using orbital model:  keplerian
Using orbital parametrization:  Eastman2013


### PyORBIT version used in the analysis:  10.11.2

 emcee version:  3.1.6

 Reference Time Tref: 59334.700184

 Data points:287
 Dimensions: 20
 Nwalkers:   80
 Steps:      50000


Number of samplings: 24000


Recomputing ln-prior, it may take a while...

ln-probability   distribution:   -605.07       -3.48      2.78 (15-84 p) 
ln-prior         distribution:    -95.94       -2.12      1.20 (15-84 p) 
ln-likelihood    distribution:   -508.84       -3.76      3.40 (15-84 p) 


*** Information criteria using the likelihood distribution

 BIC from distribution  (using likelihood)  =   1130.86     -6.80    7.52 (15-84 p)
 AIC from distribution  (using likelihood)  =   1057.67     -6.80    7.52 (15-84 p)
 AICc from distribution (using likelihood)  =   1060.83     -6.80    7.52 (15-84 p)


*** Information criteria using the median parameter set

 ln_probability of Median solution =   -596.63
 ln_priors of Median solution      =    -94.70
 ln_likelihood of Median solution  =   -501.93

 Median BIC  (using likelihood) =   1117.05
 Median AIC  (using likelihood) =   1043.86
 Median AICc (using likelihood) =   1047.02


*** Information criteria using the MAP parameter set

 ln_probability of MAP solution =   -597.51
 ln_priors of MAP solution      =    -96.13
 ln_likelihood of MAP solution  =   -501.37

 MAP BIC  (using likelihood)    =   1115.93
 MAP AIC  (using likelihood)    =   1042.74
 MAP AICc (using likelihood)    =   1045.90

 AICc suggested over AIC because NDATA ( 287 ) < 40 * NDIM ( 20 )

****************************************************************************************************


Computing the autocorrelation time of the chains

The chains are more than 50 times longer than the ACF, the estimate can be trusted

Reference thinning used in the analysis: 100
Maximum value of the integrated ACF: 4
Step length used in the analysis: 4*nthin = 400

Convergence criteria: less than 1% variation in ACF after 50 times the integrated ACF
At least 50*ACF after convergence, 100*ACF would be ideal
Negative values: not converged yet

   sampler parameter              |    ACF   | ACF*nthin | converged at | nsteps/ACF | to 100*ACF
                                  |          |           |              |            | 
   RVdata_jitter_0                |    3.93  |      393  |    21600     |      72    |   10869 
   RVdata_offset_0                |    4.23  |      423  |    23600     |      62    |   15859 
   RVdata_offset_1                |    4.15  |      415  |    22800     |      66    |   14268 
   RVdata_offset_2                |    4.19  |      419  |    22800     |      65    |   14688 
   RVdata_offset_3                |    4.25  |      425  |    23200     |      63    |   15743 
   b_P                            |    4.02  |      402  |    23600     |      66    |   13814 
   b_K                            |    4.06  |      406  |    22000     |      69    |   12617 
   b_sre_coso                     |    4.49  |      449  |    24800     |      56    |   19733 
   b_sre_sino                     |    4.43  |      443  |    25200     |      56    |   19531 
   b_mean_long                    |    4.13  |      413  |    22800     |      66    |   14051 
   c_P                            |    4.39  |      439  |    24400     |      58    |   18285 
   c_K                            |    4.11  |      411  |    22800     |      66    |   13946 
   c_sre_coso                     |    3.87  |      387  |    21600     |      73    |   10340 
   c_sre_sino                     |    3.99  |      399  |    23200     |      67    |   13143 
   c_mean_long                    |    4.39  |      439  |    24000     |      59    |   17907 
   d_P                            |    4.10  |      410  |    22400     |      67    |   13352 
   d_K                            |    4.35  |      435  |    23600     |      61    |   17092 
   d_sre_coso                     |    4.95  |      495  |    26400     |      48    |   25892 
   d_sre_sino                     |    4.98  |      498  |    27200     |      46    |   27001 
   d_mean_long                    |    4.16  |      416  |    22400     |      66    |   13970 

All the chains have converged, but PyORBIT should keep running for about:
1623 more steps to reach 50*ACF,
16105 more steps to reach 100*ACF
Suggested value for burnin: 23520

Check the documentation for the correct interpretation of these results:
https://pyorbit.readthedocs.io/running_pyorbit/terminal_output/#autocorrelation-analysis

 Plotting the ACF... 


====================================================================================================
     Ids, spaces (s), boundaries (b) and priors (p) of the sampler parameters     
====================================================================================================

----- dataset:  RVdata
jitter_0      id:  15  s:Linear      b:[      0.0009,      13.3000]   p:Uniform   []
offset_0      id:  16  s:Linear      b:[  -9995.9140,   10015.5990]   p:Uniform   []
offset_1      id:  17  s:Linear      b:[  -9995.9140,   10015.5990]   p:Uniform   []
offset_2      id:  18  s:Linear      b:[  -9995.9140,   10015.5990]   p:Uniform   []
offset_3      id:  19  s:Linear      b:[  -9995.9140,   10015.5990]   p:Uniform   []

----- common model:  b
P             id:   0  s:Log_Base2   b:[      0.3785,       6.6439]   p:Uniform   []
K             id:   1  s:Log_Base2   b:[     -9.9658,       3.3219]   p:Uniform   []
sre_coso      id:   2  s:Linear      b:[     -1.0000,       1.0000]   p:Uniform   []
sre_sino      id:   3  s:Linear      b:[     -1.0000,       1.0000]   p:Uniform   []
mean_long     id:   4  s:Linear      b:[     19.1490,     379.1490]   p:Uniform   []
e             derived (no id, space, bound)                           p:Gaussian   [0.    0.098]
omega         derived (no id, space, bound)                           p:Uniform   [0.0, 360.0]

----- common model:  c
P             id:   5  s:Log_Base2   b:[      0.3785,       6.6439]   p:Uniform   []
K             id:   6  s:Log_Base2   b:[     -9.9658,       3.3219]   p:Uniform   []
sre_coso      id:   7  s:Linear      b:[     -1.0000,       1.0000]   p:Uniform   []
sre_sino      id:   8  s:Linear      b:[     -1.0000,       1.0000]   p:Uniform   []
mean_long     id:   9  s:Linear      b:[     40.7431,     400.7431]   p:Uniform   []
e             derived (no id, space, bound)                           p:Gaussian   [0.    0.098]
omega         derived (no id, space, bound)                           p:Uniform   [0.0, 360.0]

----- common model:  d
P             id:  10  s:Log_Base2   b:[      0.3785,       6.6439]   p:Uniform   []
K             id:  11  s:Log_Base2   b:[     -9.9658,       3.3219]   p:Uniform   []
sre_coso      id:  12  s:Linear      b:[     -1.0000,       1.0000]   p:Uniform   []
sre_sino      id:  13  s:Linear      b:[     -1.0000,       1.0000]   p:Uniform   []
mean_long     id:  14  s:Linear      b:[    126.6688,     486.6688]   p:Uniform   []
e             derived (no id, space, bound)                           p:Gaussian   [0.    0.098]
omega         derived (no id, space, bound)                           p:Uniform   [0.0, 360.0]

----- common model:  star_parameters
mass          derived (no id, space, bound)                           p:Gaussian   [1.e+00 1.e-06]
radius        derived (no id, space, bound)                           p:Gaussian   [1.e+00 1.e-06]
density       derived (no id, space, bound)                           p:Gaussian   [1.e+00 1.e-06]


****************************************************************************************************
****************************************************************************************************

 Confidence intervals (median value, 34.135th percentile from the median on the left and right side)

====================================================================================================
     Statistics on the posterior of the sampler parameters     
====================================================================================================

----- dataset:  RVdata
jitter_0        15         1.423       -0.060        0.064   (15-84 p)   [    0.0009,    13.3000]
offset_0        16          8.24        -0.16         0.16   (15-84 p)   [-9995.9140, 10015.5990]
offset_1        17         10.42        -0.35         0.34   (15-84 p)   [-9995.9140, 10015.5990]
offset_2        18          9.80        -0.18         0.17   (15-84 p)   [-9995.9140, 10015.5990]
offset_3        19          9.28        -0.17         0.17   (15-84 p)   [-9995.9140, 10015.5990]

----- common model:  b
P                0        1.5435      -0.0013       0.0013   (15-84 p)   [    0.3785,     6.6439]
K                1         1.229       -0.087        0.081   (15-84 p)   [   -9.9658,     3.3219]
sre_coso         2         -0.21        -0.10         0.17   (15-84 p)   [   -1.0000,     1.0000]
sre_sino         3         -0.04        -0.14         0.15   (15-84 p)   [   -1.0000,     1.0000]
mean_long        4         199.2         -6.1          6.2   (15-84 p)   [   19.1490,   379.1490]

----- common model:  c
P                5         3.762       -0.026        0.026   (15-84 p)   [    0.3785,     6.6439]
K                6         -0.26        -0.26         0.23   (15-84 p)   [   -9.9658,     3.3219]
sre_coso         7         -0.01        -0.20         0.20   (15-84 p)   [   -1.0000,     1.0000]
sre_sino         8         -0.03        -0.20         0.20   (15-84 p)   [   -1.0000,     1.0000]
mean_long        9           220          -27           27   (15-84 p)   [   40.7431,   400.7431]

----- common model:  d
P               10          6.41        -0.13         0.13   (15-84 p)   [    0.3785,     6.6439]
K               11         -0.09        -0.26         0.23   (15-84 p)   [   -9.9658,     3.3219]
sre_coso        12         -0.02        -0.20         0.20   (15-84 p)   [   -1.0000,     1.0000]
sre_sino        13          0.33        -0.23         0.13   (15-84 p)   [   -1.0000,     1.0000]
mean_long       14           309          -20           20   (15-84 p)   [  126.6688,   486.6688]

----- common model:  star_parameters

====================================================================================================
     Statistics on the model parameters obtained from the posteriors samples     
====================================================================================================

----- dataset:  RVdata
jitter_0                 1.423       -0.060        0.064    (15-84 p)
offset_0                  8.24        -0.16         0.16    (15-84 p)
offset_1                 10.42        -0.35         0.34    (15-84 p)
offset_2                  9.80        -0.18         0.17    (15-84 p)
offset_3                  9.28        -0.17         0.17    (15-84 p)


----- common model:  b
P                       2.9150      -0.0026       0.0027    (15-84 p)
K                         2.34        -0.14         0.13    (15-84 p)
mean_long                199.2         -6.1          6.2    (15-84 p)
e                        0.069       -0.045        0.050    (15-84 p)
omega                     -168          -43           43    (15-84 p)

----- common model:  c
P                        13.57        -0.25         0.25    (15-84 p)
K                         0.83        -0.14         0.14    (15-84 p)
mean_long                  220          -27           27    (15-84 p)
e                        0.058       -0.040        0.064    (15-84 p)
omega                      112         -141          120    (15-84 p)

----- common model:  d
P                         84.8         -7.6          8.3    (15-84 p)
K                         0.94        -0.16         0.16    (15-84 p)
mean_long                  309          -20           20    (15-84 p)
e                        0.146       -0.093        0.100    (15-84 p)
omega                       94          -43           37    (15-84 p)

----- common model:  star_parameters

====================================================================================================
     Statistics on the derived parameters obtained from the posteriors samples     
====================================================================================================

----- common model:  b
Inclination fixed to 90 deg!
Computing planetary mass under the approximation M_planet << M_star (threshold at 30.0 Me)
a_Rs                    8.5837      -0.0051       0.0053    (15-84 p)
M_Mj                   0.01641     -0.00096      0.00094    (15-84 p)
M_Me                      5.22        -0.30         0.30    (15-84 p)
Tc                   59336.783       -0.064        0.067    (15-84 p)
a_AU_(M)              0.039936    -0.000024     0.000024    (15-84 p)
a_AU_(rho,R)          0.039936    -0.000024     0.000024    (15-84 p)

----- common model:  c
Inclination fixed to 90 deg!
Computing planetary mass under the approximation M_planet << M_star (threshold at 30.0 Me)
a_Rs                     23.93        -0.29         0.29    (15-84 p)
M_Mj                    0.0097      -0.0016       0.0017    (15-84 p)
M_Me                      3.09        -0.52         0.53    (15-84 p)
Tc                    59343.39        -0.89         0.90    (15-84 p)
a_AU_(M)                0.1113      -0.0014       0.0014    (15-84 p)
a_AU_(rho,R)            0.1113      -0.0014       0.0014    (15-84 p)

----- common model:  d
Inclination fixed to 90 deg!
Computing planetary mass under the approximation M_planet << M_star (threshold at 30.0 Me)
a_Rs                      81.2         -4.9          5.2    (15-84 p)
M_Mj                    0.0200      -0.0034       0.0033    (15-84 p)
M_Me                       6.4         -1.1          1.1    (15-84 p)
Tc                     59367.9         -2.3          2.2    (15-84 p)
a_AU_(M)                 0.378       -0.023        0.024    (15-84 p)
a_AU_(rho,R)             0.378       -0.023        0.024    (15-84 p)


====================================================================================================
     ------------------------------------------------------------------------------------------     
====================================================================================================



****************************************************************************************************

 Parameters corresponding to the Maximum a Posteriori probability ( -597.5053264594618 )

====================================================================================================
     Statistics on the posterior of the sampler parameters     
====================================================================================================

----- dataset:  RVdata
jitter_0        15      1.360394 [    0.0009,    13.3000]
offset_0        16      8.224494 [-9995.9140, 10015.5990]
offset_1        17     10.545375 [-9995.9140, 10015.5990]
offset_2        18      9.776642 [-9995.9140, 10015.5990]
offset_3        19      9.231301 [-9995.9140, 10015.5990]

----- common model:  b
P                0      1.543077 [    0.3785,     6.6439]
K                1      1.222583 [   -9.9658,     3.3219]
sre_coso         2     -0.289631 [   -1.0000,     1.0000]
sre_sino         3     -0.047702 [   -1.0000,     1.0000]
mean_long        4    195.029581 [   19.1490,   379.1490]

----- common model:  c
P                5      3.753786 [    0.3785,     6.6439]
K                6     -0.246839 [   -9.9658,     3.3219]
sre_coso         7     -0.031960 [   -1.0000,     1.0000]
sre_sino         8      0.203116 [   -1.0000,     1.0000]
mean_long        9    220.465492 [   40.7431,   400.7431]

----- common model:  d
P               10      6.440637 [    0.3785,     6.6439]
K               11     -0.011757 [   -9.9658,     3.3219]
sre_coso        12     -0.124180 [   -1.0000,     1.0000]
sre_sino        13      0.403991 [   -1.0000,     1.0000]
mean_long       14    323.297960 [  126.6688,   486.6688]

----- common model:  star_parameters

====================================================================================================
     Statistics on the model parameters obtained from the posteriors samples     
====================================================================================================

----- dataset:  RVdata
jitter_0              1.360394 
offset_0              8.224494 
offset_1             10.545375 
offset_2              9.776642 
offset_3              9.231301 


----- common model:  b
P                     2.914154 
K                     2.333642 
mean_long           195.029581 
e                     0.086162 
omega              -170.647433 

----- common model:  c
P                    13.489698 
K                     0.842741 
mean_long           220.465492 
e                     0.042278 
omega                98.941975 

----- common model:  d
P                    86.860997 
K                     0.991884 
mean_long           323.297960 
e                     0.178629 
omega               107.086516 

----- common model:  star_parameters

====================================================================================================
     Statistics on the derived parameters obtained from the posteriors samples     
====================================================================================================

----- common model:  b
Inclination fixed to 90 deg!
a_Rs                  8.582056 
M_Mj                  0.016336 
M_Me                  5.193267 
Tc                59336.843738 
a_AU_(M)              0.039928 
a_AU_(rho,R)          0.039928 

----- common model:  c
Inclination fixed to 90 deg!
a_Rs                 23.836991 
M_Mj                  0.009860 
M_Me                  3.134429 
Tc                59343.328517 
a_AU_(M)              0.110901 
a_AU_(rho,R)          0.110901 

----- common model:  d
Inclination fixed to 90 deg!
a_Rs                 82.502280 
M_Mj                  0.021262 
M_Me                  6.759002 
Tc                59366.554037 
a_AU_(M)              0.383843 
a_AU_(rho,R)          0.383840 


====================================================================================================
     ------------------------------------------------------------------------------------------     
====================================================================================================



****************************************************************************************************

 Parameters corresponding to the sample closest to the median values ( -600.9907008182097 )

====================================================================================================
     Statistics on the posterior of the sampler parameters     
====================================================================================================

----- dataset:  RVdata
jitter_0        15      1.386988 [    0.0009,    13.3000]
offset_0        16      8.250785 [-9995.9140, 10015.5990]
offset_1        17     10.638395 [-9995.9140, 10015.5990]
offset_2        18      9.863316 [-9995.9140, 10015.5990]
offset_3        19      9.207791 [-9995.9140, 10015.5990]

----- common model:  b
P                0      1.543409 [    0.3785,     6.6439]
K                1      1.224212 [   -9.9658,     3.3219]
sre_coso         2     -0.187854 [   -1.0000,     1.0000]
sre_sino         3     -0.064447 [   -1.0000,     1.0000]
mean_long        4    204.557616 [   19.1490,   379.1490]

----- common model:  c
P                5      3.753940 [    0.3785,     6.6439]
K                6     -0.433075 [   -9.9658,     3.3219]
sre_coso         7     -0.066468 [   -1.0000,     1.0000]
sre_sino         8     -0.089325 [   -1.0000,     1.0000]
mean_long        9    216.142671 [   40.7431,   400.7431]

----- common model:  d
P               10      6.479062 [    0.3785,     6.6439]
K               11      0.091308 [   -9.9658,     3.3219]
sre_coso        12     -0.012780 [   -1.0000,     1.0000]
sre_sino        13      0.367464 [   -1.0000,     1.0000]
mean_long       14    311.854444 [  126.6688,   486.6688]

----- common model:  star_parameters

====================================================================================================
     Statistics on the model parameters obtained from the posteriors samples     
====================================================================================================

----- dataset:  RVdata
jitter_0              1.386988 
offset_0              8.250785 
offset_1             10.638395 
offset_2              9.863316 
offset_3              9.207791 


----- common model:  b
P                     2.914824 
K                     2.336278 
mean_long           204.557616 
e                     0.039443 
omega              -161.064461 

----- common model:  c
P                    13.491141 
K                     0.740681 
mean_long           216.142671 
e                     0.012397 
omega              -126.653362 

----- common model:  d
P                    89.205599 
K                     1.065336 
mean_long           311.854444 
e                     0.135193 
omega                91.991877 

----- common model:  star_parameters

====================================================================================================
     Statistics on the derived parameters obtained from the posteriors samples     
====================================================================================================

----- common model:  b
Inclination fixed to 90 deg!
a_Rs                  8.583369 
M_Mj                  0.016404 
M_Me                  5.214883 
Tc                59336.722407 
a_AU_(M)              0.039934 
a_AU_(rho,R)          0.039934 

----- common model:  c
Inclination fixed to 90 deg!
a_Rs                 23.838657 
M_Mj                  0.008673 
M_Me                  2.757182 
Tc                59343.496098 
a_AU_(M)              0.110909 
a_AU_(rho,R)          0.110909 

----- common model:  d
Inclination fixed to 90 deg!
a_Rs                 83.980233 
M_Mj                  0.023202 
M_Me                  7.375647 
Tc                59369.052728 
a_AU_(M)              0.390720 
a_AU_(rho,R)          0.390716 


====================================================================================================
     ------------------------------------------------------------------------------------------     
====================================================================================================



****************************************************************************************************

Inclination fixed to 90 deg!
Inclination fixed to 90 deg!
Inclination fixed to 90 deg!
Note: stellar density derived from stellar mass and radius

Inclination fixed to 90 deg!
Inclination fixed to 90 deg!
Inclination fixed to 90 deg!
Inclination fixed to 90 deg!
Inclination fixed to 90 deg!
Inclination fixed to 90 deg!
 Plot FLAT chain 

****************************************************************************************************

Plotting full_correlation plot with pygtc

****************************************************************************************************

 Plotting the chains... 

****************************************************************************************************

 Plotting the Gelman-Rubin traces... 

     Gelman-Rubin:    15     1.003545 RVdata_jitter_0 
     Gelman-Rubin:    16     1.004499 RVdata_offset_0 
     Gelman-Rubin:    17     1.002650 RVdata_offset_1 
     Gelman-Rubin:    18     1.003444 RVdata_offset_2 
     Gelman-Rubin:    19     1.005262 RVdata_offset_3 
     Gelman-Rubin:     0     1.002604 b_P 
     Gelman-Rubin:     1     1.002512 b_K 
     Gelman-Rubin:     2     1.003252 b_sre_coso 
     Gelman-Rubin:     3     1.003332 b_sre_sino 
     Gelman-Rubin:     4     1.001739 b_mean_long 
     Gelman-Rubin:     5     1.004307 c_P 
     Gelman-Rubin:     6     1.003295 c_K 
     Gelman-Rubin:     7     1.003944 c_sre_coso 
     Gelman-Rubin:     8     1.004456 c_sre_sino 
     Gelman-Rubin:     9     1.004040 c_mean_long 
     Gelman-Rubin:    10     1.001679 d_P 
     Gelman-Rubin:    11     1.004909 d_K 
     Gelman-Rubin:    12     1.004702 d_sre_coso 
     Gelman-Rubin:    13     1.005937 d_sre_sino 
     Gelman-Rubin:    14     1.002378 d_mean_long 

****************************************************************************************************

Plotting the common models corner plots
     Common model:  b
     Common model:  c
     Common model:  d
     Common model:  star_parameters

****************************************************************************************************

Plotting the dataset + models corner plots 

     Dataset:  RVdata     model:  radial_velocities_b  corner plot  starting 
     Dataset:  RVdata     model:  radial_velocities_b  corner plot  done 
     Dataset:  RVdata     model:  radial_velocities_c  corner plot  starting 
     Dataset:  RVdata     model:  radial_velocities_c  corner plot  done 
     Dataset:  RVdata     model:  radial_velocities_d  corner plot  starting 
     Dataset:  RVdata     model:  radial_velocities_d  corner plot  done 

****************************************************************************************************

 Saving the planet parameter samplings to files (with plots)

****************************************************************************************************

 Saving all the parameter samplings to files (with plots)

****************************************************************************************************

 Computing the models for plot/data writing 
 Writing the plots 
 Writing the   data files 
 Writing the  MAP_ data files 
 Writing the  sampleMED_ data files 

****************************************************************************************************

