
:::---::: PyORBIT v10.11.2 :::---:::

Python version in use:
3.10.18 (main, Jun  5 2025, 13:14:17) [GCC 11.2.0]

reloaded_optimize:  False
reloaded_pyde:  False
reloaded_emcee:  False

number of multiprocessing threads: 16
multiprocessing method (should be fork):  fork

parameters/safe_reload flag (must be True for tinygp):  False

Opening:  RVdata
Adding common model of planet:  b
Adding common model of planet:  c
Using orbital model:  keplerian
Using orbital parametrization:  Eastman2013

Using orbital model:  keplerian
Using orbital parametrization:  Eastman2013


====================================================================================================
     Ids, spaces (s), boundaries (b) and priors (p) of the sampler parameters     
====================================================================================================

----- dataset:  RVdata
jitter_0      id:  10  s:Linear      b:[      0.0009,      13.3000]   p:Uniform   []
offset_0      id:  11  s:Linear      b:[  -9995.9140,   10015.5990]   p:Uniform   []
offset_1      id:  12  s:Linear      b:[  -9995.9140,   10015.5990]   p:Uniform   []
offset_2      id:  13  s:Linear      b:[  -9995.9140,   10015.5990]   p:Uniform   []
offset_3      id:  14  s:Linear      b:[  -9995.9140,   10015.5990]   p:Uniform   []

----- common model:  b
P             id:   0  s:Log_Base2   b:[      0.3785,       6.6439]   p:Uniform   []
K             id:   1  s:Log_Base2   b:[     -9.9658,       3.3219]   p:Uniform   []
sre_coso      id:   2  s:Linear      b:[     -1.0000,       1.0000]   p:Uniform   []
sre_sino      id:   3  s:Linear      b:[     -1.0000,       1.0000]   p:Uniform   []
mean_long     id:   4  s:Linear      b:[      0.0000,     360.0000]   p:Uniform   []
e             derived (no id, space, bound)                           p:Gaussian   [0.    0.098]
omega         derived (no id, space, bound)                           p:Uniform   [0.0, 360.0]

----- common model:  c
P             id:   5  s:Log_Base2   b:[      0.3785,       6.6439]   p:Uniform   []
K             id:   6  s:Log_Base2   b:[     -9.9658,       3.3219]   p:Uniform   []
sre_coso      id:   7  s:Linear      b:[     -1.0000,       1.0000]   p:Uniform   []
sre_sino      id:   8  s:Linear      b:[     -1.0000,       1.0000]   p:Uniform   []
mean_long     id:   9  s:Linear      b:[      0.0000,     360.0000]   p:Uniform   []
e             derived (no id, space, bound)                           p:Gaussian   [0.    0.098]
omega         derived (no id, space, bound)                           p:Uniform   [0.0, 360.0]

----- common model:  star_parameters
mass          derived (no id, space, bound)                           p:Gaussian   [1.e+00 1.e-06]
radius        derived (no id, space, bound)                           p:Gaussian   [1.e+00 1.e-06]
density       derived (no id, space, bound)                           p:Gaussian   [1.e+00 1.e-06]

Include priors:  True

Reference Time Tref:  59334.700184

Dimensions =  15
Nwalkers =  60

Using threading pool for PyDE: True
PyDE running
Boundaries redefined after PyDE output
PyDE completed, it took          3.2 seconds

====================================================================================================
     Starting point of the sample/optimization routines    
====================================================================================================

----- dataset:  RVdata
jitter_0        10      1.479981 [    0.0009,    13.3000]
offset_0        11      8.226355 [-9995.9140, 10015.5990]
offset_1        12     10.429433 [-9995.9140, 10015.5990]
offset_2        13      9.903711 [-9995.9140, 10015.5990]
offset_3        14      9.355294 [-9995.9140, 10015.5990]

----- common model:  b
P                0      6.372394 [    0.3785,     6.6439]
K                1      0.328879 [   -9.9658,     3.3219]
sre_coso         2     -0.125551 [   -1.0000,     1.0000]
sre_sino         3      0.392184 [   -1.0000,     1.0000]
mean_long        4    313.655243 [  133.6552,   493.6552]

----- common model:  c
P                5      1.543291 [    0.3785,     6.6439]
K                6      1.146955 [   -9.9658,     3.3219]
sre_coso         7     -0.241667 [   -1.0000,     1.0000]
sre_sino         8     -0.114953 [   -1.0000,     1.0000]
mean_long        9    199.971791 [   19.9718,   379.9718]

----- common model:  star_parameters

====================================================================================================
     Starting point projected onto the model parameter space     
====================================================================================================

----- dataset:  RVdata
jitter_0              1.479981 
offset_0              8.226355 
offset_1             10.429433 
offset_2              9.903711 
offset_3              9.355294 


----- common model:  b
P                    82.847933 
K                     1.256037 
mean_long           313.655243 
e                     0.169571 
omega               107.751645 

----- common model:  c
P                     2.914585 
K                     2.214460 
mean_long           199.971791 
e                     0.071617 
omega              -154.561137 

----- common model:  star_parameters

====================================================================================================
     Derived parameters obtained from starting point     
====================================================================================================

----- common model:  b
Inclination fixed to 90 deg!
a_Rs                 79.941209 
M_Mj                  0.026546 
M_Me                  8.438868 
Tc                59367.290962 
a_AU_(M)              0.371928 
a_AU_(rho,R)          0.371924 

----- common model:  c
Inclination fixed to 90 deg!
a_Rs                  8.582895 
M_Mj                  0.015521 
M_Me                  4.933977 
Tc                59336.785800 
a_AU_(M)              0.039932 
a_AU_(rho,R)          0.039932 


====================================================================================================
     Statistics on the log-likelihood     
====================================================================================================

 LN probability:  -598.938337 

====================================================================================================
     ------------------------------------------------------------------------------------------     
====================================================================================================



*************************************************************

Running emcee

emcee version:  3.1.6
Using threading pool for emcee: True


Computing the autocorrelation time of the chains

The chains are more than 50 times longer than the ACF, the estimate can be trusted

Reference thinning used in the analysis: 100
Maximum value of the integrated ACF: 3
Step length used in the analysis: 3*nthin = 300

Convergence criteria: less than 1% variation in ACF after 50 times the integrated ACF
At least 50*ACF after convergence, 100*ACF would be ideal
Negative values: not converged yet

   sampler parameter              |    ACF   | ACF*nthin | converged at | nsteps/ACF | to 100*ACF
                                  |          |           |              |            | 
   RVdata_jitter_0                |    2.57  |      257  |    14700     |     138    |       0 
   RVdata_offset_0                |    2.77  |      277  |    16500     |     121    |       0 
   RVdata_offset_1                |    2.75  |      275  |    17100     |     120    |       0 
   RVdata_offset_2                |    2.70  |      270  |    16200     |     125    |       0 
   RVdata_offset_3                |    2.58  |      258  |    14100     |     139    |       0 
   b_P                            |    2.93  |      293  |    17100     |     112    |       0 
   b_K                            |    2.78  |      278  |    15900     |     123    |       0 
   b_sre_coso                     |    3.03  |      303  |    17400     |     108    |       0 
   b_sre_sino                     |    3.01  |      301  |    17100     |     109    |       0 
   b_mean_long                    |    2.92  |      292  |    15900     |     117    |       0 
   c_P                            |    2.59  |      259  |    15000     |     135    |       0 
   c_K                            |    2.81  |      281  |    15600     |     123    |       0 
   c_sre_coso                     |    2.85  |      285  |    15600     |     121    |       0 
   c_sre_sino                     |    2.94  |      294  |    16800     |     113    |       0 
   c_mean_long                    |    2.50  |      250  |    14700     |     141    |       0 

All the chains are longer than 100*ACF 
Suggested value for burnin: 15980

Check the documentation for the correct interpretation of these results:
https://pyorbit.readthedocs.io/running_pyorbit/terminal_output/#autocorrelation-analysis

====================================================================================================
     Statistics on the posterior of the sampler parameters     
====================================================================================================

----- dataset:  RVdata
jitter_0        10         1.525       -0.065        0.069   (15-84 p)   [    0.0009,    13.3000]
offset_0        11          8.26        -0.17         0.18   (15-84 p)   [-9995.9140, 10015.5990]
offset_1        12         10.45        -0.36         0.36   (15-84 p)   [-9995.9140, 10015.5990]
offset_2        13          9.93        -0.19         0.19   (15-84 p)   [-9995.9140, 10015.5990]
offset_3        14          9.38        -0.19         0.19   (15-84 p)   [-9995.9140, 10015.5990]

----- common model:  b
P                0          6.39        -0.12         0.13   (15-84 p)   [    0.3785,     6.6439]
K                1          0.25        -0.19         0.18   (15-84 p)   [   -9.9658,     3.3219]
sre_coso         2         -0.09        -0.17         0.21   (15-84 p)   [   -1.0000,     1.0000]
sre_sino         3          0.28        -0.22         0.13   (15-84 p)   [   -1.0000,     1.0000]
mean_long        4           316          -19           20   (15-84 p)   [  133.6552,   493.6552]

----- common model:  c
P                5        1.5433      -0.0015       0.0015   (15-84 p)   [    0.3785,     6.6439]
K                6         1.130       -0.092        0.089   (15-84 p)   [   -9.9658,     3.3219]
sre_coso         7         -0.15        -0.13         0.17   (15-84 p)   [   -1.0000,     1.0000]
sre_sino         8         -0.09        -0.14         0.17   (15-84 p)   [   -1.0000,     1.0000]
mean_long        9         199.4         -6.8          6.9   (15-84 p)   [   19.9718,   379.9718]

----- common model:  star_parameters

====================================================================================================
     Statistics on the model parameters obtained from the posteriors samples     
====================================================================================================

----- dataset:  RVdata
jitter_0                 1.525       -0.065        0.069    (15-84 p)
offset_0                  8.26        -0.17         0.18    (15-84 p)
offset_1                 10.45        -0.36         0.36    (15-84 p)
offset_2                  9.93        -0.19         0.19    (15-84 p)
offset_3                  9.38        -0.19         0.19    (15-84 p)


----- common model:  b
P                         83.9         -6.8          8.1    (15-84 p)
K                         1.19        -0.15         0.16    (15-84 p)
mean_long                  316          -19           20    (15-84 p)
e                        0.122       -0.080        0.094    (15-84 p)
omega                      102          -64           33    (15-84 p)

----- common model:  c
P                       2.9145      -0.0030       0.0031    (15-84 p)
K                         2.19        -0.14         0.14    (15-84 p)
mean_long                199.4         -6.8          6.9    (15-84 p)
e                        0.059       -0.040        0.052    (15-84 p)
omega                     -108          -50          251    (15-84 p)

----- common model:  star_parameters

====================================================================================================
     Statistics on the derived parameters obtained from the posteriors samples     
====================================================================================================

----- common model:  b
Inclination fixed to 90 deg!
Computing planetary mass under the approximation M_planet << M_star (threshold at 30.0 Me)
a_Rs                      80.6         -4.4          5.1    (15-84 p)
M_Mj                    0.0254      -0.0032       0.0033    (15-84 p)
M_Me                       8.1         -1.0          1.1    (15-84 p)
Tc                     59366.8         -2.3          2.1    (15-84 p)
a_AU_(M)                 0.375       -0.021        0.024    (15-84 p)
a_AU_(rho,R)             0.375       -0.021        0.024    (15-84 p)

----- common model:  c
Inclination fixed to 90 deg!
Computing planetary mass under the approximation M_planet << M_star (threshold at 30.0 Me)
a_Rs                    8.5828      -0.0058       0.0060    (15-84 p)
M_Mj                   0.01533     -0.00094      0.00097    (15-84 p)
M_Me                      4.87        -0.30         0.31    (15-84 p)
Tc                   59336.765       -0.065        0.068    (15-84 p)
a_AU_(M)              0.039932    -0.000027     0.000028    (15-84 p)
a_AU_(rho,R)          0.039931    -0.000027     0.000028    (15-84 p)


====================================================================================================
     ------------------------------------------------------------------------------------------     
====================================================================================================



emcee completed


:::---::: PyORBIT v10.11.2 :::---:::

Python version in use:
3.10.18 (main, Jun  5 2025, 13:14:17) [GCC 11.2.0]
LaTeX disabled by default

Using orbital model:  keplerian
Using orbital parametrization:  Eastman2013

Using orbital model:  keplerian
Using orbital parametrization:  Eastman2013


### PyORBIT version used in the analysis:  10.11.2

 emcee version:  3.1.6

 Reference Time Tref: 59334.700184

 Data points:287
 Dimensions: 15
 Nwalkers:   60
 Steps:      50000


Number of samplings: 18000


Recomputing ln-prior, it may take a while...

ln-probability   distribution:   -606.28       -2.95      2.32 (15-84 p) 
ln-prior         distribution:    -77.87       -1.67      0.82 (15-84 p) 
ln-likelihood    distribution:   -528.14       -3.14      2.80 (15-84 p) 


*** Information criteria using the likelihood distribution

 BIC from distribution  (using likelihood)  =   1141.17     -5.61    6.27 (15-84 p)
 AIC from distribution  (using likelihood)  =   1086.28     -5.61    6.27 (15-84 p)
 AICc from distribution (using likelihood)  =   1088.05     -5.61    6.27 (15-84 p)


*** Information criteria using the median parameter set

 ln_probability of Median solution =   -599.95
 ln_priors of Median solution      =    -77.18
 ln_likelihood of Median solution  =   -522.78

 Median BIC  (using likelihood) =   1130.44
 Median AIC  (using likelihood) =   1075.55
 Median AICc (using likelihood) =   1077.32


*** Information criteria using the MAP parameter set

 ln_probability of MAP solution =   -600.13
 ln_priors of MAP solution      =    -78.56
 ln_likelihood of MAP solution  =   -521.57

 MAP BIC  (using likelihood)    =   1128.03
 MAP AIC  (using likelihood)    =   1073.14
 MAP AICc (using likelihood)    =   1074.91

 AICc suggested over AIC because NDATA ( 287 ) < 40 * NDIM ( 15 )

****************************************************************************************************


Computing the autocorrelation time of the chains

The chains are more than 50 times longer than the ACF, the estimate can be trusted

Reference thinning used in the analysis: 100
Maximum value of the integrated ACF: 3
Step length used in the analysis: 3*nthin = 300

Convergence criteria: less than 1% variation in ACF after 50 times the integrated ACF
At least 50*ACF after convergence, 100*ACF would be ideal
Negative values: not converged yet

   sampler parameter              |    ACF   | ACF*nthin | converged at | nsteps/ACF | to 100*ACF
                                  |          |           |              |            | 
   RVdata_jitter_0                |    2.57  |      257  |    14700     |     138    |       0 
   RVdata_offset_0                |    2.77  |      277  |    16500     |     121    |       0 
   RVdata_offset_1                |    2.75  |      275  |    17100     |     120    |       0 
   RVdata_offset_2                |    2.70  |      270  |    16200     |     125    |       0 
   RVdata_offset_3                |    2.58  |      258  |    14100     |     139    |       0 
   b_P                            |    2.93  |      293  |    17100     |     112    |       0 
   b_K                            |    2.78  |      278  |    15900     |     123    |       0 
   b_sre_coso                     |    3.03  |      303  |    17400     |     108    |       0 
   b_sre_sino                     |    3.01  |      301  |    17100     |     109    |       0 
   b_mean_long                    |    2.92  |      292  |    15900     |     117    |       0 
   c_P                            |    2.59  |      259  |    15000     |     135    |       0 
   c_K                            |    2.81  |      281  |    15600     |     123    |       0 
   c_sre_coso                     |    2.85  |      285  |    15600     |     121    |       0 
   c_sre_sino                     |    2.94  |      294  |    16800     |     113    |       0 
   c_mean_long                    |    2.50  |      250  |    14700     |     141    |       0 

All the chains are longer than 100*ACF 
Suggested value for burnin: 15980

Check the documentation for the correct interpretation of these results:
https://pyorbit.readthedocs.io/running_pyorbit/terminal_output/#autocorrelation-analysis

 Plotting the ACF... 


====================================================================================================
     Ids, spaces (s), boundaries (b) and priors (p) of the sampler parameters     
====================================================================================================

----- dataset:  RVdata
jitter_0      id:  10  s:Linear      b:[      0.0009,      13.3000]   p:Uniform   []
offset_0      id:  11  s:Linear      b:[  -9995.9140,   10015.5990]   p:Uniform   []
offset_1      id:  12  s:Linear      b:[  -9995.9140,   10015.5990]   p:Uniform   []
offset_2      id:  13  s:Linear      b:[  -9995.9140,   10015.5990]   p:Uniform   []
offset_3      id:  14  s:Linear      b:[  -9995.9140,   10015.5990]   p:Uniform   []

----- common model:  b
P             id:   0  s:Log_Base2   b:[      0.3785,       6.6439]   p:Uniform   []
K             id:   1  s:Log_Base2   b:[     -9.9658,       3.3219]   p:Uniform   []
sre_coso      id:   2  s:Linear      b:[     -1.0000,       1.0000]   p:Uniform   []
sre_sino      id:   3  s:Linear      b:[     -1.0000,       1.0000]   p:Uniform   []
mean_long     id:   4  s:Linear      b:[    133.6552,     493.6552]   p:Uniform   []
e             derived (no id, space, bound)                           p:Gaussian   [0.    0.098]
omega         derived (no id, space, bound)                           p:Uniform   [0.0, 360.0]

----- common model:  c
P             id:   5  s:Log_Base2   b:[      0.3785,       6.6439]   p:Uniform   []
K             id:   6  s:Log_Base2   b:[     -9.9658,       3.3219]   p:Uniform   []
sre_coso      id:   7  s:Linear      b:[     -1.0000,       1.0000]   p:Uniform   []
sre_sino      id:   8  s:Linear      b:[     -1.0000,       1.0000]   p:Uniform   []
mean_long     id:   9  s:Linear      b:[     19.9718,     379.9718]   p:Uniform   []
e             derived (no id, space, bound)                           p:Gaussian   [0.    0.098]
omega         derived (no id, space, bound)                           p:Uniform   [0.0, 360.0]

----- common model:  star_parameters
mass          derived (no id, space, bound)                           p:Gaussian   [1.e+00 1.e-06]
radius        derived (no id, space, bound)                           p:Gaussian   [1.e+00 1.e-06]
density       derived (no id, space, bound)                           p:Gaussian   [1.e+00 1.e-06]


****************************************************************************************************
****************************************************************************************************

 Confidence intervals (median value, 34.135th percentile from the median on the left and right side)

====================================================================================================
     Statistics on the posterior of the sampler parameters     
====================================================================================================

----- dataset:  RVdata
jitter_0        10         1.525       -0.065        0.069   (15-84 p)   [    0.0009,    13.3000]
offset_0        11          8.26        -0.17         0.18   (15-84 p)   [-9995.9140, 10015.5990]
offset_1        12         10.45        -0.36         0.36   (15-84 p)   [-9995.9140, 10015.5990]
offset_2        13          9.93        -0.19         0.19   (15-84 p)   [-9995.9140, 10015.5990]
offset_3        14          9.38        -0.19         0.19   (15-84 p)   [-9995.9140, 10015.5990]

----- common model:  b
P                0          6.39        -0.12         0.13   (15-84 p)   [    0.3785,     6.6439]
K                1          0.25        -0.19         0.18   (15-84 p)   [   -9.9658,     3.3219]
sre_coso         2         -0.09        -0.17         0.21   (15-84 p)   [   -1.0000,     1.0000]
sre_sino         3          0.28        -0.22         0.13   (15-84 p)   [   -1.0000,     1.0000]
mean_long        4           316          -19           20   (15-84 p)   [  133.6552,   493.6552]

----- common model:  c
P                5        1.5433      -0.0015       0.0015   (15-84 p)   [    0.3785,     6.6439]
K                6         1.130       -0.092        0.089   (15-84 p)   [   -9.9658,     3.3219]
sre_coso         7         -0.15        -0.13         0.17   (15-84 p)   [   -1.0000,     1.0000]
sre_sino         8         -0.09        -0.14         0.17   (15-84 p)   [   -1.0000,     1.0000]
mean_long        9         199.4         -6.8          6.9   (15-84 p)   [   19.9718,   379.9718]

----- common model:  star_parameters

====================================================================================================
     Statistics on the model parameters obtained from the posteriors samples     
====================================================================================================

----- dataset:  RVdata
jitter_0                 1.525       -0.065        0.069    (15-84 p)
offset_0                  8.26        -0.17         0.18    (15-84 p)
offset_1                 10.45        -0.36         0.36    (15-84 p)
offset_2                  9.93        -0.19         0.19    (15-84 p)
offset_3                  9.38        -0.19         0.19    (15-84 p)


----- common model:  b
P                         83.9         -6.8          8.1    (15-84 p)
K                         1.19        -0.15         0.16    (15-84 p)
mean_long                  316          -19           20    (15-84 p)
e                        0.122       -0.080        0.094    (15-84 p)
omega                      108          -49           36    (15-84 p)

----- common model:  c
P                       2.9145      -0.0030       0.0031    (15-84 p)
K                         2.19        -0.14         0.14    (15-84 p)
mean_long                199.4         -6.8          6.9    (15-84 p)
e                        0.059       -0.040        0.052    (15-84 p)
omega                     -150          -55           56    (15-84 p)

----- common model:  star_parameters

====================================================================================================
     Statistics on the derived parameters obtained from the posteriors samples     
====================================================================================================

----- common model:  b
Inclination fixed to 90 deg!
Computing planetary mass under the approximation M_planet << M_star (threshold at 30.0 Me)
a_Rs                      80.6         -4.4          5.1    (15-84 p)
M_Mj                    0.0254      -0.0032       0.0033    (15-84 p)
M_Me                       8.1         -1.0          1.1    (15-84 p)
Tc                     59366.8         -2.3          2.1    (15-84 p)
a_AU_(M)                 0.375       -0.021        0.024    (15-84 p)
a_AU_(rho,R)             0.375       -0.021        0.024    (15-84 p)

----- common model:  c
Inclination fixed to 90 deg!
Computing planetary mass under the approximation M_planet << M_star (threshold at 30.0 Me)
a_Rs                    8.5828      -0.0058       0.0060    (15-84 p)
M_Mj                   0.01533     -0.00094      0.00097    (15-84 p)
M_Me                      4.87        -0.30         0.31    (15-84 p)
Tc                   59336.765       -0.065        0.068    (15-84 p)
a_AU_(M)              0.039932    -0.000027     0.000028    (15-84 p)
a_AU_(rho,R)          0.039931    -0.000027     0.000028    (15-84 p)


====================================================================================================
     ------------------------------------------------------------------------------------------     
====================================================================================================



****************************************************************************************************

 Parameters corresponding to the Maximum a Posteriori probability ( -600.1314937049725 )

====================================================================================================
     Statistics on the posterior of the sampler parameters     
====================================================================================================

----- dataset:  RVdata
jitter_0        10      1.501854 [    0.0009,    13.3000]
offset_0        11      8.233174 [-9995.9140, 10015.5990]
offset_1        12     10.260529 [-9995.9140, 10015.5990]
offset_2        13      9.987329 [-9995.9140, 10015.5990]
offset_3        14      9.322284 [-9995.9140, 10015.5990]

----- common model:  b
P                0      6.310296 [    0.3785,     6.6439]
K                1      0.287120 [   -9.9658,     3.3219]
sre_coso         2      0.065133 [   -1.0000,     1.0000]
sre_sino         3      0.392199 [   -1.0000,     1.0000]
mean_long        4    302.691867 [  133.6552,   493.6552]

----- common model:  c
P                5      1.543666 [    0.3785,     6.6439]
K                6      1.135857 [   -9.9658,     3.3219]
sre_coso         7     -0.260523 [   -1.0000,     1.0000]
sre_sino         8     -0.182166 [   -1.0000,     1.0000]
mean_long        9    203.216637 [   19.9718,   379.9718]

----- common model:  star_parameters

====================================================================================================
     Statistics on the model parameters obtained from the posteriors samples     
====================================================================================================

----- dataset:  RVdata
jitter_0              1.501854 
offset_0              8.233174 
offset_1             10.260529 
offset_2              9.987329 
offset_3              9.322284 


----- common model:  b
P                    79.357585 
K                     1.220202 
mean_long           302.691867 
e                     0.158062 
omega                80.570823 

----- common model:  c
P                     2.915344 
K                     2.197491 
mean_long           203.216637 
e                     0.101057 
omega              -145.037558 

----- common model:  star_parameters

====================================================================================================
     Statistics on the derived parameters obtained from the posteriors samples     
====================================================================================================

----- common model:  b
Inclination fixed to 90 deg!
a_Rs                 77.679898 
M_Mj                  0.025471 
M_Me                  8.096977 
Tc                59366.587902 
a_AU_(M)              0.361407 
a_AU_(rho,R)          0.361403 

----- common model:  c
Inclination fixed to 90 deg!
a_Rs                  8.584389 
M_Mj                  0.015364 
M_Me                  4.884068 
Tc                59336.778914 
a_AU_(M)              0.039939 
a_AU_(rho,R)          0.039939 


====================================================================================================
     ------------------------------------------------------------------------------------------     
====================================================================================================



****************************************************************************************************

 Parameters corresponding to the sample closest to the median values ( -601.2094030773732 )

====================================================================================================
     Statistics on the posterior of the sampler parameters     
====================================================================================================

----- dataset:  RVdata
jitter_0        10      1.465826 [    0.0009,    13.3000]
offset_0        11      8.167275 [-9995.9140, 10015.5990]
offset_1        12     10.092467 [-9995.9140, 10015.5990]
offset_2        13      9.965541 [-9995.9140, 10015.5990]
offset_3        14      9.419280 [-9995.9140, 10015.5990]

----- common model:  b
P                0      6.389351 [    0.3785,     6.6439]
K                1      0.257707 [   -9.9658,     3.3219]
sre_coso         2     -0.102664 [   -1.0000,     1.0000]
sre_sino         3      0.241015 [   -1.0000,     1.0000]
mean_long        4    317.789848 [  133.6552,   493.6552]

----- common model:  c
P                5      1.543484 [    0.3785,     6.6439]
K                6      1.099737 [   -9.9658,     3.3219]
sre_coso         7     -0.187348 [   -1.0000,     1.0000]
sre_sino         8     -0.076524 [   -1.0000,     1.0000]
mean_long        9    201.415553 [   19.9718,   379.9718]

----- common model:  star_parameters

====================================================================================================
     Statistics on the model parameters obtained from the posteriors samples     
====================================================================================================

----- dataset:  RVdata
jitter_0              1.465826 
offset_0              8.167275 
offset_1             10.092467 
offset_2              9.965541 
offset_3              9.419280 


----- common model:  b
P                    83.827468 
K                     1.195577 
mean_long           317.789848 
e                     0.068628 
omega               113.072355 

----- common model:  c
P                     2.914975 
K                     2.143156 
mean_long           201.415553 
e                     0.040955 
omega              -157.782098 

----- common model:  star_parameters

====================================================================================================
     Statistics on the derived parameters obtained from the posteriors samples     
====================================================================================================

----- common model:  b
Inclination fixed to 90 deg!
a_Rs                 80.570051 
M_Mj                  0.025680 
M_Me                  8.163392 
Tc                59366.170790 
a_AU_(M)              0.374854 
a_AU_(rho,R)          0.374850 

----- common model:  c
Inclination fixed to 90 deg!
a_Rs                  8.583653 
M_Mj                  0.015048 
M_Me                  4.783587 
Tc                59336.748594 
a_AU_(M)              0.039936 
a_AU_(rho,R)          0.039935 


====================================================================================================
     ------------------------------------------------------------------------------------------     
====================================================================================================



****************************************************************************************************

Inclination fixed to 90 deg!
Inclination fixed to 90 deg!
Note: stellar density derived from stellar mass and radius

Inclination fixed to 90 deg!
Inclination fixed to 90 deg!
Inclination fixed to 90 deg!
Inclination fixed to 90 deg!
 Plot FLAT chain 

****************************************************************************************************

Plotting full_correlation plot with pygtc

****************************************************************************************************

 Plotting the chains... 

****************************************************************************************************

 Plotting the Gelman-Rubin traces... 

     Gelman-Rubin:    10     1.002298 RVdata_jitter_0 
     Gelman-Rubin:    11     1.001608 RVdata_offset_0 
     Gelman-Rubin:    12     1.001132 RVdata_offset_1 
     Gelman-Rubin:    13     1.002171 RVdata_offset_2 
     Gelman-Rubin:    14     1.001630 RVdata_offset_3 
     Gelman-Rubin:     0     1.002388 b_P 
     Gelman-Rubin:     1     1.001297 b_K 
     Gelman-Rubin:     2     1.002283 b_sre_coso 
     Gelman-Rubin:     3     1.002300 b_sre_sino 
     Gelman-Rubin:     4     1.002290 b_mean_long 
     Gelman-Rubin:     5     1.001431 c_P 
     Gelman-Rubin:     6     1.001942 c_K 
     Gelman-Rubin:     7     1.001140 c_sre_coso 
     Gelman-Rubin:     8     1.002735 c_sre_sino 
     Gelman-Rubin:     9     1.002252 c_mean_long 

****************************************************************************************************

Plotting the common models corner plots
     Common model:  b
     Common model:  c
     Common model:  star_parameters

****************************************************************************************************

Plotting the dataset + models corner plots 

     Dataset:  RVdata     model:  radial_velocities_b  corner plot  starting 
     Dataset:  RVdata     model:  radial_velocities_b  corner plot  done 
     Dataset:  RVdata     model:  radial_velocities_c  corner plot  starting 
     Dataset:  RVdata     model:  radial_velocities_c  corner plot  done 

****************************************************************************************************

 Saving the planet parameter samplings to files (with plots)

****************************************************************************************************

 Saving all the parameter samplings to files (with plots)

****************************************************************************************************

 Computing the models for plot/data writing 
 Writing the plots 
 Writing the   data files 
 Writing the  MAP_ data files 
 Writing the  sampleMED_ data files 

****************************************************************************************************

