
:::---::: PyORBIT v11.0.1 :::---:::

Python version in use:
3.10.18 (main, Jun  5 2025, 13:14:17) [GCC 11.2.0]
LaTeX disabled by default

Using orbital model:  keplerian
Using orbital parametrization:  Eastman2013

Using orbital model:  keplerian
Using orbital parametrization:  Eastman2013

gp_multidimensional  S+LEAF model, number of harmonics: 4

GP model: gp_multidimensional  hyperparameters_condition:    True
GP model: gp_multidimensional  rotation_decay_condition:     True

### PyORBIT version used in the analysis:  11.0.1

 emcee version:  3.1.6

 Reference Time Tref: 2452937.54737118

 Data points:828
 Dimensions: 33
 Nwalkers:   132
 Steps:      2500


Number of samplings: 12408

Recomputing ln-prior, it may take a while...

ln-probability   distribution:  -1826.05       -4.63      3.98 (15-84 p) 
ln-prior         distribution:   -176.94       -0.75      0.32 (15-84 p) 
ln-likelihood    distribution:  -1648.85       -4.64      3.89 (15-84 p) 


*** Information criteria using the likelihood distribution

 BIC from distribution  (using likelihood)  =   3519.42     -7.78    9.29 (15-84 p)
 AIC from distribution  (using likelihood)  =   3363.69     -7.78    9.29 (15-84 p)
 AICc from distribution (using likelihood)  =   3366.52     -7.78    9.29 (15-84 p)


*** Information criteria using the median parameter set

 ln_probability of Median solution =  -1812.02
 ln_priors of Median solution      =   -176.65
 ln_likelihood of Median solution  =  -1635.37

 Median BIC  (using likelihood) =   3492.47
 Median AIC  (using likelihood) =   3336.74
 Median AICc (using likelihood) =   3339.57


*** Information criteria using the MAP parameter set

 ln_probability of MAP solution =  -1814.50
 ln_priors of MAP solution      =   -177.10
 ln_likelihood of MAP solution  =  -1637.40

 MAP BIC  (using likelihood)    =   3496.52
 MAP AIC  (using likelihood)    =   3340.79
 MAP AICc (using likelihood)    =   3343.62

 AICc suggested over AIC because NDATA ( 828 ) < 40 * NDIM ( 33 )

****************************************************************************************************


Computing the autocorrelation time of the chains

***** WARNING ******
The integrated autocorrelation time cannot be reliably estimated
likely the chains are too short, and ACF analysis is not fully reliable
emcee.autocorr.integrated_time tolerance lowered to 20
If you still get a warning, you should drop these results entirely
Chains too short to apply convergence criteria
They should be at least 700*nthin = 14000

 ACF computation failed, no plot will be generated 


====================================================================================================
     Ids, spaces (s), boundaries (b) and priors (p) of the sampler parameters     
====================================================================================================

----- dataset:  RVdata
jitter_0      id:  13  s:Linear      b:[      0.0010,      86.8606]   p:Uniform   []
jitter_1      id:  14  s:Linear      b:[      0.0010,      86.8606]   p:Uniform   []
offset_0      id:  15  s:Linear      b:[ -20483.8688,    -460.9658]   p:Uniform   []
offset_1      id:  16  s:Linear      b:[ -20483.8688,    -460.9658]   p:Uniform   []
offset_2      id:  17  s:Linear      b:[ -20483.8688,    -460.9658]   p:Uniform   []

----- dataset: RVdata                    ----- model: gp_multidimensional           
rot_amp       id:  18  s:Linear      b:[      0.0000,      20.0000]   p:Uniform   []
con_amp       id:  19  s:Linear      b:[    -20.0000,      20.0000]   p:Uniform   []

----- dataset:  BISdata
jitter_0      id:  20  s:Linear      b:[      0.0019,     173.7212]   p:Uniform   []
jitter_1      id:  21  s:Linear      b:[      0.0019,     173.7212]   p:Uniform   []
offset_0      id:  22  s:Linear      b:[ -10061.1875,    9988.7962]   p:Uniform   []
offset_1      id:  23  s:Linear      b:[ -10061.1875,    9988.7962]   p:Uniform   []
offset_2      id:  24  s:Linear      b:[ -10061.1875,    9988.7962]   p:Uniform   []

----- dataset: BISdata                   ----- model: gp_multidimensional           
rot_amp       id:  25  s:Linear      b:[    -20.0000,      20.0000]   p:Uniform   []
con_amp       id:  26  s:Linear      b:[    -20.0000,      20.0000]   p:Uniform   []

----- dataset:  FWHMdata
jitter_0      id:  27  s:Linear      b:[      0.0019,     173.7212]   p:Uniform   []
jitter_1      id:  28  s:Linear      b:[      0.0019,     173.7212]   p:Uniform   []
offset_0      id:  29  s:Linear      b:[  -3377.7949,   16769.8504]   p:Uniform   []
offset_1      id:  30  s:Linear      b:[  -3377.7949,   16769.8504]   p:Uniform   []
offset_2      id:  31  s:Linear      b:[  -3377.7949,   16769.8504]   p:Uniform   []

----- dataset: FWHMdata                  ----- model: gp_multidimensional           
con_amp       id:  32  s:Linear      b:[    -50.0000,      50.0000]   p:Uniform   []
rot_amp       derived (no id, space, bound)                           p:None   []

----- common model:  b
P             id:   0  s:Log_Base2   b:[      3.3219,       4.9069]   p:Uniform   []
K             id:   1  s:Log_Base2   b:[     -3.3219,       2.3219]   p:Uniform   []
sre_coso      id:   2  s:Linear      b:[     -1.0000,       1.0000]   p:Uniform   []
sre_sino      id:   3  s:Linear      b:[     -1.0000,       1.0000]   p:Uniform   []
mean_long     id:   4  s:Linear      b:[     26.3413,     386.3413]   p:Uniform   []
e             derived (no id, space, bound)                           p:Uniform   [0.  0.4]
omega         derived (no id, space, bound)                           p:Uniform   [0.0, 360.0]

----- common model:  c
P             id:   5  s:Log_Base2   b:[      4.9069,       5.4919]   p:Uniform   []
K             id:   6  s:Log_Base2   b:[     -3.3219,       2.3219]   p:Uniform   []
sre_coso      id:   7  s:Linear      b:[     -1.0000,       1.0000]   p:Uniform   []
sre_sino      id:   8  s:Linear      b:[     -1.0000,       1.0000]   p:Uniform   []
mean_long     id:   9  s:Linear      b:[    137.8873,     497.8873]   p:Uniform   []
e             derived (no id, space, bound)                           p:Uniform   [0.1 0.5]
omega         derived (no id, space, bound)                           p:Uniform   [0.0, 360.0]

----- common model:  activity
Prot          id:  10  s:Linear      b:[     15.0000,      70.0000]   p:Gaussian   [40. 20.]
Pdec          id:  11  s:Linear      b:[     30.0000,    1000.0000]   p:Uniform   []
Oamp          id:  12  s:Log_Base2   b:[     -6.6439,       0.0000]   p:Gaussian   [0.35  0.035]

----- common model:  star_parameters
mass          derived (no id, space, bound)                           p:Gaussian   [0.83 0.01]

----- common model:  polynomial_trend


****************************************************************************************************
****************************************************************************************************

 Confidence intervals (median value, 34.135th percentile from the median on the left and right side)

====================================================================================================
     Statistics on the posterior of the sampler parameters     
====================================================================================================

----- dataset:  RVdata
jitter_0        13          1.02        -0.16         0.17   (15-84 p)   [    0.0010,    86.8606]
jitter_1        14          1.58        -0.11         0.11   (15-84 p)   [    0.0010,    86.8606]
offset_0        15     -10468.15        -0.83         0.89   (15-84 p)   [-20483.8688,  -460.9658]
offset_1        16     -10476.44        -0.36         0.39   (15-84 p)   [-20483.8688,  -460.9658]
offset_2        17      -10461.9         -1.1          1.1   (15-84 p)   [-20483.8688,  -460.9658]

----- dataset: RVdata                    ----- model: gp_multidimensional           
rot_amp         18         0.068       -0.048         0.10   (15-84 p)   [    0.0000,    20.0000]
con_amp         19          1.87        -0.20         0.25   (15-84 p)   [  -20.0000,    20.0000]

----- dataset:  BISdata
jitter_0        20         0.187       -0.075        0.071   (15-84 p)   [    0.0019,   173.7212]
jitter_1        21          1.12        -0.11         0.12   (15-84 p)   [    0.0019,   173.7212]
offset_0        22        -58.95        -0.36         0.36   (15-84 p)   [-10061.1875,  9988.7962]
offset_1        23        -24.74        -0.19         0.18   (15-84 p)   [-10061.1875,  9988.7962]
offset_2        24        -12.48        -0.68         0.71   (15-84 p)   [-10061.1875,  9988.7962]

----- dataset: BISdata                   ----- model: gp_multidimensional           
rot_amp         25         -5.37        -0.85         0.64   (15-84 p)   [  -20.0000,    20.0000]
con_amp         26          0.75        -0.12         0.12   (15-84 p)   [  -20.0000,    20.0000]

----- dataset:  FWHMdata
jitter_0        27          2.25        -0.28         0.36   (15-84 p)   [    0.0019,   173.7212]
jitter_1        28          1.97        -0.22         0.22   (15-84 p)   [    0.0019,   173.7212]
offset_0        29        6629.9         -2.1          2.1   (15-84 p)   [-3377.7949, 16769.8504]
offset_1        30       6748.61        -0.88         0.93   (15-84 p)   [-3377.7949, 16769.8504]
offset_2        31        6768.2         -2.6          2.6   (15-84 p)   [-3377.7949, 16769.8504]

----- dataset: FWHMdata                  ----- model: gp_multidimensional           
con_amp         32          4.83        -0.46         0.54   (15-84 p)   [  -50.0000,    50.0000]

----- common model:  b
P                0       3.83710     -0.00026      0.00019   (15-84 p)   [    3.3219,     4.9069]
K                1          0.78        -0.14         0.12   (15-84 p)   [   -3.3219,     2.3219]
sre_coso         2         -0.35        -0.10         0.12   (15-84 p)   [   -1.0000,     1.0000]
sre_sino         3         -0.31        -0.13         0.20   (15-84 p)   [   -1.0000,     1.0000]
mean_long        4           200          -16           13   (15-84 p)   [   26.3413,   386.3413]

----- common model:  c
P                5       5.06407     -0.00040      0.00034   (15-84 p)   [    4.9069,     5.4919]
K                6          0.93        -0.14         0.13   (15-84 p)   [   -3.3219,     2.3219]
sre_coso         7         0.534        -0.13        0.083   (15-84 p)   [   -1.0000,     1.0000]
sre_sino         8          0.03        -0.14         0.15   (15-84 p)   [   -1.0000,     1.0000]
mean_long        9           315          -12           11   (15-84 p)   [  137.8873,   497.8873]

----- common model:  activity
Prot            10          55.6          -11          4.7   (15-84 p)   [   15.0000,    70.0000]
Pdec            11          38.2         -6.1           13   (15-84 p)   [   30.0000,  1000.0000]
Oamp            12         -1.50        -0.15         0.15   (15-84 p)   [   -6.6439,     0.0000]

----- common model:  star_parameters

----- common model:  polynomial_trend

====================================================================================================
     Statistics on the model parameters obtained from the posteriors samples     
====================================================================================================

----- dataset:  RVdata
jitter_0                  1.02        -0.16         0.17    (15-84 p)
jitter_1                  1.58        -0.11         0.11    (15-84 p)
offset_0             -10468.15        -0.83         0.89    (15-84 p)
offset_1             -10476.44        -0.36         0.39    (15-84 p)
offset_2              -10461.9         -1.1          1.1    (15-84 p)


----- dataset: RVdata                    ----- model: gp_multidimensional           
rot_amp                  0.068       -0.048         0.10    (15-84 p)
con_amp                   1.87        -0.20         0.25    (15-84 p)

----- dataset:  BISdata
jitter_0                 0.187       -0.075        0.071    (15-84 p)
jitter_1                  1.12        -0.11         0.12    (15-84 p)
offset_0                -58.95        -0.36         0.36    (15-84 p)
offset_1                -24.74        -0.19         0.18    (15-84 p)
offset_2                -12.48        -0.68         0.71    (15-84 p)


----- dataset: BISdata                   ----- model: gp_multidimensional           
rot_amp                  -5.37        -0.85         0.64    (15-84 p)
con_amp                   0.75        -0.12         0.12    (15-84 p)

----- dataset:  FWHMdata
jitter_0                  2.25        -0.28         0.36    (15-84 p)
jitter_1                  1.97        -0.22         0.22    (15-84 p)
offset_0                6629.9         -2.1          2.1    (15-84 p)
offset_1               6748.61        -0.88         0.93    (15-84 p)
offset_2                6768.2         -2.6          2.6    (15-84 p)


----- dataset: FWHMdata                  ----- model: gp_multidimensional           
rot_amp                   0.00                              [fixed]
con_amp                   4.83        -0.46         0.54    (15-84 p)

----- common model:  b
P                      14.2916      -0.0026       0.0018    (15-84 p)
K                         1.72        -0.16         0.15    (15-84 p)
mean_long                  200          -16           13    (15-84 p)
e                        0.236       -0.096        0.090    (15-84 p)
omega                      221          -26           18    (15-84 p)

----- common model:  c
P                      33.4532      -0.0094       0.0079    (15-84 p)
K                         1.90        -0.18         0.17    (15-84 p)
mean_long                  315          -12           11    (15-84 p)
e                        0.305        -0.11        0.092    (15-84 p)
omega                        3          -15           17    (15-84 p)

----- common model:  activity
Prot                      55.6          -11          4.7    (15-84 p)
Pdec                      38.2         -6.1           13    (15-84 p)
Oamp                     0.353       -0.034        0.038    (15-84 p)

----- common model:  star_parameters

----- common model:  polynomial_trend

====================================================================================================
     Statistics on the derived parameters obtained from the posteriors samples     
====================================================================================================

----- common model:  b
Inclination fixed to 90 deg!
Computing planetary mass under the approximation M_planet << M_star (threshold at 30.0 Me)
M_Mj                    0.0175      -0.0016       0.0014    (15-84 p)
M_Me                      5.57        -0.50         0.46    (15-84 p)
Tc                  2452948.34        -0.49         0.60    (15-84 p)
a_AU_(M)               0.10831     -0.00043      0.00044    (15-84 p)

----- common model:  c
Inclination fixed to 90 deg!
Computing planetary mass under the approximation M_planet << M_star (threshold at 30.0 Me)
M_Mj                    0.0252      -0.0023       0.0023    (15-84 p)
M_Me                      8.02        -0.74         0.72    (15-84 p)
Tc                   2452947.0         -1.6          2.0    (15-84 p)
a_AU_(M)               0.19095     -0.00076      0.00076    (15-84 p)


====================================================================================================
     ------------------------------------------------------------------------------------------     
====================================================================================================



****************************************************************************************************

 Parameters corresponding to the Maximum a Posteriori probability ( -1814.4997441383803 )

====================================================================================================
     Statistics on the posterior of the sampler parameters     
====================================================================================================

----- dataset:  RVdata
jitter_0        13      1.023551 [    0.0010,    86.8606]
jitter_1        14      1.506232 [    0.0010,    86.8606]
offset_0        15  -10468.136167 [-20483.8688,  -460.9658]
offset_1        16  -10476.480738 [-20483.8688,  -460.9658]
offset_2        17  -10463.000730 [-20483.8688,  -460.9658]

----- dataset: RVdata                    ----- model: gp_multidimensional           
rot_amp         18      0.158581 [    0.0000,    20.0000]
con_amp         19      1.818329 [  -20.0000,    20.0000]

----- dataset:  BISdata
jitter_0        20      0.157419 [    0.0019,   173.7212]
jitter_1        21      1.060944 [    0.0019,   173.7212]
offset_0        22    -58.847638 [-10061.1875,  9988.7962]
offset_1        23    -24.792314 [-10061.1875,  9988.7962]
offset_2        24    -12.627549 [-10061.1875,  9988.7962]

----- dataset: BISdata                   ----- model: gp_multidimensional           
rot_amp         25     -5.417306 [  -20.0000,    20.0000]
con_amp         26      0.700382 [  -20.0000,    20.0000]

----- dataset:  FWHMdata
jitter_0        27      2.298284 [    0.0019,   173.7212]
jitter_1        28      1.794025 [    0.0019,   173.7212]
offset_0        29   6630.334994 [-3377.7949, 16769.8504]
offset_1        30   6748.467776 [-3377.7949, 16769.8504]
offset_2        31   6766.715787 [-3377.7949, 16769.8504]

----- dataset: FWHMdata                  ----- model: gp_multidimensional           
con_amp         32      4.543787 [  -50.0000,    50.0000]

----- common model:  b
P                0      3.837100 [    3.3219,     4.9069]
K                1      0.619656 [   -3.3219,     2.3219]
sre_coso         2     -0.449698 [   -1.0000,     1.0000]
sre_sino         3      0.024873 [   -1.0000,     1.0000]
mean_long        4    196.365708 [   26.3413,   386.3413]

----- common model:  c
P                5      5.064293 [    4.9069,     5.4919]
K                6      1.059521 [   -3.3219,     2.3219]
sre_coso         7      0.553909 [   -1.0000,     1.0000]
sre_sino         8     -0.052280 [   -1.0000,     1.0000]
mean_long        9    323.194936 [  137.8873,   497.8873]

----- common model:  activity
Prot            10     44.982343 [   15.0000,    70.0000]
Pdec            11     33.140747 [   30.0000,  1000.0000]
Oamp            12     -1.350022 [   -6.6439,     0.0000]

----- common model:  star_parameters

----- common model:  polynomial_trend

====================================================================================================
     Statistics on the model parameters obtained from the posteriors samples     
====================================================================================================

----- dataset:  RVdata
jitter_0              1.023551 
jitter_1              1.506232 
offset_0         -10468.136167 
offset_1         -10476.480738 
offset_2         -10463.000730 


----- dataset: RVdata                    ----- model: gp_multidimensional           
rot_amp               0.158581 
con_amp               1.818329 

----- dataset:  BISdata
jitter_0              0.157419 
jitter_1              1.060944 
offset_0            -58.847638 
offset_1            -24.792314 
offset_2            -12.627549 


----- dataset: BISdata                   ----- model: gp_multidimensional           
rot_amp              -5.417306 
con_amp               0.700382 

----- dataset:  FWHMdata
jitter_0              2.298284 
jitter_1              1.794025 
offset_0           6630.334994 
offset_1           6748.467776 
offset_2           6766.715787 


----- dataset: FWHMdata                  ----- model: gp_multidimensional           
rot_amp                   0.00 
con_amp               4.543787 

----- common model:  b
P                    14.291644 
K                     1.536509 
mean_long           196.365708 
e                     0.202847 
omega               176.834177 

----- common model:  c
P                    33.458323 
K                     2.084240 
mean_long           323.194936 
e                     0.309549 
omega                -5.391830 

----- common model:  activity
Prot                 44.982343 
Pdec                 33.140747 
Oamp                  0.392286 

----- common model:  star_parameters

----- common model:  polynomial_trend

====================================================================================================
     Statistics on the derived parameters obtained from the posteriors samples     
====================================================================================================

----- common model:  b
Inclination fixed to 90 deg!
M_Mj                  0.015784 
M_Me                  5.017493 
Tc              2452948.523836 
a_AU_(M)              0.108041 

----- common model:  c
Inclination fixed to 90 deg!
M_Mj                  0.027706 
M_Me                  8.807606 
Tc              2452946.031954 
a_AU_(M)              0.190833 


====================================================================================================
     ------------------------------------------------------------------------------------------     
====================================================================================================



****************************************************************************************************

 Parameters corresponding to the sample closest to the median values ( -1819.1757715867318 )

====================================================================================================
     Statistics on the posterior of the sampler parameters     
====================================================================================================

----- dataset:  RVdata
jitter_0        13      0.917267 [    0.0010,    86.8606]
jitter_1        14      1.657357 [    0.0010,    86.8606]
offset_0        15  -10468.106221 [-20483.8688,  -460.9658]
offset_1        16  -10476.297332 [-20483.8688,  -460.9658]
offset_2        17  -10461.472861 [-20483.8688,  -460.9658]

----- dataset: RVdata                    ----- model: gp_multidimensional           
rot_amp         18      0.023862 [    0.0000,    20.0000]
con_amp         19      1.783571 [  -20.0000,    20.0000]

----- dataset:  BISdata
jitter_0        20      0.191701 [    0.0019,   173.7212]
jitter_1        21      1.052751 [    0.0019,   173.7212]
offset_0        22    -58.794479 [-10061.1875,  9988.7962]
offset_1        23    -24.901322 [-10061.1875,  9988.7962]
offset_2        24    -12.756320 [-10061.1875,  9988.7962]

----- dataset: BISdata                   ----- model: gp_multidimensional           
rot_amp         25     -5.297722 [  -20.0000,    20.0000]
con_amp         26      0.676258 [  -20.0000,    20.0000]

----- dataset:  FWHMdata
jitter_0        27      2.123428 [    0.0019,   173.7212]
jitter_1        28      1.779596 [    0.0019,   173.7212]
offset_0        29   6630.020832 [-3377.7949, 16769.8504]
offset_1        30   6749.094773 [-3377.7949, 16769.8504]
offset_2        31   6768.341421 [-3377.7949, 16769.8504]

----- dataset: FWHMdata                  ----- model: gp_multidimensional           
con_amp         32      4.985319 [  -50.0000,    50.0000]

----- common model:  b
P                0      3.837046 [    3.3219,     4.9069]
K                1      0.791513 [   -3.3219,     2.3219]
sre_coso         2     -0.288928 [   -1.0000,     1.0000]
sre_sino         3     -0.373985 [   -1.0000,     1.0000]
mean_long        4    200.012186 [   26.3413,   386.3413]

----- common model:  c
P                5      5.064169 [    4.9069,     5.4919]
K                6      0.872492 [   -3.3219,     2.3219]
sre_coso         7      0.570674 [   -1.0000,     1.0000]
sre_sino         8      0.128608 [   -1.0000,     1.0000]
mean_long        9    315.032969 [  137.8873,   497.8873]

----- common model:  activity
Prot            10     58.388972 [   15.0000,    70.0000]
Pdec            11     37.536473 [   30.0000,  1000.0000]
Oamp            12     -1.546118 [   -6.6439,     0.0000]

----- common model:  star_parameters

----- common model:  polynomial_trend

====================================================================================================
     Statistics on the model parameters obtained from the posteriors samples     
====================================================================================================

----- dataset:  RVdata
jitter_0              0.917267 
jitter_1              1.657357 
offset_0         -10468.106221 
offset_1         -10476.297332 
offset_2         -10461.472861 


----- dataset: RVdata                    ----- model: gp_multidimensional           
rot_amp               0.023862 
con_amp               1.783571 

----- dataset:  BISdata
jitter_0              0.191701 
jitter_1              1.052751 
offset_0            -58.794479 
offset_1            -24.901322 
offset_2            -12.756320 


----- dataset: BISdata                   ----- model: gp_multidimensional           
rot_amp              -5.297722 
con_amp               0.676258 

----- dataset:  FWHMdata
jitter_0              2.123428 
jitter_1              1.779596 
offset_0           6630.020832 
offset_1           6749.094773 
offset_2           6768.341421 


----- dataset: FWHMdata                  ----- model: gp_multidimensional           
rot_amp                   0.00 
con_amp               4.985319 

----- common model:  b
P                    14.291105 
K                     1.730889 
mean_long           200.012186 
e                     0.223344 
omega              -127.688370 

----- common model:  c
P                    33.455431 
K                     1.830823 
mean_long           315.032969 
e                     0.342208 
omega                12.700082 

----- common model:  activity
Prot                 58.388972 
Pdec                 37.536473 
Oamp                  0.342430 

----- common model:  star_parameters

----- common model:  polynomial_trend

====================================================================================================
     Statistics on the derived parameters obtained from the posteriors samples     
====================================================================================================

----- common model:  b
Inclination fixed to 90 deg!
M_Mj                  0.017617 
M_Me                  5.600304 
Tc              2452948.183788 
a_AU_(M)              0.107788 

----- common model:  c
Inclination fixed to 90 deg!
M_Mj                  0.023657 
M_Me                  7.520534 
Tc              2452946.788188 
a_AU_(M)              0.189264 


====================================================================================================
     ------------------------------------------------------------------------------------------     
====================================================================================================



****************************************************************************************************

Inclination fixed to 90 deg!
Inclination fixed to 90 deg!
 *** Please provide a prior on stellar mass, radius or density *** 

Inclination fixed to 90 deg!
Inclination fixed to 90 deg!
Inclination fixed to 90 deg!
Inclination fixed to 90 deg!
 Plot FLAT chain 

****************************************************************************************************

 Skipping full correlation plot due to the high number of parameters
 To avoid this behaviour, set the keyword parameters:force_full_correlation_plot to True

****************************************************************************************************

 Plotting the chains... 

****************************************************************************************************

 Plotting the Gelman-Rubin traces... 

     Gelman-Rubin:    13     1.247044 RVdata_jitter_0 
     Gelman-Rubin:    14     1.226846 RVdata_jitter_1 
     Gelman-Rubin:    15     1.260655 RVdata_offset_0 
     Gelman-Rubin:    16     1.229011 RVdata_offset_1 
     Gelman-Rubin:    17     1.230589 RVdata_offset_2 
     Gelman-Rubin:    18     1.146856 RVdata_gp_multidimensional_rot_amp 
     Gelman-Rubin:    19     1.240715 RVdata_gp_multidimensional_con_amp 
     Gelman-Rubin:    20     1.185464 BISdata_jitter_0 
     Gelman-Rubin:    21     1.241763 BISdata_jitter_1 
     Gelman-Rubin:    22     1.244831 BISdata_offset_0 
     Gelman-Rubin:    23     1.207432 BISdata_offset_1 
     Gelman-Rubin:    24     1.196960 BISdata_offset_2 
     Gelman-Rubin:    25     1.231384 BISdata_gp_multidimensional_rot_amp 
     Gelman-Rubin:    26     1.207194 BISdata_gp_multidimensional_con_amp 
     Gelman-Rubin:    27     1.253080 FWHMdata_jitter_0 
     Gelman-Rubin:    28     1.227542 FWHMdata_jitter_1 
     Gelman-Rubin:    29     1.263498 FWHMdata_offset_0 
     Gelman-Rubin:    30     1.225991 FWHMdata_offset_1 
     Gelman-Rubin:    31     1.220179 FWHMdata_offset_2 
     Gelman-Rubin:    32     1.215712 FWHMdata_gp_multidimensional_con_amp 
     Gelman-Rubin:     0     1.244499 b_P 
     Gelman-Rubin:     1     1.200113 b_K 
     Gelman-Rubin:     2     1.270737 b_sre_coso 
     Gelman-Rubin:     3     1.208616 b_sre_sino 
     Gelman-Rubin:     4     1.226104 b_mean_long 
     Gelman-Rubin:     5     1.230665 c_P 
     Gelman-Rubin:     6     1.247103 c_K 
     Gelman-Rubin:     7     1.197575 c_sre_coso 
     Gelman-Rubin:     8     1.262716 c_sre_sino 
     Gelman-Rubin:     9     1.206012 c_mean_long 
     Gelman-Rubin:    10     1.253651 activity_Prot 
     Gelman-Rubin:    11     1.337619 activity_Pdec 
     Gelman-Rubin:    12     1.238241 activity_Oamp 

****************************************************************************************************

Plotting the common models corner plots
     Common model:  b
     Common model:  c
     Common model:  activity
     Common model:  star_parameters
     Common model:  polynomial_trend

****************************************************************************************************

Plotting the dataset + models corner plots 

     Dataset:  RVdata     model:  gp_multidimensional  corner plot  starting 
     Dataset:  RVdata     model:  gp_multidimensional  corner plot  done 
     Dataset:  RVdata     model:  radial_velocities_b  corner plot  starting 
     Dataset:  RVdata     model:  radial_velocities_b  corner plot  done 
     Dataset:  RVdata     model:  radial_velocities_c  corner plot  starting 
     Dataset:  RVdata     model:  radial_velocities_c  corner plot  done 
     Dataset:  BISdata     model:  gp_multidimensional  corner plot  starting 
     Dataset:  BISdata     model:  gp_multidimensional  corner plot  done 
     Dataset:  FWHMdata     model:  gp_multidimensional  corner plot  starting 
     Dataset:  FWHMdata     model:  gp_multidimensional  corner plot  done 

****************************************************************************************************

 Saving the planet parameter samplings to files (with plots)

****************************************************************************************************

 Saving all the parameter samplings to files (with plots)

****************************************************************************************************

 Computing the models for plot/data writing 
     computing GP prediction for the whole temporal range, it may take a while...
     computing GP prediction for the whole temporal range, it may take a while...
     computing GP prediction for the whole temporal range, it may take a while...
     computing GP prediction for the whole temporal range, it may take a while...
     computing GP prediction for the whole temporal range, it may take a while...
     computing GP prediction for the whole temporal range, it may take a while...
     computing GP prediction for the whole temporal range, it may take a while...
     computing GP prediction for the whole temporal range, it may take a while...
     computing GP prediction for the whole temporal range, it may take a while...
 Writing the plots 
 Writing the   data files 
 Writing the  MAP_ data files 
 Writing the  sampleMED_ data files 

****************************************************************************************************

