
:::---::: PyORBIT v10.11.2 :::---:::

Python version in use:
3.10.18 (main, Jun  5 2025, 13:14:17) [GCC 11.2.0]
LaTeX disabled by default

Using orbital model:  keplerian
Using orbital parametrization:  Eastman2013

Using orbital model:  keplerian
Using orbital parametrization:  Eastman2013

Using orbital model:  keplerian
Using orbital parametrization:  Eastman2013

gp_multidimensional  S+LEAF model, number of harmonics: 4

GP model: gp_multidimensional  hyperparameters_condition:    True
GP model: gp_multidimensional  rotation_decay_condition:     True

### PyORBIT version used in the analysis:  10.11.2

 emcee version:  3.1.6

 Reference Time Tref: 2452937.54737118

 Data points:828
 Dimensions: 38
 Nwalkers:   228
 Steps:      150000


Number of samplings: 456000


Recomputing ln-prior, it may take a while...

ln-probability   distribution:  -1832.87       -5.38      4.63 (15-84 p) 
ln-prior         distribution:   -200.71       -2.99      2.36 (15-84 p) 
ln-likelihood    distribution:  -1631.89       -5.96      5.31 (15-84 p) 


*** Information criteria using the likelihood distribution

 BIC from distribution  (using likelihood)  =   3519.10    -10.63   11.92 (15-84 p)
 AIC from distribution  (using likelihood)  =   3339.78    -10.63   11.92 (15-84 p)
 AICc from distribution (using likelihood)  =   3343.53    -10.63   11.92 (15-84 p)


*** Information criteria using the median parameter set

 ln_probability of Median solution =  -1815.27
 ln_priors of Median solution      =   -200.52
 ln_likelihood of Median solution  =  -1614.74

 Median BIC  (using likelihood) =   3484.81
 Median AIC  (using likelihood) =   3305.49
 Median AICc (using likelihood) =   3309.24


*** Information criteria using the MAP parameter set

 ln_probability of MAP solution =  -1816.94
 ln_priors of MAP solution      =   -201.38
 ln_likelihood of MAP solution  =  -1615.56

 MAP BIC  (using likelihood)    =   3486.44
 MAP AIC  (using likelihood)    =   3307.12
 MAP AICc (using likelihood)    =   3310.87

 AICc suggested over AIC because NDATA ( 828 ) < 40 * NDIM ( 38 )

****************************************************************************************************


Computing the autocorrelation time of the chains

***** WARNING ******
The integrated autocorrelation time cannot be reliably estimated
likely the chains are too short, and ACF analysis is not fully reliable
emcee.autocorr.integrated_time tolerance lowered to 20
If you still get a warning, you should drop these results entirely

Reference thinning used in the analysis: 50
Maximum value of the integrated ACF: 77
Step length used in the analysis: 77*nthin = 3850

Convergence criteria: less than 1% variation in ACF after 20 times the integrated ACF
At least 50*ACF after convergence, 100*ACF would be ideal
Negative values: not converged yet

   sampler parameter              |    ACF   | ACF*nthin | converged at | nsteps/ACF | to 100*ACF
                                  |          |           |              |            | 
   RVdata_jitter_0                |   31.26  |     1563  |    92400     |      37    |   98696 
   RVdata_jitter_1                |   38.39  |     1919  |   103950     |      24    |  145880 
   RVdata_offset_0                |   33.05  |     1652  |    92400     |      35    |  107631 
   RVdata_offset_1                |   30.33  |     1517  |    80850     |      46    |   82516 
   RVdata_offset_2                |   29.79  |     1489  |   100100     |      34    |   99047 
   RVdata_gp_multidimensional_rot_amp |   39.40  |     1970  |   103950     |      23    |  150974 
   RVdata_gp_multidimensional_con_amp |   31.61  |     1581  |    96250     |      34    |  104314 
   BISdata_jitter_0               |   30.88  |     1544  |    88550     |      40    |   92956 
   BISdata_jitter_1               |   29.70  |     1485  |    96250     |      36    |   94730 
   BISdata_offset_0               |   31.19  |     1559  |    96250     |      34    |  102200 
   BISdata_offset_1               |   29.49  |     1474  |    92400     |      39    |   89837 
   BISdata_offset_2               |   29.87  |     1493  |    92400     |      39    |   91748 
   BISdata_gp_multidimensional_rot_amp |   32.54  |     1627  |   111650     |      24    |  124360 
   BISdata_gp_multidimensional_con_amp |   31.86  |     1593  |    96250     |      34    |  105544 
   FWHMdata_jitter_0              |   30.66  |     1533  |   103950     |      30    |  107255 
   FWHMdata_jitter_1              |   33.40  |     1670  |   103950     |      28    |  120935 
   FWHMdata_offset_0              |   31.77  |     1588  |    96250     |      34    |  105098 
   FWHMdata_offset_1              |   29.98  |     1499  |    92400     |      38    |   92306 
   FWHMdata_offset_2              |   29.20  |     1460  |   100100     |      34    |   96078 
   FWHMdata_gp_multidimensional_con_amp |   32.79  |     1639  |   115500     |      21    |  129435 
   b_P                            |   37.62  |     1881  |   115500     |      18    |  153612 
   b_K                            |   34.66  |     1733  |   100100     |      29    |  123412 
   b_sre_coso                     |   38.80  |     1940  |   111650     |      20    |  155627 
   b_sre_sino                     |   33.10  |     1655  |   100100     |      30    |  115601 
   b_mean_long                    |   35.01  |     1750  |   103950     |      26    |  128981 
   c_P                            |   53.96  |     2698  |   134750     |       6    |  254545 
   c_K                            |   30.40  |     1520  |    96250     |      35    |   98247 
   c_sre_coso                     |   77.47  |     3873  |       -1     |      -1    |  391209 
   c_sre_sino                     |   46.98  |     2349  |    96250     |      23    |  181163 
   c_mean_long                    |   51.17  |     2558  |   134750     |       6    |  240599 
   d_P                            |   45.11  |     2256  |   127050     |      10    |  202614 
   d_K                            |   37.78  |     1889  |    96250     |      28    |  135131 
   d_sre_coso                     |   48.64  |     2432  |   127050     |       9    |  220249 
   d_sre_sino                     |   51.14  |     2557  |   115500     |      13    |  221199 
   d_mean_long                    |   44.85  |     2242  |   127050     |      10    |  201288 
   activity_Prot                  |   48.57  |     2429  |   130900     |       8    |  223763 
   activity_Pdec                  |   46.13  |     2307  |   103950     |      20    |  184602 
   activity_Oamp                  |   29.26  |     1463  |   100100     |      34    |   96378 

     1 chains have not converged yet, keep going 

Check the documentation for the correct interpretation of these results:
https://pyorbit.readthedocs.io/running_pyorbit/terminal_output/#autocorrelation-analysis

 Plotting the ACF... 


====================================================================================================
     Ids, spaces (s), boundaries (b) and priors (p) of the sampler parameters     
====================================================================================================

----- dataset:  RVdata
jitter_0      id:  18  s:Linear      b:[      0.0010,      86.8606]   p:Uniform   []
jitter_1      id:  19  s:Linear      b:[      0.0010,      86.8606]   p:Uniform   []
offset_0      id:  20  s:Linear      b:[ -20483.8688,    -460.9658]   p:Uniform   []
offset_1      id:  21  s:Linear      b:[ -20483.8688,    -460.9658]   p:Uniform   []
offset_2      id:  22  s:Linear      b:[ -20483.8688,    -460.9658]   p:Uniform   []

----- dataset: RVdata                    ----- model: gp_multidimensional           
rot_amp       id:  23  s:Linear      b:[      0.0000,      20.0000]   p:Uniform   []
con_amp       id:  24  s:Linear      b:[    -20.0000,      20.0000]   p:Uniform   []

----- dataset:  BISdata
jitter_0      id:  25  s:Linear      b:[      0.0019,     173.7212]   p:Uniform   []
jitter_1      id:  26  s:Linear      b:[      0.0019,     173.7212]   p:Uniform   []
offset_0      id:  27  s:Linear      b:[ -10061.1875,    9988.7962]   p:Uniform   []
offset_1      id:  28  s:Linear      b:[ -10061.1875,    9988.7962]   p:Uniform   []
offset_2      id:  29  s:Linear      b:[ -10061.1875,    9988.7962]   p:Uniform   []

----- dataset: BISdata                   ----- model: gp_multidimensional           
rot_amp       id:  30  s:Linear      b:[    -20.0000,      20.0000]   p:Uniform   []
con_amp       id:  31  s:Linear      b:[    -20.0000,      20.0000]   p:Uniform   []

----- dataset:  FWHMdata
jitter_0      id:  32  s:Linear      b:[      0.0019,     173.7212]   p:Uniform   []
jitter_1      id:  33  s:Linear      b:[      0.0019,     173.7212]   p:Uniform   []
offset_0      id:  34  s:Linear      b:[  -3377.7949,   16769.8504]   p:Uniform   []
offset_1      id:  35  s:Linear      b:[  -3377.7949,   16769.8504]   p:Uniform   []
offset_2      id:  36  s:Linear      b:[  -3377.7949,   16769.8504]   p:Uniform   []

----- dataset: FWHMdata                  ----- model: gp_multidimensional           
con_amp       id:  37  s:Linear      b:[    -50.0000,      50.0000]   p:Uniform   []
rot_amp       derived (no id, space, bound)                           p:None   []

----- common model:  b
P             id:   0  s:Log_Base2   b:[      3.3219,       4.9069]   p:Uniform   []
K             id:   1  s:Log_Base2   b:[     -3.3219,       2.3219]   p:Uniform   []
sre_coso      id:   2  s:Linear      b:[     -1.0000,       1.0000]   p:Uniform   []
sre_sino      id:   3  s:Linear      b:[     -1.0000,       1.0000]   p:Uniform   []
mean_long     id:   4  s:Linear      b:[     64.4606,     424.4606]   p:Uniform   []
e             derived (no id, space, bound)                           p:Uniform   [0.  0.4]
omega         derived (no id, space, bound)                           p:Uniform   [0.0, 360.0]

----- common model:  c
P             id:   5  s:Log_Base2   b:[      4.9069,       5.4919]   p:Uniform   []
K             id:   6  s:Log_Base2   b:[     -3.3219,       2.3219]   p:Uniform   []
sre_coso      id:   7  s:Linear      b:[     -1.0000,       1.0000]   p:Uniform   []
sre_sino      id:   8  s:Linear      b:[     -1.0000,       1.0000]   p:Uniform   []
mean_long     id:   9  s:Linear      b:[    122.0820,     482.0820]   p:Uniform   []
e             derived (no id, space, bound)                           p:Uniform   [0.1 0.5]
omega         derived (no id, space, bound)                           p:Uniform   [0.0, 360.0]

----- common model:  d
P             id:  10  s:Log_Base2   b:[      1.0000,      12.2877]   p:Uniform   []
K             id:  11  s:Log_Base2   b:[     -3.3219,       2.3219]   p:Uniform   []
sre_coso      id:  12  s:Linear      b:[     -1.0000,       1.0000]   p:Uniform   []
sre_sino      id:  13  s:Linear      b:[     -1.0000,       1.0000]   p:Uniform   []
mean_long     id:  14  s:Linear      b:[   -125.6299,     234.3701]   p:Uniform   []
e             derived (no id, space, bound)                           p:Uniform   [0.  0.7]
omega         derived (no id, space, bound)                           p:Uniform   [0.0, 360.0]

----- common model:  activity
Prot          id:  15  s:Linear      b:[     15.0000,      50.0000]   p:Gaussian   [20.  1.]
Pdec          id:  16  s:Linear      b:[     30.0000,    1000.0000]   p:Uniform   []
Oamp          id:  17  s:Log_Base2   b:[     -6.6439,       0.0000]   p:Gaussian   [0.35  0.035]

----- common model:  star_parameters
mass          derived (no id, space, bound)                           p:Gaussian   [0.83 0.01]

----- common model:  polynomial_trend


****************************************************************************************************
****************************************************************************************************

 Confidence intervals (median value, 34.135th percentile from the median on the left and right side)

====================================================================================================
     Statistics on the posterior of the sampler parameters     
====================================================================================================

----- dataset:  RVdata
jitter_0        18         0.811       -0.096         0.11   (15-84 p)   [    0.0010,    86.8606]
jitter_1        19          1.31        -0.14         0.14   (15-84 p)   [    0.0010,    86.8606]
offset_0        20     -10468.52        -0.86         0.86   (15-84 p)   [-20483.8688,  -460.9658]
offset_1        21     -10476.24        -0.38         0.38   (15-84 p)   [-20483.8688,  -460.9658]
offset_2        22      -10461.6         -1.1          1.1   (15-84 p)   [-20483.8688,  -460.9658]

----- dataset: RVdata                    ----- model: gp_multidimensional           
rot_amp         23          3.01        -0.96         0.83   (15-84 p)   [    0.0000,    20.0000]
con_amp         24         -1.76        -0.19         0.17   (15-84 p)   [  -20.0000,    20.0000]

----- dataset:  BISdata
jitter_0        25         0.102       -0.067        0.082   (15-84 p)   [    0.0019,   173.7212]
jitter_1        26          1.28        -0.12         0.12   (15-84 p)   [    0.0019,   173.7212]
offset_0        27        -59.31        -0.35         0.35   (15-84 p)   [-10061.1875,  9988.7962]
offset_1        28        -24.70        -0.20         0.20   (15-84 p)   [-10061.1875,  9988.7962]
offset_2        29        -12.51        -0.81         0.80   (15-84 p)   [-10061.1875,  9988.7962]

----- dataset: BISdata                   ----- model: gp_multidimensional           
rot_amp         30          3.60        -0.46         0.51   (15-84 p)   [  -20.0000,    20.0000]
con_amp         31         -0.76        -0.12         0.11   (15-84 p)   [  -20.0000,    20.0000]

----- dataset:  FWHMdata
jitter_0        32          1.98        -0.21         0.25   (15-84 p)   [    0.0019,   173.7212]
jitter_1        33          1.92        -0.20         0.21   (15-84 p)   [    0.0019,   173.7212]
offset_0        34        6629.2         -2.1          2.1   (15-84 p)   [-3377.7949, 16769.8504]
offset_1        35       6749.14        -0.94         0.95   (15-84 p)   [-3377.7949, 16769.8504]
offset_2        36        6767.8         -2.3          2.3   (15-84 p)   [-3377.7949, 16769.8504]

----- dataset: FWHMdata                  ----- model: gp_multidimensional           
con_amp         37         -4.56        -0.46         0.40   (15-84 p)   [  -50.0000,    50.0000]

----- common model:  b
P                0       3.83760     -0.00013      0.00012   (15-84 p)   [    3.3219,     4.9069]
K                1          0.80        -0.13         0.12   (15-84 p)   [   -3.3219,     2.3219]
sre_coso         2        -0.481       -0.076         0.11   (15-84 p)   [   -1.0000,     1.0000]
sre_sino         3         -0.27        -0.11         0.12   (15-84 p)   [   -1.0000,     1.0000]
mean_long        4           239          -11           10   (15-84 p)   [   64.4606,   424.4606]

----- common model:  c
P                5       5.06360     -0.00065      0.00051   (15-84 p)   [    4.9069,     5.4919]
K                6          0.78        -0.13         0.12   (15-84 p)   [   -3.3219,     2.3219]
sre_coso         7          0.45        -0.14         0.12   (15-84 p)   [   -1.0000,     1.0000]
sre_sino         8         -0.04        -0.18         0.17   (15-84 p)   [   -1.0000,     1.0000]
mean_long        9           296          -18           14   (15-84 p)   [  122.0820,   482.0820]

----- common model:  d
P               10        6.6801      -0.0012       0.0010   (15-84 p)   [    1.0000,    12.2877]
K               11          0.50        -0.22         0.20   (15-84 p)   [   -3.3219,     2.3219]
sre_coso        12         -0.18        -0.20         0.24   (15-84 p)   [   -1.0000,     1.0000]
sre_sino        13         -0.46        -0.12         0.20   (15-84 p)   [   -1.0000,     1.0000]
mean_long       14            51          -17           15   (15-84 p)   [ -125.6299,   234.3701]

----- common model:  activity
Prot            15         19.72        -0.46         0.59   (15-84 p)   [   15.0000,    50.0000]
Pdec            16          40.6         -1.3          1.9   (15-84 p)   [   30.0000,  1000.0000]
Oamp            17        -1.098       -0.088        0.083   (15-84 p)   [   -6.6439,     0.0000]

----- common model:  star_parameters

----- common model:  polynomial_trend

====================================================================================================
     Statistics on the model parameters obtained from the posteriors samples     
====================================================================================================

----- dataset:  RVdata
jitter_0                 0.811       -0.096         0.11    (15-84 p)
jitter_1                  1.31        -0.14         0.14    (15-84 p)
offset_0             -10468.52        -0.86         0.86    (15-84 p)
offset_1             -10476.24        -0.38         0.38    (15-84 p)
offset_2              -10461.6         -1.1          1.1    (15-84 p)


----- dataset: RVdata                    ----- model: gp_multidimensional           
rot_amp                   3.01        -0.96         0.83    (15-84 p)
con_amp                  -1.76        -0.19         0.17    (15-84 p)

----- dataset:  BISdata
jitter_0                 0.102       -0.067        0.082    (15-84 p)
jitter_1                  1.28        -0.12         0.12    (15-84 p)
offset_0                -59.31        -0.35         0.35    (15-84 p)
offset_1                -24.70        -0.20         0.20    (15-84 p)
offset_2                -12.51        -0.81         0.80    (15-84 p)


----- dataset: BISdata                   ----- model: gp_multidimensional           
rot_amp                   3.60        -0.46         0.51    (15-84 p)
con_amp                  -0.76        -0.12         0.11    (15-84 p)

----- dataset:  FWHMdata
jitter_0                  1.98        -0.21         0.25    (15-84 p)
jitter_1                  1.92        -0.20         0.21    (15-84 p)
offset_0                6629.2         -2.1          2.1    (15-84 p)
offset_1               6749.14        -0.94         0.95    (15-84 p)
offset_2                6767.8         -2.3          2.3    (15-84 p)


----- dataset: FWHMdata                  ----- model: gp_multidimensional           
rot_amp                   0.00                              [fixed]
con_amp                  -4.56        -0.46         0.40    (15-84 p)

----- common model:  b
P                      14.2966      -0.0013       0.0012    (15-84 p)
K                         1.74        -0.16         0.16    (15-84 p)
mean_long                  239          -11           10    (15-84 p)
e                        0.320       -0.076        0.053    (15-84 p)
omega                     -151          -13           14    (15-84 p)

----- common model:  c
P                       33.442       -0.015        0.012    (15-84 p)
K                         1.72        -0.14         0.14    (15-84 p)
mean_long                  296          -18           14    (15-84 p)
e                        0.226       -0.092         0.12    (15-84 p)
omega                       -5          -24           21    (15-84 p)

----- common model:  d
P                      102.547       -0.089        0.072    (15-84 p)
K                         1.41        -0.20         0.21    (15-84 p)
mean_long                   51          -17           15    (15-84 p)
e                         0.29        -0.12         0.11    (15-84 p)
omega                     -111          -29           28    (15-84 p)

----- common model:  activity
Prot                     19.72        -0.46         0.59    (15-84 p)
Pdec                      40.6         -1.3          1.9    (15-84 p)
Oamp                     0.467       -0.028        0.028    (15-84 p)

----- common model:  star_parameters

----- common model:  polynomial_trend

====================================================================================================
     Statistics on the derived parameters obtained from the posteriors samples     
====================================================================================================

----- common model:  b
Inclination fixed to 90 deg!
Computing planetary mass under the approximation M_planet << M_star (threshold at 30.0 Me)
M_Mj                    0.0174      -0.0015       0.0015    (15-84 p)
M_Me                      5.54        -0.47         0.46    (15-84 p)
Tc                  2452947.28        -0.56         0.49    (15-84 p)
a_AU_(M)               0.10834     -0.00044      0.00043    (15-84 p)

----- common model:  c
Inclination fixed to 90 deg!
Computing planetary mass under the approximation M_planet << M_star (threshold at 30.0 Me)
M_Mj                    0.0232      -0.0020       0.0020    (15-84 p)
M_Me                      7.37        -0.62         0.63    (15-84 p)
Tc                   2452949.6         -2.3          2.6    (15-84 p)
a_AU_(M)               0.19090     -0.00077      0.00077    (15-84 p)

----- common model:  d
Inclination fixed to 90 deg!
Computing planetary mass under the approximation M_planet << M_star (threshold at 30.0 Me)
M_Mj                    0.0273      -0.0036       0.0036    (15-84 p)
M_Me                       8.7         -1.2          1.1    (15-84 p)
Tc                   2452953.1         -7.3          8.9    (15-84 p)
a_AU_(M)                0.4029      -0.0016       0.0016    (15-84 p)


====================================================================================================
     ------------------------------------------------------------------------------------------     
====================================================================================================



****************************************************************************************************

 Parameters corresponding to the Maximum a Posteriori probability ( -1816.9372221568171 )

====================================================================================================
     Statistics on the posterior of the sampler parameters     
====================================================================================================

----- dataset:  RVdata
jitter_0        18      0.793899 [    0.0010,    86.8606]
jitter_1        19      1.282774 [    0.0010,    86.8606]
offset_0        20  -10468.941435 [-20483.8688,  -460.9658]
offset_1        21  -10476.379824 [-20483.8688,  -460.9658]
offset_2        22  -10462.193944 [-20483.8688,  -460.9658]

----- dataset: RVdata                    ----- model: gp_multidimensional           
rot_amp         23      3.306075 [    0.0000,    20.0000]
con_amp         24     -1.591788 [  -20.0000,    20.0000]

----- dataset:  BISdata
jitter_0        25      0.103567 [    0.0019,   173.7212]
jitter_1        26      1.266617 [    0.0019,   173.7212]
offset_0        27    -59.304831 [-10061.1875,  9988.7962]
offset_1        28    -24.762542 [-10061.1875,  9988.7962]
offset_2        29    -12.812317 [-10061.1875,  9988.7962]

----- dataset: BISdata                   ----- model: gp_multidimensional           
rot_amp         30      3.122732 [  -20.0000,    20.0000]
con_amp         31     -0.690075 [  -20.0000,    20.0000]

----- dataset:  FWHMdata
jitter_0        32      1.808451 [    0.0019,   173.7212]
jitter_1        33      2.000305 [    0.0019,   173.7212]
offset_0        34   6628.993409 [-3377.7949, 16769.8504]
offset_1        35   6748.728381 [-3377.7949, 16769.8504]
offset_2        36   6766.223539 [-3377.7949, 16769.8504]

----- dataset: FWHMdata                  ----- model: gp_multidimensional           
con_amp         37     -4.031199 [  -50.0000,    50.0000]

----- common model:  b
P                0      3.837563 [    3.3219,     4.9069]
K                1      0.858012 [   -3.3219,     2.3219]
sre_coso         2     -0.601012 [   -1.0000,     1.0000]
sre_sino         3     -0.171243 [   -1.0000,     1.0000]
mean_long        4    235.443893 [   64.4606,   424.4606]

----- common model:  c
P                5      5.064030 [    4.9069,     5.4919]
K                6      0.754059 [   -3.3219,     2.3219]
sre_coso         7      0.540403 [   -1.0000,     1.0000]
sre_sino         8     -0.043976 [   -1.0000,     1.0000]
mean_long        9    302.809842 [  122.0820,   482.0820]

----- common model:  d
P               10      6.680503 [    1.0000,    12.2877]
K               11      0.715615 [   -3.3219,     2.3219]
sre_coso        12     -0.268840 [   -1.0000,     1.0000]
sre_sino        13     -0.507819 [   -1.0000,     1.0000]
mean_long       14     53.881659 [ -125.6299,   234.3701]

----- common model:  activity
Prot            15     19.847015 [   15.0000,    50.0000]
Pdec            16     41.224432 [   30.0000,  1000.0000]
Oamp            17     -1.070412 [   -6.6439,     0.0000]

----- common model:  star_parameters

----- common model:  polynomial_trend

====================================================================================================
     Statistics on the model parameters obtained from the posteriors samples     
====================================================================================================

----- dataset:  RVdata
jitter_0              0.793899 
jitter_1              1.282774 
offset_0         -10468.941435 
offset_1         -10476.379824 
offset_2         -10462.193944 


----- dataset: RVdata                    ----- model: gp_multidimensional           
rot_amp               3.306075 
con_amp              -1.591788 

----- dataset:  BISdata
jitter_0              0.103567 
jitter_1              1.266617 
offset_0            -59.304831 
offset_1            -24.762542 
offset_2            -12.812317 


----- dataset: BISdata                   ----- model: gp_multidimensional           
rot_amp               3.122732 
con_amp              -0.690075 

----- dataset:  FWHMdata
jitter_0              1.808451 
jitter_1              2.000305 
offset_0           6628.993409 
offset_1           6748.728381 
offset_2           6766.223539 


----- dataset: FWHMdata                  ----- model: gp_multidimensional           
rot_amp                   0.00 
con_amp              -4.031199 

----- common model:  b
P                    14.296234 
K                     1.812539 
mean_long           235.443893 
e                     0.390539 
omega              -164.096451 

----- common model:  c
P                    33.452225 
K                     1.686531 
mean_long           302.809842 
e                     0.293970 
omega                -4.652308 

----- common model:  d
P                   102.572734 
K                     1.642183 
mean_long            53.881659 
e                     0.330155 
omega              -117.896779 

----- common model:  activity
Prot                 19.847015 
Pdec                 41.224432 
Oamp                  0.476183 

----- common model:  star_parameters

----- common model:  polynomial_trend

====================================================================================================
     Statistics on the derived parameters obtained from the posteriors samples     
====================================================================================================

----- common model:  b
Inclination fixed to 90 deg!
M_Mj                  0.017415 
M_Me                  5.536185 
Tc              2452947.878075 
a_AU_(M)              0.107783 

----- common model:  c
Inclination fixed to 90 deg!
M_Mj                  0.022628 
M_Me                  7.193204 
Tc              2452948.094564 
a_AU_(M)              0.191205 

----- common model:  d
Inclination fixed to 90 deg!
M_Mj                  0.031558 
M_Me                 10.032235 
Tc              2452954.243331 
a_AU_(M)              0.403222 


====================================================================================================
     ------------------------------------------------------------------------------------------     
====================================================================================================



****************************************************************************************************

 Parameters corresponding to the sample closest to the median values ( -1821.966422977545 )

====================================================================================================
     Statistics on the posterior of the sampler parameters     
====================================================================================================

----- dataset:  RVdata
jitter_0        18      0.829754 [    0.0010,    86.8606]
jitter_1        19      1.253746 [    0.0010,    86.8606]
offset_0        20  -10468.133049 [-20483.8688,  -460.9658]
offset_1        21  -10476.420806 [-20483.8688,  -460.9658]
offset_2        22  -10461.969789 [-20483.8688,  -460.9658]

----- dataset: RVdata                    ----- model: gp_multidimensional           
rot_amp         23      3.214794 [    0.0000,    20.0000]
con_amp         24     -1.835721 [  -20.0000,    20.0000]

----- dataset:  BISdata
jitter_0        25      0.097402 [    0.0019,   173.7212]
jitter_1        26      1.318626 [    0.0019,   173.7212]
offset_0        27    -59.210389 [-10061.1875,  9988.7962]
offset_1        28    -24.616491 [-10061.1875,  9988.7962]
offset_2        29    -12.408473 [-10061.1875,  9988.7962]

----- dataset: BISdata                   ----- model: gp_multidimensional           
rot_amp         30      3.295608 [  -20.0000,    20.0000]
con_amp         31     -0.838100 [  -20.0000,    20.0000]

----- dataset:  FWHMdata
jitter_0        32      1.791777 [    0.0019,   173.7212]
jitter_1        33      1.947117 [    0.0019,   173.7212]
offset_0        34   6630.664865 [-3377.7949, 16769.8504]
offset_1        35   6748.665581 [-3377.7949, 16769.8504]
offset_2        36   6769.091238 [-3377.7949, 16769.8504]

----- dataset: FWHMdata                  ----- model: gp_multidimensional           
con_amp         37     -4.677308 [  -50.0000,    50.0000]

----- common model:  b
P                0      3.837626 [    3.3219,     4.9069]
K                1      0.834619 [   -3.3219,     2.3219]
sre_coso         2     -0.498245 [   -1.0000,     1.0000]
sre_sino         3     -0.260228 [   -1.0000,     1.0000]
mean_long        4    236.590723 [   64.4606,   424.4606]

----- common model:  c
P                5      5.063535 [    4.9069,     5.4919]
K                6      0.712454 [   -3.3219,     2.3219]
sre_coso         7      0.372178 [   -1.0000,     1.0000]
sre_sino         8      0.017243 [   -1.0000,     1.0000]
mean_long        9    297.711751 [  122.0820,   482.0820]

----- common model:  d
P               10      6.679590 [    1.0000,    12.2877]
K               11      0.406432 [   -3.3219,     2.3219]
sre_coso        12     -0.286318 [   -1.0000,     1.0000]
sre_sino        13     -0.536570 [   -1.0000,     1.0000]
mean_long       14     41.567538 [ -125.6299,   234.3701]

----- common model:  activity
Prot            15     19.481558 [   15.0000,    50.0000]
Pdec            16     39.742327 [   30.0000,  1000.0000]
Oamp            17     -1.113662 [   -6.6439,     0.0000]

----- common model:  star_parameters

----- common model:  polynomial_trend

====================================================================================================
     Statistics on the model parameters obtained from the posteriors samples     
====================================================================================================

----- dataset:  RVdata
jitter_0              0.829754 
jitter_1              1.253746 
offset_0         -10468.133049 
offset_1         -10476.420806 
offset_2         -10461.969789 


----- dataset: RVdata                    ----- model: gp_multidimensional           
rot_amp               3.214794 
con_amp              -1.835721 

----- dataset:  BISdata
jitter_0              0.097402 
jitter_1              1.318626 
offset_0            -59.210389 
offset_1            -24.616491 
offset_2            -12.408473 


----- dataset: BISdata                   ----- model: gp_multidimensional           
rot_amp               3.295608 
con_amp              -0.838100 

----- dataset:  FWHMdata
jitter_0              1.791777 
jitter_1              1.947117 
offset_0           6630.664865 
offset_1           6748.665581 
offset_2           6769.091238 


----- dataset: FWHMdata                  ----- model: gp_multidimensional           
rot_amp                   0.00 
con_amp              -4.677308 

----- common model:  b
P                    14.296857 
K                     1.783385 
mean_long           236.590723 
e                     0.315967 
omega              -152.422395 

----- common model:  c
P                    33.440753 
K                     1.638589 
mean_long           297.711751 
e                     0.138814 
omega                 2.652638 

----- common model:  d
P                   102.507810 
K                     1.325404 
mean_long            41.567538 
e                     0.369885 
omega              -118.084727 

----- common model:  activity
Prot                 19.481558 
Pdec                 39.742327 
Oamp                  0.462119 

----- common model:  star_parameters

----- common model:  polynomial_trend

====================================================================================================
     Statistics on the derived parameters obtained from the posteriors samples     
====================================================================================================

----- common model:  b
Inclination fixed to 90 deg!
M_Mj                  0.017762 
M_Me                  5.646535 
Tc              2452947.432312 
a_AU_(M)              0.108098 

----- common model:  c
Inclination fixed to 90 deg!
M_Mj                  0.022773 
M_Me                  7.239492 
Tc              2452950.229345 
a_AU_(M)              0.191152 

----- common model:  d
Inclination fixed to 90 deg!
M_Mj                  0.024928 
M_Me                  7.924554 
Tc              2452958.787441 
a_AU_(M)              0.401953 


====================================================================================================
     ------------------------------------------------------------------------------------------     
====================================================================================================



****************************************************************************************************

Inclination fixed to 90 deg!
Inclination fixed to 90 deg!
Inclination fixed to 90 deg!
 *** Please provide a prior on stellar mass, radius or density *** 

Inclination fixed to 90 deg!
Inclination fixed to 90 deg!
Inclination fixed to 90 deg!
Inclination fixed to 90 deg!
Inclination fixed to 90 deg!
Inclination fixed to 90 deg!
 Plot FLAT chain 

****************************************************************************************************

Plotting full_correlation plot with pygtc

****************************************************************************************************

 Plotting the chains... 

****************************************************************************************************

 Plotting the Gelman-Rubin traces... 

     Gelman-Rubin:    18     1.005993 RVdata_jitter_0 
     Gelman-Rubin:    19     1.007649 RVdata_jitter_1 
     Gelman-Rubin:    20     1.006508 RVdata_offset_0 
     Gelman-Rubin:    21     1.005492 RVdata_offset_1 
     Gelman-Rubin:    22     1.005348 RVdata_offset_2 
     Gelman-Rubin:    23     1.008653 RVdata_gp_multidimensional_rot_amp 
     Gelman-Rubin:    24     1.005807 RVdata_gp_multidimensional_con_amp 
     Gelman-Rubin:    25     1.005822 BISdata_jitter_0 
     Gelman-Rubin:    26     1.006378 BISdata_jitter_1 
     Gelman-Rubin:    27     1.005772 BISdata_offset_0 
     Gelman-Rubin:    28     1.005167 BISdata_offset_1 
     Gelman-Rubin:    29     1.005123 BISdata_offset_2 
     Gelman-Rubin:    30     1.006490 BISdata_gp_multidimensional_rot_amp 
     Gelman-Rubin:    31     1.006923 BISdata_gp_multidimensional_con_amp 
     Gelman-Rubin:    32     1.006634 FWHMdata_jitter_0 
     Gelman-Rubin:    33     1.005406 FWHMdata_jitter_1 
     Gelman-Rubin:    34     1.005727 FWHMdata_offset_0 
     Gelman-Rubin:    35     1.005616 FWHMdata_offset_1 
     Gelman-Rubin:    36     1.004858 FWHMdata_offset_2 
     Gelman-Rubin:    37     1.006545 FWHMdata_gp_multidimensional_con_amp 
     Gelman-Rubin:     0     1.007616 b_P 
     Gelman-Rubin:     1     1.008294 b_K 
     Gelman-Rubin:     2     1.008049 b_sre_coso 
     Gelman-Rubin:     3     1.006257 b_sre_sino 
     Gelman-Rubin:     4     1.006010 b_mean_long 
     Gelman-Rubin:     5     1.014670 c_P 
     Gelman-Rubin:     6     1.005498 c_K 
     Gelman-Rubin:     7     1.049789 c_sre_coso 
     Gelman-Rubin:     8     1.009289 c_sre_sino 
     Gelman-Rubin:     9     1.013426 c_mean_long 
     Gelman-Rubin:    10     1.012329 d_P 
     Gelman-Rubin:    11     1.007632 d_K 
     Gelman-Rubin:    12     1.012848 d_sre_coso 
     Gelman-Rubin:    13     1.012802 d_sre_sino 
     Gelman-Rubin:    14     1.013057 d_mean_long 
     Gelman-Rubin:    15     1.012030 activity_Prot 
     Gelman-Rubin:    16     1.010237 activity_Pdec 
     Gelman-Rubin:    17     1.004904 activity_Oamp 

****************************************************************************************************

Plotting the common models corner plots
     Common model:  b
     Common model:  c
     Common model:  d
     Common model:  activity
     Common model:  star_parameters
     Common model:  polynomial_trend

****************************************************************************************************

Plotting the dataset + models corner plots 

     Dataset:  RVdata     model:  gp_multidimensional  corner plot  starting 
     Dataset:  RVdata     model:  gp_multidimensional  corner plot  done 
     Dataset:  RVdata     model:  radial_velocities_b  corner plot  starting 
     Dataset:  RVdata     model:  radial_velocities_b  corner plot  done 
     Dataset:  RVdata     model:  radial_velocities_c  corner plot  starting 
     Dataset:  RVdata     model:  radial_velocities_c  corner plot  done 
     Dataset:  RVdata     model:  radial_velocities_d  corner plot  starting 
     Dataset:  RVdata     model:  radial_velocities_d  corner plot  done 
     Dataset:  BISdata     model:  gp_multidimensional  corner plot  starting 
     Dataset:  BISdata     model:  gp_multidimensional  corner plot  done 
     Dataset:  FWHMdata     model:  gp_multidimensional  corner plot  starting 
     Dataset:  FWHMdata     model:  gp_multidimensional  corner plot  done 

****************************************************************************************************

 Saving the planet parameter samplings to files (with plots)

****************************************************************************************************

 Saving all the parameter samplings to files (with plots)

****************************************************************************************************

 Computing the models for plot/data writing 
     computing GP prediction for the whole temporal range, it may take a while...
     computing GP prediction for the whole temporal range, it may take a while...
     computing GP prediction for the whole temporal range, it may take a while...
     computing GP prediction for the whole temporal range, it may take a while...
     computing GP prediction for the whole temporal range, it may take a while...
     computing GP prediction for the whole temporal range, it may take a while...
     computing GP prediction for the whole temporal range, it may take a while...
     computing GP prediction for the whole temporal range, it may take a while...
     computing GP prediction for the whole temporal range, it may take a while...
 Writing the plots 
 Writing the   data files 
 Writing the  MAP_ data files 
 Writing the  sampleMED_ data files 

****************************************************************************************************

