
:::---::: PyORBIT v10.11.2 :::---:::

Python version in use:
3.10.18 (main, Jun  5 2025, 13:14:17) [GCC 11.2.0]
LaTeX disabled by default

Using orbital model:  keplerian
Using orbital parametrization:  Eastman2013

Using orbital model:  keplerian
Using orbital parametrization:  Eastman2013

Using orbital model:  keplerian
Using orbital parametrization:  Eastman2013

Using orbital model:  keplerian
Using orbital parametrization:  Eastman2013

gp_multidimensional  S+LEAF model, number of harmonics: 4

GP model: gp_multidimensional  hyperparameters_condition:    True
GP model: gp_multidimensional  rotation_decay_condition:     True

### PyORBIT version used in the analysis:  10.11.2

 emcee version:  3.1.6

 Reference Time Tref: 2452937.54737118

 Data points:828
 Dimensions: 43
 Nwalkers:   258
 Steps:      150000


Number of samplings: 516000


Recomputing ln-prior, it may take a while...

ln-probability   distribution:  -1820.52       -5.43      4.78 (15-84 p) 
ln-prior         distribution:   -220.57       -1.51      0.89 (15-84 p) 
ln-likelihood    distribution:  -1599.65       -5.46      4.81 (15-84 p) 


*** Information criteria using the likelihood distribution

 BIC from distribution  (using likelihood)  =   3488.22     -9.63   10.93 (15-84 p)
 AIC from distribution  (using likelihood)  =   3285.31     -9.63   10.93 (15-84 p)
 AICc from distribution (using likelihood)  =   3290.13     -9.63   10.93 (15-84 p)


*** Information criteria using the median parameter set

 ln_probability of Median solution =  -1802.21
 ln_priors of Median solution      =   -220.58
 ln_likelihood of Median solution  =  -1581.63

 Median BIC  (using likelihood) =   3452.18
 Median AIC  (using likelihood) =   3249.26
 Median AICc (using likelihood) =   3254.09


*** Information criteria using the MAP parameter set

 ln_probability of MAP solution =  -1802.67
 ln_priors of MAP solution      =   -221.26
 ln_likelihood of MAP solution  =  -1581.40

 MAP BIC  (using likelihood)    =   3451.72
 MAP AIC  (using likelihood)    =   3248.81
 MAP AICc (using likelihood)    =   3253.63

 AICc suggested over AIC because NDATA ( 828 ) < 40 * NDIM ( 43 )

****************************************************************************************************


Computing the autocorrelation time of the chains

***** WARNING ******
The integrated autocorrelation time cannot be reliably estimated
likely the chains are too short, and ACF analysis is not fully reliable
emcee.autocorr.integrated_time tolerance lowered to 20
If you still get a warning, you should drop these results entirely

Reference thinning used in the analysis: 50
Maximum value of the integrated ACF: 108
Step length used in the analysis: 108*nthin = 5400

Convergence criteria: less than 1% variation in ACF after 20 times the integrated ACF
At least 50*ACF after convergence, 100*ACF would be ideal
Negative values: not converged yet

   sampler parameter              |    ACF   | ACF*nthin | converged at | nsteps/ACF | to 100*ACF
                                  |          |           |              |            | 
   RVdata_jitter_0                |   46.63  |     2331  |       -1     |      -1    |  235461 
   RVdata_jitter_1                |   44.49  |     2225  |   129600     |       9    |  202064 
   RVdata_offset_0                |   53.81  |     2690  |       -1     |      -1    |  271724 
   RVdata_offset_1                |   45.89  |     2294  |       -1     |      -1    |  231736 
   RVdata_offset_2                |   44.94  |     2247  |   145800     |       2    |  220479 
   RVdata_gp_multidimensional_rot_amp |   56.74  |     2837  |   118800     |      11    |  252525 
   RVdata_gp_multidimensional_con_amp |   46.02  |     2301  |   129600     |       9    |  209694 
   BISdata_jitter_0               |   43.42  |     2171  |   135000     |       7    |  202124 
   BISdata_jitter_1               |   42.74  |     2137  |   145800     |       2    |  209503 
   BISdata_offset_0               |   53.76  |     2688  |       -1     |      -1    |  271477 
   BISdata_offset_1               |   47.57  |     2378  |       -1     |      -1    |  240207 
   BISdata_offset_2               |   42.61  |     2130  |   129600     |      10    |  192629 
   BISdata_gp_multidimensional_rot_amp |   46.95  |     2348  |   135000     |       6    |  219765 
   BISdata_gp_multidimensional_con_amp |   50.02  |     2501  |   145800     |       2    |  245922 
   FWHMdata_jitter_0              |   44.05  |     2203  |   140400     |       4    |  210662 
   FWHMdata_jitter_1              |   44.72  |     2236  |   129600     |       9    |  203207 
   FWHMdata_offset_0              |   53.65  |     2683  |       -1     |      -1    |  270933 
   FWHMdata_offset_1              |   45.56  |     2278  |       -1     |      -1    |  230103 
   FWHMdata_offset_2              |   45.20  |     2260  |       -1     |      -1    |  228265 
   FWHMdata_gp_multidimensional_con_amp |   44.23  |     2211  |   135000     |       7    |  206143 
   b_P                            |   52.57  |     2628  |       -1     |      -1    |  265454 
   b_K                            |   44.41  |     2220  |   124200     |      12    |  196242 
   b_sre_coso                     |   51.80  |     2590  |   129600     |       8    |  238624 
   b_sre_sino                     |   53.96  |     2698  |       -1     |      -1    |  272522 
   b_mean_long                    |   50.24  |     2512  |       -1     |      -1    |  253726 
   c_P                            |   49.54  |     2477  |   140400     |       4    |  238106 
   c_K                            |   48.11  |     2406  |   145800     |       2    |  236362 
   c_sre_coso                     |   47.99  |     2400  |       -1     |      -1    |  242363 
   c_sre_sino                     |   54.79  |     2740  |       -1     |      -1    |  276710 
   c_mean_long                    |   48.28  |     2414  |   129600     |       8    |  221023 
   d_P                            |   76.85  |     3842  |       -1     |      -1    |  388073 
   d_K                            |   63.81  |     3190  |       -1     |      -1    |  322230 
   d_sre_coso                     |  108.77  |     5439  |   140400     |       2    |  534273 
   d_sre_sino                     |  107.16  |     5358  |       -1     |      -1    |  541160 
   d_mean_long                    |   88.73  |     4436  |       -1     |      -1    |  448073 
   e_P                            |   49.16  |     2458  |   135000     |       6    |  230824 
   e_K                            |   46.25  |     2313  |   135000     |       6    |  216271 
   e_sre_coso                     |   55.89  |     2794  |       -1     |      -1    |  282224 
   e_sre_sino                     |   48.12  |     2406  |       -1     |      -1    |  243027 
   e_mean_long                    |   48.82  |     2441  |   140400     |       4    |  234514 
   activity_Prot                  |   45.71  |     2286  |       -1     |      -1    |  230838 
   activity_Pdec                  |   57.36  |     2868  |   145800     |       1    |  282613 
   activity_Oamp                  |   41.85  |     2093  |   140400     |       5    |  199668 

    20 chains have not converged yet, keep going 

Check the documentation for the correct interpretation of these results:
https://pyorbit.readthedocs.io/running_pyorbit/terminal_output/#autocorrelation-analysis

 Plotting the ACF... 


====================================================================================================
     Ids, spaces (s), boundaries (b) and priors (p) of the sampler parameters     
====================================================================================================

----- dataset:  RVdata
jitter_0      id:  23  s:Linear      b:[      0.0010,      86.8606]   p:Uniform   []
jitter_1      id:  24  s:Linear      b:[      0.0010,      86.8606]   p:Uniform   []
offset_0      id:  25  s:Linear      b:[ -20483.8688,    -460.9658]   p:Uniform   []
offset_1      id:  26  s:Linear      b:[ -20483.8688,    -460.9658]   p:Uniform   []
offset_2      id:  27  s:Linear      b:[ -20483.8688,    -460.9658]   p:Uniform   []

----- dataset: RVdata                    ----- model: gp_multidimensional           
rot_amp       id:  28  s:Linear      b:[      0.0000,      20.0000]   p:Uniform   []
con_amp       id:  29  s:Linear      b:[    -20.0000,      20.0000]   p:Uniform   []

----- dataset:  BISdata
jitter_0      id:  30  s:Linear      b:[      0.0019,     173.7212]   p:Uniform   []
jitter_1      id:  31  s:Linear      b:[      0.0019,     173.7212]   p:Uniform   []
offset_0      id:  32  s:Linear      b:[ -10061.1875,    9988.7962]   p:Uniform   []
offset_1      id:  33  s:Linear      b:[ -10061.1875,    9988.7962]   p:Uniform   []
offset_2      id:  34  s:Linear      b:[ -10061.1875,    9988.7962]   p:Uniform   []

----- dataset: BISdata                   ----- model: gp_multidimensional           
rot_amp       id:  35  s:Linear      b:[    -20.0000,      20.0000]   p:Uniform   []
con_amp       id:  36  s:Linear      b:[    -20.0000,      20.0000]   p:Uniform   []

----- dataset:  FWHMdata
jitter_0      id:  37  s:Linear      b:[      0.0019,     173.7212]   p:Uniform   []
jitter_1      id:  38  s:Linear      b:[      0.0019,     173.7212]   p:Uniform   []
offset_0      id:  39  s:Linear      b:[  -3377.7949,   16769.8504]   p:Uniform   []
offset_1      id:  40  s:Linear      b:[  -3377.7949,   16769.8504]   p:Uniform   []
offset_2      id:  41  s:Linear      b:[  -3377.7949,   16769.8504]   p:Uniform   []

----- dataset: FWHMdata                  ----- model: gp_multidimensional           
con_amp       id:  42  s:Linear      b:[    -50.0000,      50.0000]   p:Uniform   []
rot_amp       derived (no id, space, bound)                           p:None   []

----- common model:  b
P             id:   0  s:Log_Base2   b:[      3.3219,       4.9069]   p:Uniform   []
K             id:   1  s:Log_Base2   b:[     -3.3219,       2.3219]   p:Uniform   []
sre_coso      id:   2  s:Linear      b:[     -1.0000,       1.0000]   p:Uniform   []
sre_sino      id:   3  s:Linear      b:[     -1.0000,       1.0000]   p:Uniform   []
mean_long     id:   4  s:Linear      b:[     16.6087,     376.6087]   p:Uniform   []
e             derived (no id, space, bound)                           p:Uniform   [0.  0.4]
omega         derived (no id, space, bound)                           p:Uniform   [0.0, 360.0]

----- common model:  c
P             id:   5  s:Log_Base2   b:[      4.9069,       5.4919]   p:Uniform   []
K             id:   6  s:Log_Base2   b:[     -3.3219,       2.3219]   p:Uniform   []
sre_coso      id:   7  s:Linear      b:[     -1.0000,       1.0000]   p:Uniform   []
sre_sino      id:   8  s:Linear      b:[     -1.0000,       1.0000]   p:Uniform   []
mean_long     id:   9  s:Linear      b:[     -5.2692,     354.7308]   p:Uniform   []
e             derived (no id, space, bound)                           p:Uniform   [0.1 0.5]
omega         derived (no id, space, bound)                           p:Uniform   [0.0, 360.0]

----- common model:  d
P             id:  10  s:Log_Base2   b:[      1.0000,      12.2877]   p:Uniform   []
K             id:  11  s:Log_Base2   b:[     -3.3219,       2.3219]   p:Uniform   []
sre_coso      id:  12  s:Linear      b:[     -1.0000,       1.0000]   p:Uniform   []
sre_sino      id:  13  s:Linear      b:[     -1.0000,       1.0000]   p:Uniform   []
mean_long     id:  14  s:Linear      b:[     22.9845,     382.9845]   p:Uniform   []
e             derived (no id, space, bound)                           p:Uniform   [0.  0.7]
omega         derived (no id, space, bound)                           p:Uniform   [0.0, 360.0]

----- common model:  e
P             id:  15  s:Log_Base2   b:[      1.0000,      12.2877]   p:Uniform   []
K             id:  16  s:Log_Base2   b:[     -3.3219,       2.3219]   p:Uniform   []
sre_coso      id:  17  s:Linear      b:[     -1.0000,       1.0000]   p:Uniform   []
sre_sino      id:  18  s:Linear      b:[     -1.0000,       1.0000]   p:Uniform   []
mean_long     id:  19  s:Linear      b:[    -90.4847,     269.5153]   p:Uniform   []
e             derived (no id, space, bound)                           p:Uniform   [0.  0.7]
omega         derived (no id, space, bound)                           p:Uniform   [0.0, 360.0]

----- common model:  activity
Prot          id:  20  s:Linear      b:[     15.0000,      50.0000]   p:Gaussian   [30. 10.]
Pdec          id:  21  s:Linear      b:[     30.0000,    1000.0000]   p:Uniform   []
Oamp          id:  22  s:Log_Base2   b:[     -6.6439,       0.0000]   p:Gaussian   [0.35  0.035]

----- common model:  star_parameters
mass          derived (no id, space, bound)                           p:Gaussian   [0.83 0.01]

----- common model:  polynomial_trend


****************************************************************************************************
****************************************************************************************************

 Confidence intervals (median value, 34.135th percentile from the median on the left and right side)

====================================================================================================
     Statistics on the posterior of the sampler parameters     
====================================================================================================

----- dataset:  RVdata
jitter_0        23         0.634       -0.080        0.095   (15-84 p)   [    0.0010,    86.8606]
jitter_1        24         1.198       -0.095         0.10   (15-84 p)   [    0.0010,    86.8606]
offset_0        25      -10468.3         -1.6          1.6   (15-84 p)   [-20483.8688,  -460.9658]
offset_1        26     -10476.42        -0.71         0.72   (15-84 p)   [-20483.8688,  -460.9658]
offset_2        27      -10462.4         -1.7          1.7   (15-84 p)   [-20483.8688,  -460.9658]

----- dataset: RVdata                    ----- model: gp_multidimensional           
rot_amp         28          0.44        -0.32         0.64   (15-84 p)   [    0.0000,    20.0000]
con_amp         29          3.08        -0.33         0.37   (15-84 p)   [  -20.0000,    20.0000]

----- dataset:  BISdata
jitter_0        30         0.151       -0.074        0.066   (15-84 p)   [    0.0019,   173.7212]
jitter_1        31          1.08        -0.10         0.11   (15-84 p)   [    0.0019,   173.7212]
offset_0        32        -59.30        -0.49         0.47   (15-84 p)   [-10061.1875,  9988.7962]
offset_1        33        -24.74        -0.24         0.24   (15-84 p)   [-10061.1875,  9988.7962]
offset_2        34        -12.12        -0.82         0.83   (15-84 p)   [-10061.1875,  9988.7962]

----- dataset: BISdata                   ----- model: gp_multidimensional           
rot_amp         35         -6.15        -0.87         0.77   (15-84 p)   [  -20.0000,    20.0000]
con_amp         36          0.93        -0.14         0.16   (15-84 p)   [  -20.0000,    20.0000]

----- dataset:  FWHMdata
jitter_0        37          2.14        -0.22         0.25   (15-84 p)   [    0.0019,   173.7212]
jitter_1        38          2.29        -0.19         0.20   (15-84 p)   [    0.0019,   173.7212]
offset_0        39        6628.5         -3.1          3.0   (15-84 p)   [-3377.7949, 16769.8504]
offset_1        40        6748.5         -1.4          1.4   (15-84 p)   [-3377.7949, 16769.8504]
offset_2        41        6767.6         -3.3          3.3   (15-84 p)   [-3377.7949, 16769.8504]

----- dataset: FWHMdata                  ----- model: gp_multidimensional           
con_amp         42          5.99        -0.63         0.71   (15-84 p)   [  -50.0000,    50.0000]

----- common model:  b
P                0       3.83698     -0.00014      0.00016   (15-84 p)   [    3.3219,     4.9069]
K                1         0.981       -0.093        0.088   (15-84 p)   [   -3.3219,     2.3219]
sre_coso         2         -0.16        -0.13         0.17   (15-84 p)   [   -1.0000,     1.0000]
sre_sino         3         -0.20        -0.16         0.20   (15-84 p)   [   -1.0000,     1.0000]
mean_long        4           196          -12           13   (15-84 p)   [   16.6087,   376.6087]

----- common model:  c
P                5       5.07407     -0.00028      0.00030   (15-84 p)   [    4.9069,     5.4919]
K                6          1.06        -0.11         0.10   (15-84 p)   [   -3.3219,     2.3219]
sre_coso         7        -0.551       -0.054        0.063   (15-84 p)   [   -1.0000,     1.0000]
sre_sino         8          0.03        -0.14         0.14   (15-84 p)   [   -1.0000,     1.0000]
mean_long        9         167.8         -9.9           10   (15-84 p)   [   -5.2692,   354.7308]

----- common model:  d
P               10         8.630       -0.015        0.019   (15-84 p)   [    1.0000,    12.2877]
K               11          0.49        -0.36         0.32   (15-84 p)   [   -3.3219,     2.3219]
sre_coso        12          0.31        -0.38         0.32   (15-84 p)   [   -1.0000,     1.0000]
sre_sino        13          0.58        -0.31         0.16   (15-84 p)   [   -1.0000,     1.0000]
mean_long       14           233          -37           44   (15-84 p)   [   22.9845,   382.9845]

----- common model:  e
P               15       3.34306     -0.00016      0.00015   (15-84 p)   [    1.0000,    12.2877]
K               16         -0.36        -0.28         0.24   (15-84 p)   [   -3.3219,     2.3219]
sre_coso        17         -0.34        -0.22         0.38   (15-84 p)   [   -1.0000,     1.0000]
sre_sino        18          0.28        -0.23         0.17   (15-84 p)   [   -1.0000,     1.0000]
mean_long       19            80          -23           22   (15-84 p)   [  -90.4847,   269.5153]

----- common model:  activity
Prot            20         41.54        -0.64         0.59   (15-84 p)   [   15.0000,    50.0000]
Pdec            21          85.4         -2.1          3.4   (15-84 p)   [   30.0000,  1000.0000]
Oamp            22        -1.305       -0.099        0.094   (15-84 p)   [   -6.6439,     0.0000]

----- common model:  star_parameters

----- common model:  polynomial_trend

====================================================================================================
     Statistics on the model parameters obtained from the posteriors samples     
====================================================================================================

----- dataset:  RVdata
jitter_0                 0.634       -0.080        0.095    (15-84 p)
jitter_1                 1.198       -0.095         0.10    (15-84 p)
offset_0              -10468.3         -1.6          1.6    (15-84 p)
offset_1             -10476.42        -0.71         0.72    (15-84 p)
offset_2              -10462.4         -1.7          1.7    (15-84 p)


----- dataset: RVdata                    ----- model: gp_multidimensional           
rot_amp                   0.44        -0.32         0.64    (15-84 p)
con_amp                   3.08        -0.33         0.37    (15-84 p)

----- dataset:  BISdata
jitter_0                 0.151       -0.074        0.066    (15-84 p)
jitter_1                  1.08        -0.10         0.11    (15-84 p)
offset_0                -59.30        -0.49         0.47    (15-84 p)
offset_1                -24.74        -0.24         0.24    (15-84 p)
offset_2                -12.12        -0.82         0.83    (15-84 p)


----- dataset: BISdata                   ----- model: gp_multidimensional           
rot_amp                  -6.15        -0.87         0.77    (15-84 p)
con_amp                   0.93        -0.14         0.16    (15-84 p)

----- dataset:  FWHMdata
jitter_0                  2.14        -0.22         0.25    (15-84 p)
jitter_1                  2.29        -0.19         0.20    (15-84 p)
offset_0                6628.5         -3.1          3.0    (15-84 p)
offset_1                6748.5         -1.4          1.4    (15-84 p)
offset_2                6767.6         -3.3          3.3    (15-84 p)


----- dataset: FWHMdata                  ----- model: gp_multidimensional           
rot_amp                   0.00                              [fixed]
con_amp                   5.99        -0.63         0.71    (15-84 p)

----- common model:  b
P                      14.2905      -0.0014       0.0016    (15-84 p)
K                         1.97        -0.12         0.12    (15-84 p)
mean_long                  196          -12           13    (15-84 p)
e                        0.093       -0.062        0.079    (15-84 p)
omega                     -127          -49           36    (15-84 p)

----- common model:  c
P                      33.6859      -0.0066       0.0070    (15-84 p)
K                         2.08        -0.15         0.15    (15-84 p)
mean_long                167.8         -9.9           10    (15-84 p)
e                        0.323       -0.061        0.060    (15-84 p)
omega                     -183          -15           14    (15-84 p)

----- common model:  d
P                        396.2         -4.0          5.2    (15-84 p)
K                         1.40        -0.31         0.35    (15-84 p)
mean_long                  233          -37           44    (15-84 p)
e                         0.54        -0.17         0.11    (15-84 p)
omega                       61          -36           35    (15-84 p)

----- common model:  e
P                      10.1475      -0.0011       0.0011    (15-84 p)
K                         0.78        -0.14         0.14    (15-84 p)
mean_long                   80          -23           22    (15-84 p)
e                         0.26        -0.16         0.17    (15-84 p)
omega                      140          -51           31    (15-84 p)

----- common model:  activity
Prot                     41.54        -0.64         0.59    (15-84 p)
Pdec                      85.4         -2.1          3.4    (15-84 p)
Oamp                     0.405       -0.027        0.027    (15-84 p)

----- common model:  star_parameters

----- common model:  polynomial_trend

====================================================================================================
     Statistics on the derived parameters obtained from the posteriors samples     
====================================================================================================

----- common model:  b
Inclination fixed to 90 deg!
Computing planetary mass under the approximation M_planet << M_star (threshold at 30.0 Me)
M_Mj                    0.0207      -0.0013       0.0013    (15-84 p)
M_Me                      6.56        -0.41         0.42    (15-84 p)
Tc                  2452947.86        -0.50         0.51    (15-84 p)
a_AU_(M)               0.10831     -0.00044      0.00043    (15-84 p)

----- common model:  c
Inclination fixed to 90 deg!
Computing planetary mass under the approximation M_planet << M_star (threshold at 30.0 Me)
M_Mj                    0.0276      -0.0021       0.0021    (15-84 p)
M_Me                      8.78        -0.65         0.67    (15-84 p)
Tc                   2452967.2         -1.2          1.2    (15-84 p)
a_AU_(M)               0.19184     -0.00077      0.00076    (15-84 p)

----- common model:  d
Inclination fixed to 90 deg!
Computing planetary mass under the approximation M_planet << M_star (threshold at 30.0 Me)
M_Mj                    0.0376      -0.0067       0.0073    (15-84 p)
M_Me                      12.0         -2.1          2.3    (15-84 p)
Tc                     2453148          -30           45    (15-84 p)
a_AU_(M)                0.9925      -0.0079       0.0090    (15-84 p)

----- common model:  e
Inclination fixed to 90 deg!
Computing planetary mass under the approximation M_planet << M_star (threshold at 30.0 Me)
M_Mj                    0.0070      -0.0012       0.0012    (15-84 p)
M_Me                      2.22        -0.38         0.37    (15-84 p)
Tc                  2452938.61        -0.63          1.1    (15-84 p)
a_AU_(M)               0.08620     -0.00035      0.00035    (15-84 p)


====================================================================================================
     ------------------------------------------------------------------------------------------     
====================================================================================================



****************************************************************************************************

 Parameters corresponding to the Maximum a Posteriori probability ( -1802.6668882297208 )

====================================================================================================
     Statistics on the posterior of the sampler parameters     
====================================================================================================

----- dataset:  RVdata
jitter_0        23      0.707994 [    0.0010,    86.8606]
jitter_1        24      1.194778 [    0.0010,    86.8606]
offset_0        25  -10468.868869 [-20483.8688,  -460.9658]
offset_1        26  -10476.308312 [-20483.8688,  -460.9658]
offset_2        27  -10461.266232 [-20483.8688,  -460.9658]

----- dataset: RVdata                    ----- model: gp_multidimensional           
rot_amp         28      0.094210 [    0.0000,    20.0000]
con_amp         29      2.984634 [  -20.0000,    20.0000]

----- dataset:  BISdata
jitter_0        30      0.183439 [    0.0019,   173.7212]
jitter_1        31      1.068440 [    0.0019,   173.7212]
offset_0        32    -59.400695 [-10061.1875,  9988.7962]
offset_1        33    -24.767943 [-10061.1875,  9988.7962]
offset_2        34    -12.125451 [-10061.1875,  9988.7962]

----- dataset: BISdata                   ----- model: gp_multidimensional           
rot_amp         35     -6.599916 [  -20.0000,    20.0000]
con_amp         36      0.796175 [  -20.0000,    20.0000]

----- dataset:  FWHMdata
jitter_0        37      2.015441 [    0.0019,   173.7212]
jitter_1        38      2.246706 [    0.0019,   173.7212]
offset_0        39   6627.498220 [-3377.7949, 16769.8504]
offset_1        40   6748.714883 [-3377.7949, 16769.8504]
offset_2        41   6770.415009 [-3377.7949, 16769.8504]

----- dataset: FWHMdata                  ----- model: gp_multidimensional           
con_amp         42      5.912009 [  -50.0000,    50.0000]

----- common model:  b
P                0      3.837026 [    3.3219,     4.9069]
K                1      0.947909 [   -3.3219,     2.3219]
sre_coso         2     -0.218252 [   -1.0000,     1.0000]
sre_sino         3     -0.248042 [   -1.0000,     1.0000]
mean_long        4    198.393273 [   16.6087,   376.6087]

----- common model:  c
P                5      5.074221 [    4.9069,     5.4919]
K                6      1.116749 [   -3.3219,     2.3219]
sre_coso         7     -0.561217 [   -1.0000,     1.0000]
sre_sino         8     -0.012718 [   -1.0000,     1.0000]
mean_long        9    174.675312 [   -5.2692,   354.7308]

----- common model:  d
P               10      8.627069 [    1.0000,    12.2877]
K               11      0.412432 [   -3.3219,     2.3219]
sre_coso        12      0.579083 [   -1.0000,     1.0000]
sre_sino        13      0.531552 [   -1.0000,     1.0000]
mean_long       14    228.576721 [   22.9845,   382.9845]

----- common model:  e
P               15      3.343101 [    1.0000,    12.2877]
K               16     -0.313913 [   -3.3219,     2.3219]
sre_coso        17     -0.622972 [   -1.0000,     1.0000]
sre_sino        18      0.156708 [   -1.0000,     1.0000]
mean_long       19     87.980677 [  -90.4847,   269.5153]

----- common model:  activity
Prot            20     41.604779 [   15.0000,    50.0000]
Pdec            21     85.599342 [   30.0000,  1000.0000]
Oamp            22     -1.257816 [   -6.6439,     0.0000]

----- common model:  star_parameters

----- common model:  polynomial_trend

====================================================================================================
     Statistics on the model parameters obtained from the posteriors samples     
====================================================================================================

----- dataset:  RVdata
jitter_0              0.707994 
jitter_1              1.194778 
offset_0         -10468.868869 
offset_1         -10476.308312 
offset_2         -10461.266232 


----- dataset: RVdata                    ----- model: gp_multidimensional           
rot_amp               0.094210 
con_amp               2.984634 

----- dataset:  BISdata
jitter_0              0.183439 
jitter_1              1.068440 
offset_0            -59.400695 
offset_1            -24.767943 
offset_2            -12.125451 


----- dataset: BISdata                   ----- model: gp_multidimensional           
rot_amp              -6.599916 
con_amp               0.796175 

----- dataset:  FWHMdata
jitter_0              2.015441 
jitter_1              2.246706 
offset_0           6627.498220 
offset_1           6748.714883 
offset_2           6770.415009 


----- dataset: FWHMdata                  ----- model: gp_multidimensional           
rot_amp                   0.00 
con_amp               5.912009 

----- common model:  b
P                    14.290915 
K                     1.929075 
mean_long           198.393273 
e                     0.109159 
omega              -131.344458 

----- common model:  c
P                    33.689351 
K                     2.168577 
mean_long           174.675312 
e                     0.315126 
omega              -178.701790 

----- common model:  d
P                   395.372630 
K                     1.330928 
mean_long           228.576721 
e                     0.617885 
omega                42.549412 

----- common model:  e
P                    10.147845 
K                     0.804457 
mean_long            87.980677 
e                     0.412651 
omega               165.880265 

----- common model:  activity
Prot                 41.604779 
Pdec                 85.599342 
Oamp                  0.418176 

----- common model:  star_parameters

----- common model:  polynomial_trend

====================================================================================================
     Statistics on the derived parameters obtained from the posteriors samples     
====================================================================================================

----- common model:  b
Inclination fixed to 90 deg!
M_Mj                  0.020320 
M_Me                  6.459488 
Tc              2452947.884451 
a_AU_(M)              0.108584 

----- common model:  c
Inclination fixed to 90 deg!
M_Mj                  0.028844 
M_Me                  9.169441 
Tc              2452966.652078 
a_AU_(M)              0.191732 

----- common model:  d
Inclination fixed to 90 deg!
M_Mj                  0.033502 
M_Me                 10.650176 
Tc              2453139.212265 
a_AU_(M)              0.992725 

----- common model:  e
Inclination fixed to 90 deg!
M_Mj                  0.006897 
M_Me                  2.192526 
Tc              2452938.773516 
a_AU_(M)              0.086235 


====================================================================================================
     ------------------------------------------------------------------------------------------     
====================================================================================================



****************************************************************************************************

 Parameters corresponding to the sample closest to the median values ( -1810.1532181527916 )

====================================================================================================
     Statistics on the posterior of the sampler parameters     
====================================================================================================

----- dataset:  RVdata
jitter_0        23      0.625355 [    0.0010,    86.8606]
jitter_1        24      1.202057 [    0.0010,    86.8606]
offset_0        25  -10468.924750 [-20483.8688,  -460.9658]
offset_1        26  -10476.105152 [-20483.8688,  -460.9658]
offset_2        27  -10460.824830 [-20483.8688,  -460.9658]

----- dataset: RVdata                    ----- model: gp_multidimensional           
rot_amp         28      0.736548 [    0.0000,    20.0000]
con_amp         29      3.051189 [  -20.0000,    20.0000]

----- dataset:  BISdata
jitter_0        30      0.183527 [    0.0019,   173.7212]
jitter_1        31      0.932606 [    0.0019,   173.7212]
offset_0        32    -59.536101 [-10061.1875,  9988.7962]
offset_1        33    -24.658181 [-10061.1875,  9988.7962]
offset_2        34    -12.262286 [-10061.1875,  9988.7962]

----- dataset: BISdata                   ----- model: gp_multidimensional           
rot_amp         35     -6.196444 [  -20.0000,    20.0000]
con_amp         36      0.889679 [  -20.0000,    20.0000]

----- dataset:  FWHMdata
jitter_0        37      2.350151 [    0.0019,   173.7212]
jitter_1        38      2.311837 [    0.0019,   173.7212]
offset_0        39   6626.536235 [-3377.7949, 16769.8504]
offset_1        40   6748.965970 [-3377.7949, 16769.8504]
offset_2        41   6769.347786 [-3377.7949, 16769.8504]

----- dataset: FWHMdata                  ----- model: gp_multidimensional           
con_amp         42      6.168608 [  -50.0000,    50.0000]

----- common model:  b
P                0      3.836934 [    3.3219,     4.9069]
K                1      1.013474 [   -3.3219,     2.3219]
sre_coso         2     -0.229722 [   -1.0000,     1.0000]
sre_sino         3     -0.139899 [   -1.0000,     1.0000]
mean_long        4    197.911587 [   16.6087,   376.6087]

----- common model:  c
P                5      5.074007 [    4.9069,     5.4919]
K                6      1.051896 [   -3.3219,     2.3219]
sre_coso         7     -0.579240 [   -1.0000,     1.0000]
sre_sino         8      0.002162 [   -1.0000,     1.0000]
mean_long        9    166.528799 [   -5.2692,   354.7308]

----- common model:  d
P               10      8.635011 [    1.0000,    12.2877]
K               11      0.286910 [   -3.3219,     2.3219]
sre_coso        12      0.353539 [   -1.0000,     1.0000]
sre_sino        13      0.520590 [   -1.0000,     1.0000]
mean_long       14    232.655609 [   22.9845,   382.9845]

----- common model:  e
P               15      3.343097 [    1.0000,    12.2877]
K               16     -0.479126 [   -3.3219,     2.3219]
sre_coso        17     -0.179623 [   -1.0000,     1.0000]
sre_sino        18      0.159143 [   -1.0000,     1.0000]
mean_long       19     83.245319 [  -90.4847,   269.5153]

----- common model:  activity
Prot            20     41.920732 [   15.0000,    50.0000]
Pdec            21     86.845623 [   30.0000,  1000.0000]
Oamp            22     -1.364671 [   -6.6439,     0.0000]

----- common model:  star_parameters

----- common model:  polynomial_trend

====================================================================================================
     Statistics on the model parameters obtained from the posteriors samples     
====================================================================================================

----- dataset:  RVdata
jitter_0              0.625355 
jitter_1              1.202057 
offset_0         -10468.924750 
offset_1         -10476.105152 
offset_2         -10460.824830 


----- dataset: RVdata                    ----- model: gp_multidimensional           
rot_amp               0.736548 
con_amp               3.051189 

----- dataset:  BISdata
jitter_0              0.183527 
jitter_1              0.932606 
offset_0            -59.536101 
offset_1            -24.658181 
offset_2            -12.262286 


----- dataset: BISdata                   ----- model: gp_multidimensional           
rot_amp              -6.196444 
con_amp               0.889679 

----- dataset:  FWHMdata
jitter_0              2.350151 
jitter_1              2.311837 
offset_0           6626.536235 
offset_1           6748.965970 
offset_2           6769.347786 


----- dataset: FWHMdata                  ----- model: gp_multidimensional           
rot_amp                   0.00 
con_amp               6.168608 

----- common model:  b
P                    14.289999 
K                     2.018766 
mean_long           197.911587 
e                     0.072344 
omega              -148.658988 

----- common model:  c
P                    33.684368 
K                     2.073252 
mean_long           166.528799 
e                     0.335523 
omega               179.786184 

----- common model:  d
P                   397.555149 
K                     1.220024 
mean_long           232.655609 
e                     0.396004 
omega                55.819148 

----- common model:  e
P                    10.147812 
K                     0.717412 
mean_long            83.245319 
e                     0.057591 
omega               138.459564 

----- common model:  activity
Prot                 41.920732 
Pdec                 86.845623 
Oamp                  0.388323 

----- common model:  star_parameters

----- common model:  polynomial_trend

====================================================================================================
     Statistics on the derived parameters obtained from the posteriors samples     
====================================================================================================

----- common model:  b
Inclination fixed to 90 deg!
M_Mj                  0.021101 
M_Me                  6.707761 
Tc              2452947.842882 
a_AU_(M)              0.107980 

----- common model:  c
Inclination fixed to 90 deg!
M_Mj                  0.027672 
M_Me                  8.796692 
Tc              2452967.596630 
a_AU_(M)              0.192764 

----- common model:  d
Inclination fixed to 90 deg!
M_Mj                  0.035886 
M_Me                 11.408090 
Tc              2453155.333664 
a_AU_(M)              0.995751 

----- common model:  e
Inclination fixed to 90 deg!
M_Mj                  0.006779 
M_Me                  2.155035 
Tc              2452937.873083 
a_AU_(M)              0.086477 


====================================================================================================
     ------------------------------------------------------------------------------------------     
====================================================================================================



****************************************************************************************************

Inclination fixed to 90 deg!
Inclination fixed to 90 deg!
Inclination fixed to 90 deg!
Inclination fixed to 90 deg!
 *** Please provide a prior on stellar mass, radius or density *** 

Inclination fixed to 90 deg!
Inclination fixed to 90 deg!
Inclination fixed to 90 deg!
Inclination fixed to 90 deg!
Inclination fixed to 90 deg!
Inclination fixed to 90 deg!
Inclination fixed to 90 deg!
Inclination fixed to 90 deg!
 Plot FLAT chain 

****************************************************************************************************

Plotting full_correlation plot with pygtc

****************************************************************************************************

 Plotting the chains... 

****************************************************************************************************

 Plotting the Gelman-Rubin traces... 

     Gelman-Rubin:    23     1.010095 RVdata_jitter_0 
     Gelman-Rubin:    24     1.008645 RVdata_jitter_1 
     Gelman-Rubin:    25     1.012234 RVdata_offset_0 
     Gelman-Rubin:    26     1.009688 RVdata_offset_1 
     Gelman-Rubin:    27     1.009020 RVdata_offset_2 
     Gelman-Rubin:    28     1.010745 RVdata_gp_multidimensional_rot_amp 
     Gelman-Rubin:    29     1.010612 RVdata_gp_multidimensional_con_amp 
     Gelman-Rubin:    30     1.008071 BISdata_jitter_0 
     Gelman-Rubin:    31     1.007566 BISdata_jitter_1 
     Gelman-Rubin:    32     1.011835 BISdata_offset_0 
     Gelman-Rubin:    33     1.008597 BISdata_offset_1 
     Gelman-Rubin:    34     1.008587 BISdata_offset_2 
     Gelman-Rubin:    35     1.009509 BISdata_gp_multidimensional_rot_amp 
     Gelman-Rubin:    36     1.010826 BISdata_gp_multidimensional_con_amp 
     Gelman-Rubin:    37     1.009009 FWHMdata_jitter_0 
     Gelman-Rubin:    38     1.009589 FWHMdata_jitter_1 
     Gelman-Rubin:    39     1.012104 FWHMdata_offset_0 
     Gelman-Rubin:    40     1.009188 FWHMdata_offset_1 
     Gelman-Rubin:    41     1.008459 FWHMdata_offset_2 
     Gelman-Rubin:    42     1.009104 FWHMdata_gp_multidimensional_con_amp 
     Gelman-Rubin:     0     1.011314 b_P 
     Gelman-Rubin:     1     1.007399 b_K 
     Gelman-Rubin:     2     1.009328 b_sre_coso 
     Gelman-Rubin:     3     1.011474 b_sre_sino 
     Gelman-Rubin:     4     1.010752 b_mean_long 
     Gelman-Rubin:     5     1.009652 c_P 
     Gelman-Rubin:     6     1.010163 c_K 
     Gelman-Rubin:     7     1.011842 c_sre_coso 
     Gelman-Rubin:     8     1.011210 c_sre_sino 
     Gelman-Rubin:     9     1.008857 c_mean_long 
     Gelman-Rubin:    10     1.018404 d_P 
     Gelman-Rubin:    11     1.014973 d_K 
     Gelman-Rubin:    12     1.015601 d_sre_coso 
     Gelman-Rubin:    13     1.022635 d_sre_sino 
     Gelman-Rubin:    14     1.019994 d_mean_long 
     Gelman-Rubin:    15     1.008712 e_P 
     Gelman-Rubin:    16     1.008785 e_K 
     Gelman-Rubin:    17     1.012155 e_sre_coso 
     Gelman-Rubin:    18     1.008667 e_sre_sino 
     Gelman-Rubin:    19     1.008054 e_mean_long 
     Gelman-Rubin:    20     1.009838 activity_Prot 
     Gelman-Rubin:    21     1.012855 activity_Pdec 
     Gelman-Rubin:    22     1.009965 activity_Oamp 

****************************************************************************************************

Plotting the common models corner plots
     Common model:  b
     Common model:  c
     Common model:  d
     Common model:  e
     Common model:  activity
     Common model:  star_parameters
     Common model:  polynomial_trend

****************************************************************************************************

Plotting the dataset + models corner plots 

     Dataset:  RVdata     model:  gp_multidimensional  corner plot  starting 
     Dataset:  RVdata     model:  gp_multidimensional  corner plot  done 
     Dataset:  RVdata     model:  radial_velocities_b  corner plot  starting 
     Dataset:  RVdata     model:  radial_velocities_b  corner plot  done 
     Dataset:  RVdata     model:  radial_velocities_c  corner plot  starting 
     Dataset:  RVdata     model:  radial_velocities_c  corner plot  done 
     Dataset:  RVdata     model:  radial_velocities_d  corner plot  starting 
     Dataset:  RVdata     model:  radial_velocities_d  corner plot  done 
     Dataset:  RVdata     model:  radial_velocities_e  corner plot  starting 
     Dataset:  RVdata     model:  radial_velocities_e  corner plot  done 
     Dataset:  BISdata     model:  gp_multidimensional  corner plot  starting 
     Dataset:  BISdata     model:  gp_multidimensional  corner plot  done 
     Dataset:  FWHMdata     model:  gp_multidimensional  corner plot  starting 
     Dataset:  FWHMdata     model:  gp_multidimensional  corner plot  done 

****************************************************************************************************

 Saving the planet parameter samplings to files (with plots)

****************************************************************************************************

 Saving all the parameter samplings to files (with plots)

****************************************************************************************************

 Computing the models for plot/data writing 
     computing GP prediction for the whole temporal range, it may take a while...
     computing GP prediction for the whole temporal range, it may take a while...
     computing GP prediction for the whole temporal range, it may take a while...
     computing GP prediction for the whole temporal range, it may take a while...
     computing GP prediction for the whole temporal range, it may take a while...
     computing GP prediction for the whole temporal range, it may take a while...
     computing GP prediction for the whole temporal range, it may take a while...
     computing GP prediction for the whole temporal range, it may take a while...
     computing GP prediction for the whole temporal range, it may take a while...
 Writing the plots 
 Writing the   data files 
 Writing the  MAP_ data files 
 Writing the  sampleMED_ data files 

****************************************************************************************************

