
:::---::: PyORBIT v10.11.2 :::---:::

Python version in use:
3.10.18 (main, Jun  5 2025, 13:14:17) [GCC 11.2.0]

reloaded_optimize:  False
reloaded_pyde:  False
reloaded_emcee:  False

number of multiprocessing threads: 128
multiprocessing method (should be fork):  fork

parameters/safe_reload flag (must be True for tinygp):  False

Opening:  RVdata
Opening:  BISdata
Opening:  FWHMdata
Adding common model of planet:  b
Adding common model of planet:  c
Using orbital model:  keplerian
Using orbital parametrization:  Eastman2013

Using orbital model:  keplerian
Using orbital parametrization:  Eastman2013

gp_multidimensional  S+LEAF model, number of harmonics: 4

GP model: gp_multidimensional  hyperparameters_condition:    True
GP model: gp_multidimensional  rotation_decay_condition:     True

====================================================================================================
     Ids, spaces (s), boundaries (b) and priors (p) of the sampler parameters     
====================================================================================================

----- dataset:  RVdata
jitter_0      id:  13  s:Linear      b:[      0.0010,      86.8606]   p:Uniform   []
jitter_1      id:  14  s:Linear      b:[      0.0010,      86.8606]   p:Uniform   []
offset_0      id:  15  s:Linear      b:[ -20483.8688,    -460.9658]   p:Uniform   []
offset_1      id:  16  s:Linear      b:[ -20483.8688,    -460.9658]   p:Uniform   []
offset_2      id:  17  s:Linear      b:[ -20483.8688,    -460.9658]   p:Uniform   []

----- dataset: RVdata                    ----- model: gp_multidimensional           
rot_amp       id:  18  s:Linear      b:[      0.0000,      20.0000]   p:Uniform   []
con_amp       id:  19  s:Linear      b:[    -20.0000,      20.0000]   p:Uniform   []

----- dataset:  BISdata
jitter_0      id:  20  s:Linear      b:[      0.0019,     173.7212]   p:Uniform   []
jitter_1      id:  21  s:Linear      b:[      0.0019,     173.7212]   p:Uniform   []
offset_0      id:  22  s:Linear      b:[ -10061.1875,    9988.7962]   p:Uniform   []
offset_1      id:  23  s:Linear      b:[ -10061.1875,    9988.7962]   p:Uniform   []
offset_2      id:  24  s:Linear      b:[ -10061.1875,    9988.7962]   p:Uniform   []

----- dataset: BISdata                   ----- model: gp_multidimensional           
rot_amp       id:  25  s:Linear      b:[    -20.0000,      20.0000]   p:Uniform   []
con_amp       id:  26  s:Linear      b:[    -20.0000,      20.0000]   p:Uniform   []

----- dataset:  FWHMdata
jitter_0      id:  27  s:Linear      b:[      0.0019,     173.7212]   p:Uniform   []
jitter_1      id:  28  s:Linear      b:[      0.0019,     173.7212]   p:Uniform   []
offset_0      id:  29  s:Linear      b:[  -3377.7949,   16769.8504]   p:Uniform   []
offset_1      id:  30  s:Linear      b:[  -3377.7949,   16769.8504]   p:Uniform   []
offset_2      id:  31  s:Linear      b:[  -3377.7949,   16769.8504]   p:Uniform   []

----- dataset: FWHMdata                  ----- model: gp_multidimensional           
con_amp       id:  32  s:Linear      b:[    -50.0000,      50.0000]   p:Uniform   []
rot_amp       derived (no id, space, bound)                           p:None   []

----- common model:  b
P             id:   0  s:Log_Base2   b:[      3.3219,       4.9069]   p:Uniform   []
K             id:   1  s:Log_Base2   b:[     -3.3219,       2.3219]   p:Uniform   []
sre_coso      id:   2  s:Linear      b:[     -1.0000,       1.0000]   p:Uniform   []
sre_sino      id:   3  s:Linear      b:[     -1.0000,       1.0000]   p:Uniform   []
mean_long     id:   4  s:Linear      b:[      0.0000,     360.0000]   p:Uniform   []
e             derived (no id, space, bound)                           p:Uniform   [0.  0.4]
omega         derived (no id, space, bound)                           p:Uniform   [0.0, 360.0]

----- common model:  c
P             id:   5  s:Log_Base2   b:[      4.9069,       5.4919]   p:Uniform   []
K             id:   6  s:Log_Base2   b:[     -3.3219,       2.3219]   p:Uniform   []
sre_coso      id:   7  s:Linear      b:[     -1.0000,       1.0000]   p:Uniform   []
sre_sino      id:   8  s:Linear      b:[     -1.0000,       1.0000]   p:Uniform   []
mean_long     id:   9  s:Linear      b:[      0.0000,     360.0000]   p:Uniform   []
e             derived (no id, space, bound)                           p:Uniform   [0.1 0.5]
omega         derived (no id, space, bound)                           p:Uniform   [0.0, 360.0]

----- common model:  activity
Prot          id:  10  s:Linear      b:[     15.0000,      50.0000]   p:Gaussian   [20.  1.]
Pdec          id:  11  s:Linear      b:[     30.0000,    1000.0000]   p:Uniform   []
Oamp          id:  12  s:Log_Base2   b:[     -6.6439,       0.0000]   p:Gaussian   [0.35  0.035]

----- common model:  star_parameters
mass          derived (no id, space, bound)                           p:Gaussian   [0.83 0.01]

----- common model:  polynomial_trend

Include priors:  True

Reference Time Tref:  2452937.54737118

Dimensions =  33
Nwalkers =  132

Using threading pool for PyDE: True
PyDE running
Boundaries redefined after PyDE output
PyDE completed, it took         49.6 seconds

====================================================================================================
     Starting point of the sample/optimization routines    
====================================================================================================

----- dataset:  RVdata
jitter_0        13      1.075630 [    0.0010,    86.8606]
jitter_1        14      1.551114 [    0.0010,    86.8606]
offset_0        15  -10468.343120 [-20483.8688,  -460.9658]
offset_1        16  -10476.238520 [-20483.8688,  -460.9658]
offset_2        17  -10462.246347 [-20483.8688,  -460.9658]

----- dataset: RVdata                    ----- model: gp_multidimensional           
rot_amp         18      0.637563 [    0.0000,    20.0000]
con_amp         19     -1.669632 [  -20.0000,    20.0000]

----- dataset:  BISdata
jitter_0        20      0.025098 [    0.0019,   173.7212]
jitter_1        21      1.198358 [    0.0019,   173.7212]
offset_0        22    -59.257832 [-10061.1875,  9988.7962]
offset_1        23    -24.653692 [-10061.1875,  9988.7962]
offset_2        24    -12.473309 [-10061.1875,  9988.7962]

----- dataset: BISdata                   ----- model: gp_multidimensional           
rot_amp         25      3.637170 [  -20.0000,    20.0000]
con_amp         26     -0.747979 [  -20.0000,    20.0000]

----- dataset:  FWHMdata
jitter_0        27      2.022387 [    0.0019,   173.7212]
jitter_1        28      1.817255 [    0.0019,   173.7212]
offset_0        29   6629.440741 [-3377.7949, 16769.8504]
offset_1        30   6749.178688 [-3377.7949, 16769.8504]
offset_2        31   6767.716810 [-3377.7949, 16769.8504]

----- dataset: FWHMdata                  ----- model: gp_multidimensional           
con_amp         32     -4.478500 [  -50.0000,    50.0000]

----- common model:  b
P                0      3.837441 [    3.3219,     4.9069]
K                1      0.784038 [   -3.3219,     2.3219]
sre_coso         2     -0.490128 [   -1.0000,     1.0000]
sre_sino         3     -0.258143 [   -1.0000,     1.0000]
mean_long        4    217.267074 [   37.2671,   397.2671]

----- common model:  c
P                5      5.064049 [    4.9069,     5.4919]
K                6      0.970580 [   -3.3219,     2.3219]
sre_coso         7      0.522057 [   -1.0000,     1.0000]
sre_sino         8     -0.003519 [   -1.0000,     1.0000]
mean_long        9    314.863378 [  134.8634,   494.8634]

----- common model:  activity
Prot            10     20.556003 [   15.0000,    50.0000]
Pdec            11     41.112905 [   30.0000,  1000.0000]
Oamp            12     -1.148177 [   -6.6439,     0.0000]

----- common model:  star_parameters

----- common model:  polynomial_trend

====================================================================================================
     Starting point projected onto the model parameter space     
====================================================================================================

----- dataset:  RVdata
jitter_0              1.075630 
jitter_1              1.551114 
offset_0         -10468.343120 
offset_1         -10476.238520 
offset_2         -10462.246347 


----- dataset: RVdata                    ----- model: gp_multidimensional           
rot_amp               0.637563 
con_amp              -1.669632 

----- dataset:  BISdata
jitter_0              0.025098 
jitter_1              1.198358 
offset_0            -59.257832 
offset_1            -24.653692 
offset_2            -12.473309 


----- dataset: BISdata                   ----- model: gp_multidimensional           
rot_amp               3.637170 
con_amp              -0.747979 

----- dataset:  FWHMdata
jitter_0              2.022387 
jitter_1              1.817255 
offset_0           6629.440741 
offset_1           6749.178688 
offset_2           6767.716810 


----- dataset: FWHMdata                  ----- model: gp_multidimensional           
rot_amp                   0.00 
con_amp              -4.478500 

----- common model:  b
P                    14.295024 
K                     1.721944 
mean_long           217.267074 
e                     0.306863 
omega              -152.224891 

----- common model:  c
P                    33.452667 
K                     1.959628 
mean_long           314.863378 
e                     0.272556 
omega                -0.386224 

----- common model:  activity
Prot                 20.556003 
Pdec                 41.112905 
Oamp                  0.451195 

----- common model:  star_parameters

----- common model:  polynomial_trend

====================================================================================================
     Derived parameters obtained from starting point     
====================================================================================================

----- common model:  b
Inclination fixed to 90 deg!
M_Mj                  0.017437 
M_Me                  5.542978 
Tc              2452948.152795 
a_AU_(M)              0.108818 

----- common model:  c
Inclination fixed to 90 deg!
M_Mj                  0.026777 
M_Me                  8.512256 
Tc              2452947.235031 
a_AU_(M)              0.192328 


====================================================================================================
     Statistics on the log-likelihood     
====================================================================================================

 LN probability: -1830.817587 

====================================================================================================
     ------------------------------------------------------------------------------------------     
====================================================================================================



*************************************************************

Running emcee

emcee version:  3.1.6
Using threading pool for emcee: True


Computing the autocorrelation time of the chains

***** WARNING ******
The integrated autocorrelation time cannot be reliably estimated
likely the chains are too short, and ACF analysis is not fully reliable
emcee.autocorr.integrated_time tolerance lowered to 20
If you still get a warning, you should drop these results entirely
Chains too short to apply convergence criteria
They should be at least 3700*nthin = 74000

====================================================================================================
     Statistics on the posterior of the sampler parameters     
====================================================================================================

----- dataset:  RVdata
jitter_0        13          1.14        -0.14         0.17   (15-84 p)   [    0.0010,    86.8606]
jitter_1        14          1.61        -0.11         0.11   (15-84 p)   [    0.0010,    86.8606]
offset_0        15     -10468.21        -0.85         0.84   (15-84 p)   [-20483.8688,  -460.9658]
offset_1        16     -10476.19        -0.38         0.39   (15-84 p)   [-20483.8688,  -460.9658]
offset_2        17      -10462.3         -1.1          1.1   (15-84 p)   [-20483.8688,  -460.9658]

----- dataset: RVdata                    ----- model: gp_multidimensional           
rot_amp         18          0.74        -0.50         0.70   (15-84 p)   [    0.0000,    20.0000]
con_amp         19         -1.78        -0.20         0.18   (15-84 p)   [  -20.0000,    20.0000]

----- dataset:  BISdata
jitter_0        20         0.083       -0.056        0.068   (15-84 p)   [    0.0019,   173.7212]
jitter_1        21          1.25        -0.12         0.12   (15-84 p)   [    0.0019,   173.7212]
offset_0        22        -59.27        -0.37         0.36   (15-84 p)   [-10061.1875,  9988.7962]
offset_1        23        -24.65        -0.20         0.21   (15-84 p)   [-10061.1875,  9988.7962]
offset_2        24        -12.50        -0.84         0.83   (15-84 p)   [-10061.1875,  9988.7962]

----- dataset: BISdata                   ----- model: gp_multidimensional           
rot_amp         25          3.87        -0.48         0.52   (15-84 p)   [  -20.0000,    20.0000]
con_amp         26         -0.79        -0.12         0.11   (15-84 p)   [  -20.0000,    20.0000]

----- dataset:  FWHMdata
jitter_0        27          2.09        -0.24         0.29   (15-84 p)   [    0.0019,   173.7212]
jitter_1        28          1.76        -0.21         0.23   (15-84 p)   [    0.0019,   173.7212]
offset_0        29        6629.4         -2.2          2.2   (15-84 p)   [-3377.7949, 16769.8504]
offset_1        30       6749.25        -0.97         1.00   (15-84 p)   [-3377.7949, 16769.8504]
offset_2        31        6767.6         -2.5          2.5   (15-84 p)   [-3377.7949, 16769.8504]

----- dataset: FWHMdata                  ----- model: gp_multidimensional           
con_amp         32         -4.84        -0.50         0.44   (15-84 p)   [  -50.0000,    50.0000]

----- common model:  b
P                0       3.83744     -0.00017      0.00016   (15-84 p)   [    3.3219,     4.9069]
K                1          0.78        -0.14         0.14   (15-84 p)   [   -3.3219,     2.3219]
sre_coso         2        -0.472       -0.087         0.12   (15-84 p)   [   -1.0000,     1.0000]
sre_sino         3         -0.22        -0.15         0.19   (15-84 p)   [   -1.0000,     1.0000]
mean_long        4           218          -12           11   (15-84 p)   [   37.2671,   397.2671]

----- common model:  c
P                5       5.06384     -0.00062      0.00046   (15-84 p)   [    4.9069,     5.4919]
K                6          0.95        -0.12         0.11   (15-84 p)   [   -3.3219,     2.3219]
sre_coso         7          0.42        -0.20         0.13   (15-84 p)   [   -1.0000,     1.0000]
sre_sino         8         -0.01        -0.18         0.19   (15-84 p)   [   -1.0000,     1.0000]
mean_long        9           309          -18           14   (15-84 p)   [  134.8634,   494.8634]

----- common model:  activity
Prot            10         20.92        -0.62         0.83   (15-84 p)   [   15.0000,    50.0000]
Pdec            11          43.0         -1.6          1.9   (15-84 p)   [   30.0000,  1000.0000]
Oamp            12        -1.134       -0.091        0.086   (15-84 p)   [   -6.6439,     0.0000]

----- common model:  star_parameters

----- common model:  polynomial_trend

====================================================================================================
     Statistics on the model parameters obtained from the posteriors samples     
====================================================================================================

----- dataset:  RVdata
jitter_0                  1.14        -0.14         0.17    (15-84 p)
jitter_1                  1.61        -0.11         0.11    (15-84 p)
offset_0             -10468.21        -0.85         0.84    (15-84 p)
offset_1             -10476.19        -0.38         0.39    (15-84 p)
offset_2              -10462.3         -1.1          1.1    (15-84 p)


----- dataset: RVdata                    ----- model: gp_multidimensional           
rot_amp                   0.74        -0.50         0.70    (15-84 p)
con_amp                  -1.78        -0.20         0.18    (15-84 p)

----- dataset:  BISdata
jitter_0                 0.083       -0.056        0.068    (15-84 p)
jitter_1                  1.25        -0.12         0.12    (15-84 p)
offset_0                -59.27        -0.37         0.36    (15-84 p)
offset_1                -24.65        -0.20         0.21    (15-84 p)
offset_2                -12.50        -0.84         0.83    (15-84 p)


----- dataset: BISdata                   ----- model: gp_multidimensional           
rot_amp                   3.87        -0.48         0.52    (15-84 p)
con_amp                  -0.79        -0.12         0.11    (15-84 p)

----- dataset:  FWHMdata
jitter_0                  2.09        -0.24         0.29    (15-84 p)
jitter_1                  1.76        -0.21         0.23    (15-84 p)
offset_0                6629.4         -2.2          2.2    (15-84 p)
offset_1               6749.25        -0.97         1.00    (15-84 p)
offset_2                6767.6         -2.5          2.5    (15-84 p)


----- dataset: FWHMdata                  ----- model: gp_multidimensional           
rot_amp                   0.00                              [fixed]
con_amp                  -4.84        -0.50         0.44    (15-84 p)

----- common model:  b
P                      14.2950      -0.0017       0.0015    (15-84 p)
K                         1.72        -0.16         0.17    (15-84 p)
mean_long                  218          -12           11    (15-84 p)
e                        0.296       -0.082        0.063    (15-84 p)
omega                     -149          -19           30    (15-84 p)

----- common model:  c
P                       33.448       -0.014        0.011    (15-84 p)
K                         1.93        -0.16         0.16    (15-84 p)
mean_long                  309          -18           14    (15-84 p)
e                        0.201       -0.076         0.12    (15-84 p)
omega                       -1          -26           30    (15-84 p)

----- common model:  activity
Prot                     20.92        -0.62         0.83    (15-84 p)
Pdec                      43.0         -1.6          1.9    (15-84 p)
Oamp                     0.456       -0.028        0.028    (15-84 p)

----- common model:  star_parameters

----- common model:  polynomial_trend

====================================================================================================
     Statistics on the derived parameters obtained from the posteriors samples     
====================================================================================================

----- common model:  b
Inclination fixed to 90 deg!
Computing planetary mass under the approximation M_planet << M_star (threshold at 30.0 Me)
M_Mj                    0.0173      -0.0016       0.0016    (15-84 p)
M_Me                      5.51        -0.50         0.51    (15-84 p)
Tc                  2452948.01        -0.53         0.51    (15-84 p)
a_AU_(M)               0.10833     -0.00044      0.00043    (15-84 p)

----- common model:  c
Inclination fixed to 90 deg!
Computing planetary mass under the approximation M_planet << M_star (threshold at 30.0 Me)
M_Mj                    0.0262      -0.0021       0.0021    (15-84 p)
M_Me                      8.34        -0.68         0.68    (15-84 p)
Tc                   2452948.6         -2.2          2.8    (15-84 p)
a_AU_(M)               0.19092     -0.00077      0.00077    (15-84 p)


====================================================================================================
     ------------------------------------------------------------------------------------------     
====================================================================================================



emcee completed

