
:::---::: PyORBIT v10.11.2 :::---:::

Python version in use:
3.10.18 (main, Jun  5 2025, 13:14:17) [GCC 11.2.0]

reloaded_optimize:  False
reloaded_pyde:  False
reloaded_emcee:  False

number of multiprocessing threads: 20
multiprocessing method (should be fork):  fork

parameters/safe_reload flag (must be True for tinygp):  False

Opening:  RVdata
Opening:  BISdata
Opening:  FWHMdata
Adding common model of planet:  b
Adding common model of planet:  c
Using orbital model:  keplerian
Using orbital parametrization:  Eastman2013

Using orbital model:  keplerian
Using orbital parametrization:  Eastman2013

gp_multidimensional  S+LEAF model, number of harmonics: 4

GP model: gp_multidimensional  hyperparameters_condition:    True
GP model: gp_multidimensional  rotation_decay_condition:     True

====================================================================================================
     Ids, spaces (s), boundaries (b) and priors (p) of the sampler parameters     
====================================================================================================

----- dataset:  RVdata
jitter_0      id:  13  s:Linear      b:[      0.0010,     327.1074]   p:Uniform   []
offset_0      id:  14  s:Linear      b:[ -20483.8688,    -454.4246]   p:Uniform   []
offset_1      id:  15  s:Linear      b:[ -20483.8688,    -454.4246]   p:Uniform   []
offset_2      id:  16  s:Linear      b:[ -20483.8688,    -454.4246]   p:Uniform   []
offset_3      id:  17  s:Linear      b:[ -20483.8688,    -454.4246]   p:Uniform   []

----- dataset: RVdata                    ----- model: gp_multidimensional           
rot_amp       id:  18  s:Linear      b:[      0.0000,      20.0000]   p:Uniform   []
con_amp       id:  19  s:Linear      b:[    -20.0000,      20.0000]   p:Uniform   []

----- dataset:  BISdata
jitter_0      id:  20  s:Linear      b:[      0.0019,     654.2149]   p:Uniform   []
offset_0      id:  21  s:Linear      b:[ -10085.1209,    9992.9262]   p:Uniform   []
offset_1      id:  22  s:Linear      b:[ -10085.1209,    9992.9262]   p:Uniform   []
offset_2      id:  23  s:Linear      b:[ -10085.1209,    9992.9262]   p:Uniform   []
offset_3      id:  24  s:Linear      b:[ -10085.1209,    9992.9262]   p:Uniform   []

----- dataset: BISdata                   ----- model: gp_multidimensional           
rot_amp       id:  25  s:Linear      b:[    -20.0000,      20.0000]   p:Uniform   []
con_amp       id:  26  s:Linear      b:[    -20.0000,      20.0000]   p:Uniform   []

----- dataset:  FWHMdata
jitter_0      id:  27  s:Linear      b:[      0.0019,     654.2149]   p:Uniform   []
offset_0      id:  28  s:Linear      b:[  -3377.7949,   16775.0930]   p:Uniform   []
offset_1      id:  29  s:Linear      b:[  -3377.7949,   16775.0930]   p:Uniform   []
offset_2      id:  30  s:Linear      b:[  -3377.7949,   16775.0930]   p:Uniform   []
offset_3      id:  31  s:Linear      b:[  -3377.7949,   16775.0930]   p:Uniform   []

----- dataset: FWHMdata                  ----- model: gp_multidimensional           
con_amp       id:  32  s:Linear      b:[    -50.0000,      50.0000]   p:Uniform   []
rot_amp       derived (no id, space, bound)                           p:None   []

----- common model:  b
P             id:   0  s:Log_Base2   b:[      3.3219,       4.9069]   p:Uniform   []
K             id:   1  s:Log_Base2   b:[     -3.3219,       2.3219]   p:Uniform   []
sre_coso      id:   2  s:Linear      b:[     -1.0000,       1.0000]   p:Uniform   []
sre_sino      id:   3  s:Linear      b:[     -1.0000,       1.0000]   p:Uniform   []
mean_long     id:   4  s:Linear      b:[      0.0000,     360.0000]   p:Uniform   []
e             derived (no id, space, bound)                           p:Uniform   [0.  0.4]
omega         derived (no id, space, bound)                           p:Uniform   [0.0, 360.0]

----- common model:  c
P             id:   5  s:Log_Base2   b:[      4.9069,       5.4919]   p:Gaussian   [33.61  0.5 ]
K             id:   6  s:Log_Base2   b:[     -3.3219,       2.3219]   p:Uniform   []
sre_coso      id:   7  s:Linear      b:[     -1.0000,       1.0000]   p:Uniform   []
sre_sino      id:   8  s:Linear      b:[     -1.0000,       1.0000]   p:Uniform   []
mean_long     id:   9  s:Linear      b:[      0.0000,     360.0000]   p:Uniform   []
e             derived (no id, space, bound)                           p:ModifiedJeffreys   [0.3 0.1]
omega         derived (no id, space, bound)                           p:Uniform   [0.0, 360.0]

----- common model:  activity
Prot          id:  10  s:Linear      b:[     15.0000,      50.0000]   p:Gaussian   [20.  1.]
Pdec          id:  11  s:Linear      b:[     30.0000,    1000.0000]   p:Uniform   []
Oamp          id:  12  s:Log_Base2   b:[     -6.6439,       0.0000]   p:Gaussian   [0.35  0.035]

----- common model:  star_parameters
mass          derived (no id, space, bound)                           p:Gaussian   [0.83 0.01]

Include priors:  True

Reference Time Tref:  2452937.54737118

Dimensions =  33
Nwalkers =  132

Using threading pool for PyDE: True
PyDE running
Boundaries redefined after PyDE output
PyDE completed, it took        177.6 seconds

====================================================================================================
     Starting point of the sample/optimization routines    
====================================================================================================

----- dataset:  RVdata
jitter_0        13      1.811729 [    0.0010,   327.1074]
offset_0        14  -8498.786951 [-20483.8688,  -454.4246]
offset_1        15  -10467.449698 [-20483.8688,  -454.4246]
offset_2        16  -10476.495453 [-20483.8688,  -454.4246]
offset_3        17  -10460.806957 [-20483.8688,  -454.4246]

----- dataset: RVdata                    ----- model: gp_multidimensional           
rot_amp         18      1.378327 [    0.0000,    20.0000]
con_amp         19      3.123477 [  -20.0000,    20.0000]

----- dataset:  BISdata
jitter_0        20      2.299806 [    0.0019,   654.2149]
offset_0        21     -7.218786 [-10085.1209,  9992.9262]
offset_1        22    -60.207383 [-10085.1209,  9992.9262]
offset_2        23    -25.391032 [-10085.1209,  9992.9262]
offset_3        24    -11.400570 [-10085.1209,  9992.9262]

----- dataset: BISdata                   ----- model: gp_multidimensional           
rot_amp         25      0.833509 [  -20.0000,    20.0000]
con_amp         26     -1.989416 [  -20.0000,    20.0000]

----- dataset:  FWHMdata
jitter_0        27      0.657134 [    0.0019,   654.2149]
offset_0        28   7064.180032 [-3377.7949, 16775.0930]
offset_1        29   6633.756397 [-3377.7949, 16775.0930]
offset_2        30   6749.230788 [-3377.7949, 16775.0930]
offset_3        31   6768.600874 [-3377.7949, 16775.0930]

----- dataset: FWHMdata                  ----- model: gp_multidimensional           
con_amp         32     14.319327 [  -50.0000,    50.0000]

----- common model:  b
P                0      3.837656 [    3.3219,     4.9069]
K                1      1.068221 [   -3.3219,     2.3219]
sre_coso         2     -0.538480 [   -1.0000,     1.0000]
sre_sino         3      0.283299 [   -1.0000,     1.0000]
mean_long        4    227.549684 [   47.5497,   407.5497]

----- common model:  c
P                5      5.063325 [    4.9069,     5.4919]
K                6      0.796072 [   -3.3219,     2.3219]
sre_coso         7      0.455339 [   -1.0000,     1.0000]
sre_sino         8     -0.202614 [   -1.0000,     1.0000]
mean_long        9    295.485620 [  115.4856,   475.4856]

----- common model:  activity
Prot            10     15.000012 [   15.0000,    50.0000]
Pdec            11     30.000366 [   30.0000,  1000.0000]
Oamp            12     -2.005844 [   -6.6439,     0.0000]

----- common model:  star_parameters

====================================================================================================
     Starting point projected onto the model parameter space     
====================================================================================================

----- dataset:  RVdata
jitter_0              1.811729 
offset_0          -8498.786951 
offset_1         -10467.449698 
offset_2         -10476.495453 
offset_3         -10460.806957 


----- dataset: RVdata                    ----- model: gp_multidimensional           
rot_amp               1.378327 
con_amp               3.123477 

----- dataset:  BISdata
jitter_0              2.299806 
offset_0             -7.218786 
offset_1            -60.207383 
offset_2            -25.391032 
offset_3            -11.400570 


----- dataset: BISdata                   ----- model: gp_multidimensional           
rot_amp               0.833509 
con_amp              -1.989416 

----- dataset:  FWHMdata
jitter_0              0.657134 
offset_0           7064.180032 
offset_1           6633.756397 
offset_2           6749.230788 
offset_3           6768.600874 


----- dataset: FWHMdata                  ----- model: gp_multidimensional           
rot_amp                   0.00 
con_amp              14.319327 

----- common model:  b
P                    14.297151 
K                     2.096846 
mean_long           227.549684 
e                     0.370219 
omega               152.250707 

----- common model:  c
P                    33.435876 
K                     1.736367 
mean_long           295.485620 
e                     0.248386 
omega               -23.987758 

----- common model:  activity
Prot                 15.000012 
Pdec                 30.000366 
Oamp                  0.248989 

----- common model:  star_parameters

====================================================================================================
     Derived parameters obtained from starting point     
====================================================================================================

----- common model:  b
Inclination fixed to 90 deg!
M_Mj                  0.020563 
M_Me                  6.536701 
Tc              2452947.676484 
a_AU_(M)              0.108402 

----- common model:  c
Inclination fixed to 90 deg!
M_Mj                  0.023781 
M_Me                  7.559924 
Tc              2452949.310231 
a_AU_(M)              0.191853 


====================================================================================================
     Statistics on the log-likelihood     
====================================================================================================

 LN probability: -3106.663041 

====================================================================================================
     ------------------------------------------------------------------------------------------     
====================================================================================================



*************************************************************

Running emcee

emcee version:  3.1.6
Using threading pool for emcee: True

